ARM Linker, 5.02 [Build 28] [MDK-ARM Lite]

==============================================================================

Section Cross References

    main.o(i.main) refers to recognize.o(i.initGUI) for initGUI
    main.o(i.main) refers to recognize.o(i.touchMain) for touchMain
    lcd.o(i.Draw_Circle) refers to lcd.o(i.LCD_DrawPoint) for LCD_DrawPoint
    lcd.o(i.LCD_Bargraph) refers to lcd.o(i.wr_reg) for wr_reg
    lcd.o(i.LCD_Bargraph) refers to lcd.o(i.LCD_SetCursor) for LCD_SetCursor
    lcd.o(i.LCD_Bargraph) refers to lcd.o(i.wr_cmd) for wr_cmd
    lcd.o(i.LCD_Bargraph) refers to lcd.o(i.wr_dat_start) for wr_dat_start
    lcd.o(i.LCD_Bargraph) refers to lcd.o(i.wr_dat_only) for wr_dat_only
    lcd.o(i.LCD_Bargraph) refers to lcd.o(i.wr_dat_stop) for wr_dat_stop
    lcd.o(i.LCD_Bargraph) refers to lcd.o(.data) for BackColor
    lcd.o(i.LCD_Bitmap) refers to lcd.o(i.wr_reg) for wr_reg
    lcd.o(i.LCD_Bitmap) refers to lcd.o(i.wr_cmd) for wr_cmd
    lcd.o(i.LCD_Bitmap) refers to lcd.o(i.wr_dat_start) for wr_dat_start
    lcd.o(i.LCD_Bitmap) refers to lcd.o(i.wr_dat_only) for wr_dat_only
    lcd.o(i.LCD_Bitmap) refers to lcd.o(i.wr_dat_stop) for wr_dat_stop
    lcd.o(i.LCD_Bmp) refers to lcd.o(i.wr_reg) for wr_reg
    lcd.o(i.LCD_Bmp) refers to lcd.o(i.wr_cmd) for wr_cmd
    lcd.o(i.LCD_Bmp) refers to lcd.o(i.wr_dat_start) for wr_dat_start
    lcd.o(i.LCD_Bmp) refers to lcd.o(i.wr_dat_only) for wr_dat_only
    lcd.o(i.LCD_Bmp) refers to lcd.o(i.wr_dat_stop) for wr_dat_stop
    lcd.o(i.LCD_Clear) refers to lcd.o(i.LCD_WindowMax) for LCD_WindowMax
    lcd.o(i.LCD_Clear) refers to lcd.o(i.LCD_SetCursor) for LCD_SetCursor
    lcd.o(i.LCD_Clear) refers to lcd.o(i.wr_cmd) for wr_cmd
    lcd.o(i.LCD_Clear) refers to lcd.o(i.wr_dat_start) for wr_dat_start
    lcd.o(i.LCD_Clear) refers to lcd.o(i.wr_dat_only) for wr_dat_only
    lcd.o(i.LCD_Clear) refers to lcd.o(i.wr_dat_stop) for wr_dat_stop
    lcd.o(i.LCD_ClearLn) refers to lcd.o(i.LCD_WindowMax) for LCD_WindowMax
    lcd.o(i.LCD_ClearLn) refers to lcd.o(i.LCD_DisplayString) for LCD_DisplayString
    lcd.o(i.LCD_Clear_Area) refers to lcd.o(i.LCD_SetCursor) for LCD_SetCursor
    lcd.o(i.LCD_Clear_Area) refers to lcd.o(i.wr_cmd) for wr_cmd
    lcd.o(i.LCD_Clear_Area) refers to lcd.o(i.wr_dat_start) for wr_dat_start
    lcd.o(i.LCD_Clear_Area) refers to lcd.o(i.wr_dat_only) for wr_dat_only
    lcd.o(i.LCD_Clear_Area) refers to lcd.o(i.wr_dat_stop) for wr_dat_stop
    lcd.o(i.LCD_DisplayChar) refers to lcd.o(i.LCD_DrawChar) for LCD_DrawChar
    lcd.o(i.LCD_DisplayChar) refers to lcd.o(.constdata) for Font_24x16
    lcd.o(i.LCD_DisplayString) refers to lcd.o(i.LCD_WindowMax) for LCD_WindowMax
    lcd.o(i.LCD_DisplayString) refers to lcd.o(i.LCD_DisplayChar) for LCD_DisplayChar
    lcd.o(i.LCD_DrawChar) refers to lcd.o(i.wr_reg) for wr_reg
    lcd.o(i.LCD_DrawChar) refers to lcd.o(i.LCD_SetCursor) for LCD_SetCursor
    lcd.o(i.LCD_DrawChar) refers to lcd.o(i.wr_cmd) for wr_cmd
    lcd.o(i.LCD_DrawChar) refers to lcd.o(i.wr_dat_start) for wr_dat_start
    lcd.o(i.LCD_DrawChar) refers to lcd.o(i.wr_dat_only) for wr_dat_only
    lcd.o(i.LCD_DrawChar) refers to lcd.o(i.wr_dat_stop) for wr_dat_stop
    lcd.o(i.LCD_DrawChar) refers to lcd.o(.data) for BackColor
    lcd.o(i.LCD_DrawLine) refers to lcd.o(i.LCD_DrawPoint) for LCD_DrawPoint
    lcd.o(i.LCD_DrawPoint) refers to lcd.o(i.LCD_WindowMax) for LCD_WindowMax
    lcd.o(i.LCD_DrawPoint) refers to lcd.o(i.LCD_SetCursor) for LCD_SetCursor
    lcd.o(i.LCD_DrawPoint) refers to lcd.o(i.wr_cmd) for wr_cmd
    lcd.o(i.LCD_DrawPoint) refers to lcd.o(i.wr_dat_start) for wr_dat_start
    lcd.o(i.LCD_DrawPoint) refers to lcd.o(i.wr_dat_only) for wr_dat_only
    lcd.o(i.LCD_DrawPoint) refers to lcd.o(i.wr_dat_stop) for wr_dat_stop
    lcd.o(i.LCD_DrawPoint) refers to lcd.o(.data) for POINT_COLOR
    lcd.o(i.LCD_DrawPoint1) refers to lcd.o(i.LCD_WindowMax) for LCD_WindowMax
    lcd.o(i.LCD_DrawPoint1) refers to lcd.o(i.LCD_SetCursor) for LCD_SetCursor
    lcd.o(i.LCD_DrawPoint1) refers to lcd.o(i.wr_cmd) for wr_cmd
    lcd.o(i.LCD_DrawPoint1) refers to lcd.o(i.wr_dat_start) for wr_dat_start
    lcd.o(i.LCD_DrawPoint1) refers to lcd.o(i.wr_dat_only) for wr_dat_only
    lcd.o(i.LCD_DrawPoint1) refers to lcd.o(i.wr_dat_stop) for wr_dat_stop
    lcd.o(i.LCD_DrawRectangle) refers to lcd.o(i.LCD_DrawLine) for LCD_DrawLine
    lcd.o(i.LCD_Fill) refers to lcd.o(i.wr_reg) for wr_reg
    lcd.o(i.LCD_Fill) refers to lcd.o(i.LCD_SetCursor) for LCD_SetCursor
    lcd.o(i.LCD_Fill) refers to lcd.o(i.LCD_WriteRAM_Prepare) for LCD_WriteRAM_Prepare
    lcd.o(i.LCD_Fill) refers to lcd.o(i.wr_dat_start) for wr_dat_start
    lcd.o(i.LCD_Fill) refers to lcd.o(i.wr_dat_only) for wr_dat_only
    lcd.o(i.LCD_Init) refers to lcd.o(i.delay) for delay
    lcd.o(i.LCD_Init) refers to lcd.o(i.rd_reg) for rd_reg
    lcd.o(i.LCD_Init) refers to lcd.o(i.wr_reg) for wr_reg
    lcd.o(i.LCD_Init) refers to lcd.o(.data) for DeviceCode
[...]
    lcd_touch.o(i.Touch_Adjust) refers to dfltui.o(.text) for __aeabi_ui2d
    lcd_touch.o(i.Touch_Adjust) refers to sqrt.o(i.sqrt) for sqrt
    lcd_touch.o(i.Touch_Adjust) refers to dfixui.o(.text) for __aeabi_d2uiz
    lcd_touch.o(i.Touch_Adjust) refers to ffltui.o(.text) for __aeabi_ui2f
    lcd_touch.o(i.Touch_Adjust) refers to fdiv.o(.text) for __aeabi_fdiv
    lcd_touch.o(i.Touch_Adjust) refers to f2d.o(.text) for __aeabi_f2d
    lcd_touch.o(i.Touch_Adjust) refers to cdcmple.o(.text) for __aeabi_cdcmple
    lcd_touch.o(i.Touch_Adjust) refers to cdrcmple.o(.text) for __aeabi_cdrcmple
    lcd_touch.o(i.Touch_Adjust) refers to fflti.o(.text) for __aeabi_i2f
    lcd_touch.o(i.Touch_Adjust) refers to fmul.o(.text) for __aeabi_fmul
    lcd_touch.o(i.Touch_Adjust) refers to fadd.o(.text) for __aeabi_frsub
    lcd_touch.o(i.Touch_Adjust) refers to ffixi.o(.text) for __aeabi_f2iz
    lcd_touch.o(i.Touch_Adjust) refers to lcd.o(.data) for POINT_COLOR
    lcd_touch.o(i.Touch_Adjust) refers to lcd_touch.o(.bss) for Pen_Point
    lcd_touch.o(i.Touch_Adjust) refers to lcd.o(i.LCD_ShowString) for LCD_ShowString
    lcd_touch.o(i.Touch_Adjust) refers to lcd_touch.o(i.delay_ms) for delay_ms
    lcd_touch.o(i.Touch_Init) refers to lcd_touch.o(i.Read_ADS) for Read_ADS
    lcd_touch.o(i.Touch_Init) refers to lcd_touch.o(i.EINTInit) for EINTInit
    lcd_touch.o(i.Touch_Init) refers to lcd.o(i.LCD_Clear) for LCD_Clear
    lcd_touch.o(i.Touch_Init) refers to i2c.o(i.I2CInit) for I2CInit
    lcd_touch.o(i.Touch_Init) refers to lcd_touch.o(i.Get_Adjdata) for Get_Adjdata
    lcd_touch.o(i.Touch_Init) refers to lcd_touch.o(i.Touch_Adjust) for Touch_Adjust
    lcd_touch.o(i.Touch_Init) refers to lcd_touch.o(i.Save_Adjdata) for Save_Adjdata
    lcd_touch.o(i.Touch_Init) refers to lcd_touch.o(.bss) for Pen_Point
    lcd_touch.o(i.delay_ms) refers to lcd_touch.o(i.delay_us) for delay_us
    i2c.o(i.I2C0_IRQHandler) refers to i2c.o(i.Delay) for Delay
    i2c.o(i.I2C0_IRQHandler) refers to i2c.o(.data) for I2C_suba_en
    i2c.o(i.I2C_ReadNByte) refers to i2c.o(i.Delay) for Delay
    i2c.o(i.I2C_ReadNByte) refers to i2c.o(.data) for I2C_sla
    i2c.o(i.I2C_WriteNByte) refers to i2c.o(i.Delay) for Delay
    i2c.o(i.I2C_WriteNByte) refers to i2c.o(.data) for I2C_sla
    recognize.o(i.KEY_Scan) refers to recognize.o(i.delay1ms) for delay1ms
    recognize.o(i.LCD_ShowStr) refers to lcd.o(i.LCD_Clear) for LCD_Clear
    recognize.o(i.LCD_ShowStr) refers to lcd.o(i.LCD_ShowChar) for LCD_ShowChar
    recognize.o(i.LCD_ShowStr) refers to lcd.o(.data) for POINT_COLOR
    recognize.o(i.choose_Pen_Color) refers to lcd.o(i.LCD_Clear_Area) for LCD_Clear_Area
    recognize.o(i.choose_Pen_Color) refers to lcd_touch.o(.bss) for Pen_Point
    recognize.o(i.choose_Pen_Color) refers to lcd.o(.data) for POINT_COLOR
    recognize.o(i.choose_Pen_Color) refers to recognize.o(.data) for point
    recognize.o(i.getNewArr) refers to recognize.o(i.minArr) for minArr
    recognize.o(i.getNewArr) refers to recognize.o(i.maxArr) for maxArr
    recognize.o(i.getNewArr) refers to printf1.o(i.__0printf$1) for __2printf
    recognize.o(i.getNewArr) refers to recognize.o(.data) for point
    recognize.o(i.getNum) refers to recognize.o(i.minArr) for minArr
    recognize.o(i.getNum) refers to recognize.o(i.maxArr) for maxArr
    recognize.o(i.getNum) refers to printf1.o(i.__0printf$1) for __2printf
    recognize.o(i.getNum) refers to recognize.o(.data) for point
    recognize.o(i.getNum) refers to recognize.o(.bss) for x
    recognize.o(i.getPointNum) refers to recognize.o(i.maxArr) for maxArr
    recognize.o(i.getPointNum) refers to recognize.o(i.minArr) for minArr
    recognize.o(i.getPointNum) refers to printf1.o(i.__0printf$1) for __2printf
    recognize.o(i.getPointNum) refers to recognize.o(.data) for point
    recognize.o(i.getPointNum) refers to recognize.o(.bss) for x
    recognize.o(i.getXY) refers to recognize.o(.data) for point
    recognize.o(i.getXY) refers to recognize.o(.bss) for x
    recognize.o(i.getXY) refers to lcd_touch.o(.bss) for Pen_Point
    recognize.o(i.initGUI) refers to recognize.o(i.uart) for uart
    recognize.o(i.initGUI) refers to system_lpc17xx.o(i.SystemInit) for SystemInit
    recognize.o(i.initGUI) refers to lcd_touch.o(i.EINTInit) for EINTInit
    recognize.o(i.initGUI) refers to lcd.o(i.LCD_Init) for LCD_Init
    recognize.o(i.initGUI) refers to lcd.o(i.LCD_ShowString) for LCD_ShowString
    recognize.o(i.initGUI) refers to lcd_touch.o(i.Touch_Init) for Touch_Init
    recognize.o(i.initGUI) refers to recognize.o(i.LCD_ShowStr) for LCD_ShowStr
    recognize.o(i.initGUI) refers to recognize.o(i.init_Color_Area_Diy) for init_Color_Area_Diy
    recognize.o(i.initGUI) refers to recognize.o(.data) for rectangle_size
    recognize.o(i.init_Color_Area) refers to lcd.o(i.LCD_DrawRectangle) for LCD_DrawRectangle
    recognize.o(i.init_Color_Area) refers to lcd.o(.data) for POINT_COLOR
    recognize.o(i.init_Color_Area_Diy) refers to recognize.o(i.init_Color_Area) for init_Color_Area
    recognize.o(i.load_Drow_Dialog) refers to lcd.o(i.LCD_Clear) for LCD_Clear
    recognize.o(i.load_Drow_Dialog) refers to lcd.o(i.LCD_ShowString) for LCD_ShowString
    recognize.o(i.load_Drow_Dialog) refers to lcd.o(.data) for POINT_COLOR
    recognize.o(i.touchMain) refers to lcd.o(i.LCD_Clear) for LCD_Clear
    recognize.o(i.touchMain) refers to lcd_touch.o(i.Touch_Adjust) for Touch_Adjust
    recognize.o(i.touchMain) refers to lcd_touch.o(i.Save_Adjdata) for Save_Adjdata
    recognize.o(i.touchMain) refers to recognize.o(i.load_Drow_Dialog) for load_Drow_Dialog
    recognize.o(i.touchMain) refers to recognize.o(i.KEY_Scan) for KEY_Scan
    recognize.o(i.touchMain) refers to lcd_touch.o(i.Pen_Int_Set) for Pen_Int_Set
    recognize.o(i.touchMain) refers to lcd_touch.o(i.Convert_Pos) for Convert_Pos
    recognize.o(i.touchMain) refers to recognize.o(i.choose_Pen_Color) for choose_Pen_Color
    recognize.o(i.touchMain) refers to lcd_touch.o(i.Draw_Big_Point) for Draw_Big_Point
    recognize.o(i.touchMain) refers to recognize.o(i.getXY) for getXY
    recognize.o(i.touchMain) refers to recognize.o(i.delay1ms) for delay1ms
    recognize.o(i.touchMain) refers to recognize.o(i.getNum) for getNum
    recognize.o(i.touchMain) refers to printf1.o(i.__0printf$1) for __2printf
    recognize.o(i.touchMain) refers to lcd.o(i.LCD_ShowNum) for LCD_ShowNum
    recognize.o(i.touchMain) refers to recognize.o(.data) for key
    recognize.o(i.touchMain) refers to lcd_touch.o(.bss) for Pen_Point
    recognize.o(i.uart) refers to uart.o(i.UART2_Init) for UART2_Init
    recognize.o(i.uart) refers to uart.o(i.UART0_Init) for UART0_Init
    bayes.o(i.p1) refers to fflti.o(.text) for __aeabi_i2f
    bayes.o(i.p2) refers to fflti.o(.text) for __aeabi_i2f
    bayes.o(i.p2) refers to fdiv.o(.text) for __aeabi_fdiv
    bayes.o(i.p2) refers to f2d.o(.text) for __aeabi_f2d
    bayes.o(i.p3) refers to bayes.o(i.p2) for p2
    bayes.o(i.p3) refers to dmul.o(.text) for __aeabi_dmul
    bayes.o(i.p4) refers to bayes.o(i.p3) for p3
    bayes.o(i.p4) refers to bayes.o(i.p1) for p1
    bayes.o(i.p4) refers to f2d.o(.text) for __aeabi_f2d
    bayes.o(i.p4) refers to dmul.o(.text) for __aeabi_dmul
    bayes.o(i.p4) refers to dadd.o(.text) for __aeabi_dadd
    bayes.o(i.p4) refers to ddiv.o(.text) for __aeabi_ddiv
    uart.o(i.UART0_Init) refers to uart.o(i.uart0_set_divisors) for uart0_set_divisors
    uart.o(i.UART0_Init) refers to system_lpc17xx.o(.data) for SystemCoreClock
    uart.o(i.UART0_SendChar) refers to uart.o(i.UART0_SendByte) for UART0_SendByte
    uart.o(i.UART0_SendString) refers to uart.o(i.UART0_SendByte) for UART0_SendByte
    uart.o(i.UART2_Init) refers to uart.o(i.uart2_set_divisors) for uart2_set_divisors
    uart.o(i.UART2_Init) refers to system_lpc17xx.o(.data) for SystemCoreClock
    uart.o(i.UART2_SendString) refers to uart.o(i.UART2_SendByte) for UART2_SendByte
    uart.o(i.UARTInit) refers to system_lpc17xx.o(.data) for SystemCoreClock
    uart.o(i.getkey) refers to uart.o(i.UART0_GetChar) for UART0_GetChar
    uart.o(i.sendchar) refers to uart.o(i.UART0_SendByte) for UART0_SendByte
    retarget.o(i._ttywrch) refers to uart.o(i.sendchar) for sendchar
    retarget.o(i.fgetc) refers to uart.o(i.getkey) for getkey
    retarget.o(i.fgetc) refers to uart.o(i.sendchar) for sendchar
    retarget.o(i.fputc) refers to uart.o(i.sendchar) for sendchar
    startup_lpc17xx.o(RESET) refers to startup_lpc17xx.o(STACK) for __initial_sp
    startup_lpc17xx.o(RESET) refers to startup_lpc17xx.o(.text) for Reset_Handler
    startup_lpc17xx.o(RESET) refers to i2c.o(i.I2C0_IRQHandler) for I2C0_IRQHandler
    startup_lpc17xx.o(RESET) refers to lcd_touch.o(i.EINT3_IRQHandler) for EINT3_IRQHandler
    startup_lpc17xx.o(.text) refers to system_lpc17xx.o(i.SystemInit) for SystemInit
    startup_lpc17xx.o(.text) refers to entry.o(.ARM.Collect$$$$00000000) for __main
    system_lpc17xx.o(i.SystemCoreClockUpdate) refers to system_lpc17xx.o(.data) for SystemCoreClock
    sqrt.o(i.__softfp_sqrt) refers (Special) to iusefp.o(.text) for __I$use$fp
    sqrt.o(i.__softfp_sqrt) refers to dsqrt.o(.text) for _dsqrt
    sqrt.o(i.__softfp_sqrt) refers to errno.o(i.__set_errno) for __set_errno
    sqrt.o(i.sqrt) refers (Special) to iusefp.o(.text) for __I$use$fp
    sqrt.o(i.sqrt) refers to dsqrt.o(.text) for _dsqrt
    sqrt.o(i.sqrt) refers to errno.o(i.__set_errno) for __set_errno
    sqrt_x.o(i.____softfp_sqrt$lsc) refers (Special) to iusefp.o(.text) for __I$use$fp
    sqrt_x.o(i.____softfp_sqrt$lsc) refers to cdcmple.o(.text) for __aeabi_cdcmple
    sqrt_x.o(i.____softfp_sqrt$lsc) refers to errno.o(i.__set_errno) for __set_errno
    sqrt_x.o(i.____softfp_sqrt$lsc) refers to dsqrt.o(.text) for _dsqrt
    sqrt_x.o(i.__sqrt$lsc) refers (Special) to iusefp.o(.text) for __I$use$fp
    sqrt_x.o(i.__sqrt$lsc) refers to cdcmple.o(.text) for __aeabi_cdcmple
    sqrt_x.o(i.__sqrt$lsc) refers to errno.o(i.__set_errno) for __set_errno
    sqrt_x.o(i.__sqrt$lsc) refers to dsqrt.o(.text) for _dsqrt
    entry.o(.ARM.Collect$$$$00000000) refers (Special) to entry7b.o(.ARM.Collect$$$$00000008) for _main_clock
    entry.o(.ARM.Collect$$$$00000000) refers (Special) to entry8.o(.ARM.Collect$$$$00000009) for _main_init
    entry.o(.ARM.Collect$$$$00000000) refers (Special) to entry5.o(.ARM.Collect$$$$00000004) for _main_scatterload
    entry.o(.ARM.Collect$$$$00000000) refers (Special) to entry2.o(.ARM.Collect$$$$00000001) for _main_stk
    printfb.o(i.__0fprintf$bare) refers to printfb.o(i._printf_core) for _printf_core
    printfb.o(i.__0fprintf$bare) refers to retarget.o(i.fputc) for fputc
    printfb.o(i.__0printf$bare) refers to printfb.o(i._printf_core) for _printf_core
    printfb.o(i.__0printf$bare) refers to retarget.o(i.fputc) for fputc
    printfb.o(i.__0printf$bare) refers to retarget.o(.data) for __stdout
    printfb.o(i.__0snprintf$bare) refers to printfb.o(i._printf_core) for _printf_core
    printfb.o(i.__0snprintf$bare) refers to printfb.o(i._snputc) for _snputc
    printfb.o(i.__0sprintf$bare) refers to printfb.o(i._printf_core) for _printf_core
    printfb.o(i.__0sprintf$bare) refers to printfb.o(i._sputc) for _sputc
    printfb.o(i.__0vfprintf$bare) refers to printfb.o(i._printf_core) for _printf_core
    printfb.o(i.__0vfprintf$bare) refers to retarget.o(i.fputc) for fputc
    printfb.o(i.__0vprintf$bare) refers to printfb.o(i._printf_core) for _printf_core
    printfb.o(i.__0vprintf$bare) refers to retarget.o(i.fputc) for fputc
    printfb.o(i.__0vprintf$bare) refers to retarget.o(.data) for __stdout
    printfb.o(i.__0vsnprintf$bare) refers to printfb.o(i._printf_core) for _printf_core
    printfb.o(i.__0vsnprintf$bare) refers to printfb.o(i._snputc) for _snputc
    printfb.o(i.__0vsprintf$bare) refers to printfb.o(i._printf_core) for _printf_core
    printfb.o(i.__0vsprintf$bare) refers to printfb.o(i._sputc) for _sputc
    printf0.o(i.__0fprintf$0) refers to printf0.o(i._printf_core) for _printf_core
    printf0.o(i.__0fprintf$0) refers to retarget.o(i.fputc) for fputc
    printf0.o(i.__0printf$0) refers to printf0.o(i._printf_core) for _printf_core
    printf0.o(i.__0printf$0) refers to retarget.o(i.fputc) for fputc
    printf0.o(i.__0printf$0) refers to retarget.o(.data) for __stdout
    printf0.o(i.__0snprintf$0) refers to printf0.o(i._printf_core) for _printf_core
    printf0.o(i.__0snprintf$0) refers to printf0.o(i._snputc) for _snputc
    printf0.o(i.__0sprintf$0) refers to printf0.o(i._printf_core) for _printf_core
    printf0.o(i.__0sprintf$0) refers to printf0.o(i._sputc) for _sputc
    printf0.o(i.__0vfprintf$0) refers to printf0.o(i._printf_core) for _printf_core
    printf0.o(i.__0vfprintf$0) refers to retarget.o(i.fputc) for fputc
    printf0.o(i.__0vprintf$0) refers to printf0.o(i._printf_core) for _printf_core
    printf0.o(i.__0vprintf$0) refers to retarget.o(i.fputc) for fputc
    printf0.o(i.__0vprintf$0) refers to retarget.o(.data) for __stdout
    printf0.o(i.__0vsnprintf$0) refers to printf0.o(i._printf_core) for _printf_core
    printf0.o(i.__0vsnprintf$0) refers to printf0.o(i._snputc) for _snputc
    printf0.o(i.__0vsprintf$0) refers to printf0.o(i._printf_core) for _printf_core
    printf0.o(i.__0vsprintf$0) refers to printf0.o(i._sputc) for _sputc
    printf1.o(i.__0fprintf$1) refers to printf1.o(i._printf_core) for _printf_core
    printf1.o(i.__0fprintf$1) refers to retarget.o(i.fputc) for fputc
    printf1.o(i.__0printf$1) refers to printf1.o(i._printf_core) for _printf_core
    printf1.o(i.__0printf$1) refers to retarget.o(i.fputc) for fputc
    printf1.o(i.__0printf$1) refers to retarget.o(.data) for __stdout
    printf1.o(i.__0snprintf$1) refers to printf1.o(i._printf_core) for _printf_core
    printf1.o(i.__0snprintf$1) refers to printf1.o(i._snputc) for _snputc
    printf1.o(i.__0sprintf$1) refers to printf1.o(i._printf_core) for _printf_core
    printf1.o(i.__0sprintf$1) refers to printf1.o(i._sputc) for _sputc
    printf1.o(i.__0vfprintf$1) refers to printf1.o(i._printf_core) for _printf_core
    printf1.o(i.__0vfprintf$1) refers to retarget.o(i.fputc) for fputc
    printf1.o(i.__0vprintf$1) refers to printf1.o(i._printf_core) for _printf_core
    printf1.o(i.__0vprintf$1) refers to retarget.o(i.fputc) for fputc
    printf1.o(i.__0vprintf$1) refers to retarget.o(.data) for __stdout
    printf1.o(i.__0vsnprintf$1) refers to printf1.o(i._printf_core) for _printf_core
    printf1.o(i.__0vsnprintf$1) refers to printf1.o(i._snputc) for _snputc
    printf1.o(i.__0vsprintf$1) refers to printf1.o(i._printf_core) for _printf_core
    printf1.o(i.__0vsprintf$1) refers to printf1.o(i._sputc) for _sputc
    printf1.o(i._printf_core) refers to uidiv.o(.text) for __aeabi_uidivmod
    printf2.o(i.__0fprintf$2) refers to printf2.o(i._printf_core) for _printf_core
    printf2.o(i.__0fprintf$2) refers to retarget.o(i.fputc) for fputc
    printf2.o(i.__0printf$2) refers to printf2.o(i._printf_core) for _printf_core
    printf2.o(i.__0printf$2) refers to retarget.o(i.fputc) for fputc
    printf2.o(i.__0printf$2) refers to retarget.o(.data) for __stdout
    printf2.o(i.__0snprintf$2) refers to printf2.o(i._printf_core) for _printf_core
    printf2.o(i.__0snprintf$2) refers to printf2.o(i._snputc) for _snputc
    printf2.o(i.__0sprintf$2) refers to printf2.o(i._printf_core) for _printf_core
    printf2.o(i.__0sprintf$2) refers to printf2.o(i._sputc) for _sputc
    printf2.o(i.__0vfprintf$2) refers to printf2.o(i._printf_core) for _printf_core
    printf2.o(i.__0vfprintf$2) refers to retarget.o(i.fputc) for fputc
    printf2.o(i.__0vprintf$2) refers to printf2.o(i._printf_core) for _printf_core
    printf2.o(i.__0vprintf$2) refers to retarget.o(i.fputc) for fputc
    printf2.o(i.__0vprintf$2) refers to retarget.o(.data) for __stdout
    printf2.o(i.__0vsnprintf$2) refers to printf2.o(i._printf_core) for _printf_core
    printf2.o(i.__0vsnprintf$2) refers to printf2.o(i._snputc) for _snputc
    printf2.o(i.__0vsprintf$2) refers to printf2.o(i._printf_core) for _printf_core
    printf2.o(i.__0vsprintf$2) refers to printf2.o(i._sputc) for _sputc
    printf3.o(i.__0fprintf$3) refers to printf3.o(i._printf_core) for _printf_core
    printf3.o(i.__0fprintf$3) refers to retarget.o(i.fputc) for fputc
    printf3.o(i.__0printf$3) refers to printf3.o(i._printf_core) for _printf_core
    printf3.o(i.__0printf$3) refers to retarget.o(i.fputc) for fputc
    printf3.o(i.__0printf$3) refers to retarget.o(.data) for __stdout
    printf3.o(i.__0snprintf$3) refers to printf3.o(i._printf_core) for _printf_core
    printf3.o(i.__0snprintf$3) refers to printf3.o(i._snputc) for _snputc
    printf3.o(i.__0sprintf$3) refers to printf3.o(i._printf_core) for _printf_core
    printf3.o(i.__0sprintf$3) refers to printf3.o(i._sputc) for _sputc
    printf3.o(i.__0vfprintf$3) refers to printf3.o(i._printf_core) for _printf_core
    printf3.o(i.__0vfprintf$3) refers to retarget.o(i.fputc) for fputc
    printf3.o(i.__0vprintf$3) refers to printf3.o(i._printf_core) for _printf_core
    printf3.o(i.__0vprintf$3) refers to retarget.o(i.fputc) for fputc
    printf3.o(i.__0vprintf$3) refers to retarget.o(.data) for __stdout
    printf3.o(i.__0vsnprintf$3) refers to printf3.o(i._printf_core) for _printf_core
    printf3.o(i.__0vsnprintf$3) refers to printf3.o(i._snputc) for _snputc
    printf3.o(i.__0vsprintf$3) refers to printf3.o(i._printf_core) for _printf_core
    printf3.o(i.__0vsprintf$3) refers to printf3.o(i._sputc) for _sputc
    printf3.o(i._printf_core) refers to uidiv.o(.text) for __aeabi_uidivmod
    printf4.o(i.__0fprintf$4) refers to printf4.o(i._printf_core) for _printf_core
    printf4.o(i.__0fprintf$4) refers to retarget.o(i.fputc) for fputc
    printf4.o(i.__0printf$4) refers to printf4.o(i._printf_core) for _printf_core
    printf4.o(i.__0printf$4) refers to retarget.o(i.fputc) for fputc
    printf4.o(i.__0printf$4) refers to retarget.o(.data) for __stdout
    printf4.o(i.__0snprintf$4) refers to printf4.o(i._printf_core) for _printf_core
    printf4.o(i.__0snprintf$4) refers to printf4.o(i._snputc) for _snputc
    printf4.o(i.__0sprintf$4) refers to printf4.o(i._printf_core) for _printf_core
    printf4.o(i.__0sprintf$4) refers to printf4.o(i._sputc) for _sputc
    printf4.o(i.__0vfprintf$4) refers to printf4.o(i._printf_core) for _printf_core
    printf4.o(i.__0vfprintf$4) refers to retarget.o(i.fputc) for fputc
    printf4.o(i.__0vprintf$4) refers to printf4.o(i._printf_core) for _printf_core
    printf4.o(i.__0vprintf$4) refers to retarget.o(i.fputc) for fputc
    printf4.o(i.__0vprintf$4) refers to retarget.o(.data) for __stdout
    printf4.o(i.__0vsnprintf$4) refers to printf4.o(i._printf_core) for _printf_core
    printf4.o(i.__0vsnprintf$4) refers to printf4.o(i._snputc) for _snputc
    printf4.o(i.__0vsprintf$4) refers to printf4.o(i._printf_core) for _printf_core
    printf4.o(i.__0vsprintf$4) refers to printf4.o(i._sputc) for _sputc
    printf4.o(i._printf_core) refers to uldiv.o(.text) for __aeabi_uldivmod
    printf5.o(i.__0fprintf$5) refers to printf5.o(i._printf_core) for _printf_core
    printf5.o(i.__0fprintf$5) refers to retarget.o(i.fputc) for fputc
    printf5.o(i.__0printf$5) refers to printf5.o(i._printf_core) for _printf_core
    printf5.o(i.__0printf$5) refers to retarget.o(i.fputc) for fputc
    printf5.o(i.__0printf$5) refers to retarget.o(.data) for __stdout
    printf5.o(i.__0snprintf$5) refers to printf5.o(i._printf_core) for _printf_core
    printf5.o(i.__0snprintf$5) refers to printf5.o(i._snputc) for _snputc
    printf5.o(i.__0sprintf$5) refers to printf5.o(i._printf_core) for _printf_core
    printf5.o(i.__0sprintf$5) refers to printf5.o(i._sputc) for _sputc
    printf5.o(i.__0vfprintf$5) refers to printf5.o(i._printf_core) for _printf_core
    printf5.o(i.__0vfprintf$5) refers to retarget.o(i.fputc) for fputc
    printf5.o(i.__0vprintf$5) refers to printf5.o(i._printf_core) for _printf_core
    printf5.o(i.__0vprintf$5) refers to retarget.o(i.fputc) for fputc
    printf5.o(i.__0vprintf$5) refers to retarget.o(.data) for __stdout
    printf5.o(i.__0vsnprintf$5) refers to printf5.o(i._printf_core) for _printf_core
    printf5.o(i.__0vsnprintf$5) refers to printf5.o(i._snputc) for _snputc
    printf5.o(i.__0vsprintf$5) refers to printf5.o(i._printf_core) for _printf_core
    printf5.o(i.__0vsprintf$5) refers to printf5.o(i._sputc) for _sputc
    printf5.o(i._printf_core) refers to uldiv.o(.text) for __aeabi_uldivmod
    printf6.o(i.__0fprintf$6) refers to printf6.o(i._printf_core) for _printf_core
    printf6.o(i.__0fprintf$6) refers to retarget.o(i.fputc) for fputc
    printf6.o(i.__0printf$6) refers to printf6.o(i._printf_core) for _printf_core
    printf6.o(i.__0printf$6) refers to retarget.o(i.fputc) for fputc
    printf6.o(i.__0printf$6) refers to retarget.o(.data) for __stdout
    printf6.o(i.__0snprintf$6) refers to printf6.o(i._printf_core) for _printf_core
    printf6.o(i.__0snprintf$6) refers to printf6.o(i._snputc) for _snputc
    printf6.o(i.__0sprintf$6) refers to printf6.o(i._printf_core) for _printf_core
    printf6.o(i.__0sprintf$6) refers to printf6.o(i._sputc) for _sputc
    printf6.o(i.__0vfprintf$6) refers to printf6.o(i._printf_core) for _printf_core
    printf6.o(i.__0vfprintf$6) refers to retarget.o(i.fputc) for fputc
    printf6.o(i.__0vprintf$6) refers to printf6.o(i._printf_core) for _printf_core
    printf6.o(i.__0vprintf$6) refers to retarget.o(i.fputc) for fputc
    printf6.o(i.__0vprintf$6) refers to retarget.o(.data) for __stdout
    printf6.o(i.__0vsnprintf$6) refers to printf6.o(i._printf_core) for _printf_core
    printf6.o(i.__0vsnprintf$6) refers to printf6.o(i._snputc) for _snputc
    printf6.o(i.__0vsprintf$6) refers to printf6.o(i._printf_core) for _printf_core
    printf6.o(i.__0vsprintf$6) refers to printf6.o(i._sputc) for _sputc
    printf6.o(i._printf_core) refers to printf6.o(i._printf_pre_padding) for _printf_pre_padding
    printf6.o(i._printf_core) refers to uidiv.o(.text) for __aeabi_uidivmod
    printf6.o(i._printf_core) refers to printf6.o(i._printf_post_padding) for _printf_post_padding
    printf7.o(i.__0fprintf$7) refers to printf7.o(i._printf_core) for _printf_core
    printf7.o(i.__0fprintf$7) refers to retarget.o(i.fputc) for fputc
    printf7.o(i.__0printf$7) refers to printf7.o(i._printf_core) for _printf_core
    printf7.o(i.__0printf$7) refers to retarget.o(i.fputc) for fputc
    printf7.o(i.__0printf$7) refers to retarget.o(.data) for __stdout
    printf7.o(i.__0snprintf$7) refers to printf7.o(i._printf_core) for _printf_core
    printf7.o(i.__0snprintf$7) refers to printf7.o(i._snputc) for _snputc
    printf7.o(i.__0sprintf$7) refers to printf7.o(i._printf_core) for _printf_core
    printf7.o(i.__0sprintf$7) refers to printf7.o(i._sputc) for _sputc
    printf7.o(i.__0vfprintf$7) refers to printf7.o(i._printf_core) for _printf_core
    printf7.o(i.__0vfprintf$7) refers to retarget.o(i.fputc) for fputc
    printf7.o(i.__0vprintf$7) refers to printf7.o(i._printf_core) for _printf_core
    printf7.o(i.__0vprintf$7) refers to retarget.o(i.fputc) for fputc
    printf7.o(i.__0vprintf$7) refers to retarget.o(.data) for __stdout
    printf7.o(i.__0vsnprintf$7) refers to printf7.o(i._printf_core) for _printf_core
    printf7.o(i.__0vsnprintf$7) refers to printf7.o(i._snputc) for _snputc
    printf7.o(i.__0vsprintf$7) refers to printf7.o(i._printf_core) for _printf_core
    printf7.o(i.__0vsprintf$7) refers to printf7.o(i._sputc) for _sputc
    printf7.o(i._printf_core) refers to printf7.o(i._printf_pre_padding) for _printf_pre_padding
    printf7.o(i._printf_core) refers to uldiv.o(.text) for __aeabi_uldivmod
    printf7.o(i._printf_core) refers to printf7.o(i._printf_post_padding) for _printf_post_padding
    printf8.o(i.__0fprintf$8) refers to printf8.o(i._printf_core) for _printf_core
    printf8.o(i.__0fprintf$8) refers to retarget.o(i.fputc) for fputc
    printf8.o(i.__0printf$8) refers to printf8.o(i._printf_core) for _printf_core
    printf8.o(i.__0printf$8) refers to retarget.o(i.fputc) for fputc
    printf8.o(i.__0printf$8) refers to retarget.o(.data) for __stdout
    printf8.o(i.__0snprintf$8) refers to printf8.o(i._printf_core) for _printf_core
    printf8.o(i.__0snprintf$8) refers to printf8.o(i._snputc) for _snputc
    printf8.o(i.__0sprintf$8) refers to printf8.o(i._printf_core) for _printf_core
    printf8.o(i.__0sprintf$8) refers to printf8.o(i._sputc) for _sputc
    printf8.o(i.__0vfprintf$8) refers to printf8.o(i._printf_core) for _printf_core
    printf8.o(i.__0vfprintf$8) refers to retarget.o(i.fputc) for fputc
    printf8.o(i.__0vprintf$8) refers to printf8.o(i._printf_core) for _printf_core
    printf8.o(i.__0vprintf$8) refers to retarget.o(i.fputc) for fputc
    printf8.o(i.__0vprintf$8) refers to retarget.o(.data) for __stdout
    printf8.o(i.__0vsnprintf$8) refers to printf8.o(i._printf_core) for _printf_core
    printf8.o(i.__0vsnprintf$8) refers to printf8.o(i._snputc) for _snputc
    printf8.o(i.__0vsprintf$8) refers to printf8.o(i._printf_core) for _printf_core
    printf8.o(i.__0vsprintf$8) refers to printf8.o(i._sputc) for _sputc
    printf8.o(i._printf_core) refers to printf8.o(i._printf_pre_padding) for _printf_pre_padding
    printf8.o(i._printf_core) refers to uldiv.o(.text) for __aeabi_uldivmod
    printf8.o(i._printf_core) refers to printf8.o(i._printf_post_padding) for _printf_post_padding
    printfa.o(i.__0fprintf) refers (Special) to iusefp.o(.text) for __I$use$fp
    printfa.o(i.__0fprintf) refers to printfa.o(i._printf_core) for _printf_core
    printfa.o(i.__0fprintf) refers to retarget.o(i.fputc) for fputc
    printfa.o(i.__0printf) refers (Special) to iusefp.o(.text) for __I$use$fp
    printfa.o(i.__0printf) refers to printfa.o(i._printf_core) for _printf_core
    printfa.o(i.__0printf) refers to retarget.o(i.fputc) for fputc
    printfa.o(i.__0printf) refers to retarget.o(.data) for __stdout
    printfa.o(i.__0snprintf) refers (Special) to iusefp.o(.text) for __I$use$fp
    printfa.o(i.__0snprintf) refers to printfa.o(i._printf_core) for _printf_core
    printfa.o(i.__0snprintf) refers to printfa.o(i._snputc) for _snputc
    printfa.o(i.__0sprintf) refers (Special) to iusefp.o(.text) for __I$use$fp
    printfa.o(i.__0sprintf) refers to printfa.o(i._printf_core) for _printf_core
    printfa.o(i.__0sprintf) refers to printfa.o(i._sputc) for _sputc
    printfa.o(i.__0vfprintf) refers (Special) to iusefp.o(.text) for __I$use$fp
    printfa.o(i.__0vfprintf) refers to printfa.o(i._printf_core) for _printf_core
    printfa.o(i.__0vfprintf) refers to retarget.o(i.fputc) for fputc
    printfa.o(i.__0vprintf) refers (Special) to iusefp.o(.text) for __I$use$fp
    printfa.o(i.__0vprintf) refers to printfa.o(i._printf_core) for _printf_core
    printfa.o(i.__0vprintf) refers to retarget.o(i.fputc) for fputc
    printfa.o(i.__0vprintf) refers to retarget.o(.data) for __stdout
    printfa.o(i.__0vsnprintf) refers (Special) to iusefp.o(.text) for __I$use$fp
    printfa.o(i.__0vsnprintf) refers to printfa.o(i._printf_core) for _printf_core
    printfa.o(i.__0vsnprintf) refers to printfa.o(i._snputc) for _snputc
    printfa.o(i.__0vsprintf) refers (Special) to iusefp.o(.text) for __I$use$fp
    printfa.o(i.__0vsprintf) refers to printfa.o(i._printf_core) for _printf_core
    printfa.o(i.__0vsprintf) refers to printfa.o(i._sputc) for _sputc
    printfa.o(i._fp_digits) refers (Special) to iusefp.o(.text) for __I$use$fp
    printfa.o(i._fp_digits) refers to dmul.o(.text) for __aeabi_dmul
    printfa.o(i._fp_digits) refers to ddiv.o(.text) for __aeabi_ddiv
    printfa.o(i._fp_digits) refers to cdrcmple.o(.text) for __aeabi_cdrcmple
    printfa.o(i._fp_digits) refers to dadd.o(.text) for __aeabi_dadd
    printfa.o(i._fp_digits) refers to dfixul.o(.text) for __aeabi_d2ulz
    printfa.o(i._fp_digits) refers to uldiv.o(.text) for __aeabi_uldivmod
    printfa.o(i._printf_core) refers (Special) to iusefp.o(.text) for __I$use$fp
    printfa.o(i._printf_core) refers to printfa.o(i._printf_pre_padding) for _printf_pre_padding
    printfa.o(i._printf_core) refers to uldiv.o(.text) for __aeabi_uldivmod
    printfa.o(i._printf_core) refers to printfa.o(i._printf_post_padding) for _printf_post_padding
    printfa.o(i._printf_core) refers to printfa.o(i._fp_digits) for _fp_digits
    printfa.o(i._printf_core) refers to uidiv.o(.text) for __aeabi_uidivmod
    printfa.o(i._printf_post_padding) refers (Special) to iusefp.o(.text) for __I$use$fp
    printfa.o(i._printf_pre_padding) refers (Special) to iusefp.o(.text) for __I$use$fp
    printfa.o(i._snputc) refers (Special) to iusefp.o(.text) for __I$use$fp
    printfa.o(i._sputc) refers (Special) to iusefp.o(.text) for __I$use$fp
    fadd.o(.text) refers (Special) to iusefp.o(.text) for __I$use$fp
    fadd.o(.text) refers to fepilogue.o(.text) for _float_epilogue
    fmul.o(.text) refers (Special) to iusefp.o(.text) for __I$use$fp
    fdiv.o(.text) refers (Special) to iusefp.o(.text) for __I$use$fp
    fdiv.o(.text) refers to fepilogue.o(.text) for _float_round
    dadd.o(.text) refers (Special) to iusefp.o(.text) for __I$use$fp
    dadd.o(.text) refers to llshl.o(.text) for __aeabi_llsl
    dadd.o(.text) refers to llsshr.o(.text) for __aeabi_lasr
    dadd.o(.text) refers to depilogue.o(.text) for _double_epilogue
    dmul.o(.text) refers (Special) to iusefp.o(.text) for __I$use$fp
    dmul.o(.text) refers to depilogue.o(.text) for _double_epilogue
    ddiv.o(.text) refers (Special) to iusefp.o(.text) for __I$use$fp
    ddiv.o(.text) refers to depilogue.o(.text) for _double_round
    fflti.o(.text) refers (Special) to iusefp.o(.text) for __I$use$fp
    fflti.o(.text) refers to fepilogue.o(.text) for _float_epilogue
    ffltui.o(.text) refers (Special) to iusefp.o(.text) for __I$use$fp
    ffltui.o(.text) refers to fepilogue.o(.text) for _float_epilogue
    dfltui.o(.text) refers (Special) to iusefp.o(.text) for __I$use$fp
    dfltui.o(.text) refers to depilogue.o(.text) for _double_epilogue
    ffixi.o(.text) refers (Special) to iusefp.o(.text) for __I$use$fp
    ffixui.o(.text) refers (Special) to iusefp.o(.text) for __I$use$fp
    dfixui.o(.text) refers (Special) to iusefp.o(.text) for __I$use$fp
    dfixui.o(.text) refers to llushr.o(.text) for __aeabi_llsr
    f2d.o(.text) refers (Special) to iusefp.o(.text) for __I$use$fp
    cdcmple.o(.text) refers (Special) to iusefp.o(.text) for __I$use$fp
    cdrcmple.o(.text) refers (Special) to iusefp.o(.text) for __I$use$fp
    entry2.o(.ARM.Collect$$$$00000001) refers to entry2.o(.ARM.Collect$$$$00002712) for __lit__00000000
    entry2.o(.ARM.Collect$$$$00002712) refers to startup_lpc17xx.o(STACK) for __initial_sp
    entry2.o(__vectab_stack_and_reset_area) refers to startup_lpc17xx.o(STACK) for __initial_sp
    entry2.o(__vectab_stack_and_reset_area) refers to entry.o(.ARM.Collect$$$$00000000) for __main
    entry5.o(.ARM.Collect$$$$00000004) refers to init.o(.text) for __scatterload
    entry8.o(.ARM.Collect$$$$00000009) refers to main.o(i.main) for main
    uldiv.o(.text) refers to llushr.o(.text) for __aeabi_llsr
    uldiv.o(.text) refers to llshl.o(.text) for __aeabi_llsl
    errno.o(i.__aeabi_errno_addr) refers to errno.o(.data) for .data
    errno.o(i.__read_errno) refers to errno.o(.data) for .data
    errno.o(i.__set_errno) refers to errno.o(.data) for .data
    depilogue.o(.text) refers to llshl.o(.text) for __aeabi_llsl
    depilogue.o(.text) refers to llushr.o(.text) for __aeabi_llsr
    dsqrt.o(.text) refers to llushr.o(.text) for __aeabi_llsr
    dsqrt.o(.text) refers to depilogue.o(.text) for _double_round
    dfixul.o(.text) refers to llushr.o(.text) for __aeabi_llsr
    dfixul.o(.text) refers to llshl.o(.text) for __aeabi_llsl
    init.o(.text) refers to entry5.o(.ARM.Collect$$$$00000004) for __main_after_scatterload


==============================================================================

Removing Unused input sections from the image.

    Removing main.o(.rev16_text), (4 bytes).
    Removing main.o(.revsh_text), (4 bytes).
    Removing lcd.o(.rev16_text), (4 bytes).
    Removing lcd.o(.revsh_text), (4 bytes).
    Removing lcd.o(i.LCD_Bargraph), (164 bytes).
    Removing lcd.o(i.LCD_Bitmap), (160 bytes).
    Removing lcd.o(i.LCD_Bmp), (156 bytes).
    Removing lcd.o(i.LCD_ClearLn), (44 bytes).
    Removing lcd.o(i.LCD_DisplayChar), (48 bytes).
    Removing lcd.o(i.LCD_DisplayString), (36 bytes).
    Removing lcd.o(i.LCD_DrawChar), (160 bytes).
    Removing lcd.o(i.LCD_Fill), (144 bytes).
    Removing lcd.o(i.LCD_PutPixel), (60 bytes).
    Removing lcd.o(i.LCD_SetBackColor), (12 bytes).
    Removing lcd.o(i.LCD_SetTextColor), (12 bytes).
    Removing lcd.o(i.LCD_Show2Num), (92 bytes).
    Removing lcd.o(i.LCD_Touch_WindowMax), (46 bytes).
    Removing lcd_touch.o(.rev16_text), (4 bytes).
    Removing lcd_touch.o(.revsh_text), (4 bytes).
    Removing i2c.o(.rev16_text), (4 bytes).
    Removing i2c.o(.revsh_text), (4 bytes).
    Removing i2c.o(.bss), (32 bytes).
    Removing recognize.o(.rev16_text), (4 bytes).
    Removing recognize.o(.revsh_text), (4 bytes).
    Removing recognize.o(i.DelayUart), (30 bytes).
    Removing recognize.o(i.getNewArr), (160 bytes).
    Removing recognize.o(i.getPointNum), (444 bytes).
    Removing bayes.o(.rev16_text), (4 bytes).
    Removing bayes.o(.revsh_text), (4 bytes).
    Removing bayes.o(i.p1), (28 bytes).
    Removing bayes.o(i.p2), (84 bytes).
    Removing bayes.o(i.p3), (68 bytes).
    Removing bayes.o(i.p4), (148 bytes).
    Removing uart.o(.rev16_text), (4 bytes).
    Removing uart.o(.revsh_text), (4 bytes).
    Removing uart.o(i.UART0_GetChar), (24 bytes).
    Removing uart.o(i.UART0_SendChar), (124 bytes).
    Removing uart.o(i.UART0_SendString), (22 bytes).
    Removing uart.o(i.UART2_GetChar), (24 bytes).
    Removing uart.o(i.UART2_SendByte), (28 bytes).
    Removing uart.o(i.UART2_SendString), (22 bytes).
    Removing uart.o(i.UARTInit), (140 bytes).
    Removing uart.o(i.getkey), (8 bytes).
    Removing retarget.o(i._sys_exit), (4 bytes).
    Removing retarget.o(i._ttywrch), (12 bytes).
    Removing retarget.o(i.ferror), (8 bytes).
    Removing retarget.o(i.fgetc), (16 bytes).
    Removing startup_lpc17xx.o(HEAP), (0 bytes).
    Removing system_lpc17xx.o(.rev16_text), (4 bytes).
    Removing system_lpc17xx.o(.revsh_text), (4 bytes).
    Removing system_lpc17xx.o(i.SystemCoreClockUpdate), (340 bytes).
    Removing dadd.o(.text), (334 bytes).
    Removing dmul.o(.text), (228 bytes).
    Removing ddiv.o(.text), (222 bytes).
    Removing dfixul.o(.text), (48 bytes).

55 unused section(s) (total 3796 bytes) removed from the image.

==============================================================================

Image Symbol Table

    Local Symbols

    Symbol Name                              Value     Ov Type        Size  Object(Section)

    RESET                                    0x00000000   Section      196  startup_lpc17xx.o(RESET)
    ../clib/microlib/division.c              0x00000000   Number         0  uldiv.o ABSOLUTE
    ../clib/microlib/division.c              0x00000000   Number         0  uidiv.o ABSOLUTE
    ../clib/microlib/errno.c                 0x00000000   Number         0  errno.o ABSOLUTE
    ../clib/microlib/init/entry.s            0x00000000   Number         0  entry8.o ABSOLUTE
    ../clib/microlib/init/entry.s            0x00000000   Number         0  entry7b.o ABSOLUTE
    ../clib/microlib/init/entry.s            0x00000000   Number         0  entry7a.o ABSOLUTE
    ../clib/microlib/init/entry.s            0x00000000   Number         0  entry5.o ABSOLUTE
    ../clib/microlib/init/entry.s            0x00000000   Number         0  entry2.o ABSOLUTE
    ../clib/microlib/init/entry.s            0x00000000   Number         0  entry.o ABSOLUTE
    ../clib/microlib/longlong.c              0x00000000   Number         0  llshl.o ABSOLUTE
    ../clib/microlib/longlong.c              0x00000000   Number         0  llsshr.o ABSOLUTE
    ../clib/microlib/longlong.c              0x00000000   Number         0  llushr.o ABSOLUTE
    ../clib/microlib/printf/printf.c         0x00000000   Number         0  printfb.o ABSOLUTE
    ../clib/microlib/printf/printf.c         0x00000000   Number         0  printf0.o ABSOLUTE
    ../clib/microlib/printf/printf.c         0x00000000   Number         0  printf1.o ABSOLUTE
    ../clib/microlib/printf/printf.c         0x00000000   Number         0  printf6.o ABSOLUTE
    ../clib/microlib/printf/printf.c         0x00000000   Number         0  printf2.o ABSOLUTE
    ../clib/microlib/printf/printf.c         0x00000000   Number         0  printf3.o ABSOLUTE
    ../clib/microlib/printf/printf.c         0x00000000   Number         0  printf4.o ABSOLUTE
    ../clib/microlib/printf/printf.c         0x00000000   Number         0  printf5.o ABSOLUTE
    ../clib/microlib/printf/printf.c         0x00000000   Number         0  printf7.o ABSOLUTE
    ../clib/microlib/printf/printf.c         0x00000000   Number         0  printf8.o ABSOLUTE
    ../clib/microlib/printf/printf.c         0x00000000   Number         0  printfa.o ABSOLUTE
    ../clib/microlib/printf/stubs.s          0x00000000   Number         0  stubs.o ABSOLUTE
    ../clib/microlib/stubs.s                 0x00000000   Number         0  useno.o ABSOLUTE
    ../clib/microlib/stubs.s                 0x00000000   Number         0  iusefp.o ABSOLUTE
    ../fplib/microlib/f2d.c                  0x00000000   Number         0  f2d.o ABSOLUTE
    ../fplib/microlib/fpadd.c                0x00000000   Number         0  dadd.o ABSOLUTE
    ../fplib/microlib/fpadd.c                0x00000000   Number         0  fadd.o ABSOLUTE
    ../fplib/microlib/fpdiv.c                0x00000000   Number         0  ddiv.o ABSOLUTE
    ../fplib/microlib/fpdiv.c                0x00000000   Number         0  fdiv.o ABSOLUTE
    ../fplib/microlib/fpepilogue.c           0x00000000   Number         0  depilogue.o ABSOLUTE
    ../fplib/microlib/fpepilogue.c           0x00000000   Number         0  fepilogue.o ABSOLUTE
    ../fplib/microlib/fpfix.c                0x00000000   Number         0  ffixui.o ABSOLUTE
    ../fplib/microlib/fpfix.c                0x00000000   Number         0  dfixul.o ABSOLUTE
    ../fplib/microlib/fpfix.c                0x00000000   Number         0  dfixui.o ABSOLUTE
    ../fplib/microlib/fpfix.c                0x00000000   Number         0  ffixi.o ABSOLUTE
    ../fplib/microlib/fpflt.c                0x00000000   Number         0  fflti.o ABSOLUTE
    ../fplib/microlib/fpflt.c                0x00000000   Number         0  dfltui.o ABSOLUTE
    ../fplib/microlib/fpflt.c                0x00000000   Number         0  ffltui.o ABSOLUTE
    ../fplib/microlib/fpmul.c                0x00000000   Number         0  dmul.o ABSOLUTE
    ../fplib/microlib/fpmul.c                0x00000000   Number         0  fmul.o ABSOLUTE
    ../fplib/microlib/fpsqrt.c               0x00000000   Number         0  dsqrt.o ABSOLUTE
    ../mathlib/sqrt.c                        0x00000000   Number         0  sqrt.o ABSOLUTE
    ../mathlib/sqrt.c                        0x00000000   Number         0  sqrt_x.o ABSOLUTE
    ..\LPC17xx\startup_LPC17xx.s             0x00000000   Number         0  startup_lpc17xx.o ABSOLUTE
    ..\LPC17xx\system_LPC17xx.c              0x00000000   Number         0  system_lpc17xx.o ABSOLUTE
    ..\Source\I2C\i2c.c                      0x00000000   Number         0  i2c.o ABSOLUTE
    ..\Source\Lcd\LCD_touch.C                0x00000000   Number         0  lcd_touch.o ABSOLUTE
    ..\Source\Lcd\Lcd.c                      0x00000000   Number         0  lcd.o ABSOLUTE
    ..\Source\User\Retarget.c                0x00000000   Number         0  retarget.o ABSOLUTE
    ..\Source\User\bayes.c                   0x00000000   Number         0  bayes.o ABSOLUTE
    ..\Source\User\main.c                    0x00000000   Number         0  main.o ABSOLUTE
    ..\Source\User\recognize.c               0x00000000   Number         0  recognize.o ABSOLUTE
    ..\Source\User\uart.c                    0x00000000   Number         0  uart.o ABSOLUTE
    ..\\LPC17xx\\system_LPC17xx.c            0x00000000   Number         0  system_lpc17xx.o ABSOLUTE
    ..\\Source\\I2C\\i2c.c                   0x00000000   Number         0  i2c.o ABSOLUTE
    ..\\Source\\Lcd\\LCD_touch.C             0x00000000   Number         0  lcd_touch.o ABSOLUTE
    ..\\Source\\Lcd\\Lcd.c                   0x00000000   Number         0  lcd.o ABSOLUTE
    ..\\Source\\User\\bayes.c                0x00000000   Number         0  bayes.o ABSOLUTE
    ..\\Source\\User\\main.c                 0x00000000   Number         0  main.o ABSOLUTE
    ..\\Source\\User\\recognize.c            0x00000000   Number         0  recognize.o ABSOLUTE
    ..\\Source\\User\\uart.c                 0x00000000   Number         0  uart.o ABSOLUTE
    cdcmple.s                                0x00000000   Number         0  cdcmple.o ABSOLUTE
    cdrcmple.s                               0x00000000   Number         0  cdrcmple.o ABSOLUTE
    dc.s                                     0x00000000   Number         0  dc.o ABSOLUTE
    handlers.s                               0x00000000   Number         0  handlers.o ABSOLUTE
    init.s                                   0x00000000   Number         0  init.o ABSOLUTE
    .ARM.Collect$$$$00000000                 0x000000c4   Section        0  entry.o(.ARM.Collect$$$$00000000)
    .ARM.Collect$$$$00000001                 0x000000c4   Section        4  entry2.o(.ARM.Collect$$$$00000001)
    .ARM.Collect$$$$00000004                 0x000000c8   Section        4  entry5.o(.ARM.Collect$$$$00000004)
    .ARM.Collect$$$$00000008                 0x000000cc   Section        0  entry7b.o(.ARM.Collect$$$$00000008)
    .ARM.Collect$$$$00000009                 0x000000cc   Section        8  entry8.o(.ARM.Collect$$$$00000009)
    .ARM.Collect$$$$00002712                 0x000000d4   Section        4  entry2.o(.ARM.Collect$$$$00002712)
    __lit__00000000                          0x000000d4   Data           4  entry2.o(.ARM.Collect$$$$00002712)
    .emb_text                                0x000000d8   Section        4  lcd.o(.emb_text)
    .text                                    0x000000dc   Section       36  startup_lpc17xx.o(.text)
    .text                                    0x00000100   Section        0  fadd.o(.text)
    .text                                    0x000001b0   Section        0  fmul.o(.text)
    .text                                    0x0000021c   Section        0  fdiv.o(.text)
    .text                                    0x0000029c   Section        0  fflti.o(.text)
    .text                                    0x000002ae   Section        0  ffltui.o(.text)
    .text                                    0x000002b8   Section        0  dfltui.o(.text)
    .text                                    0x000002d2   Section        0  ffixui.o(.text)
    .text                                    0x000002fa   Section        0  iusefp.o(.text)
    i.__scatterload_null                     0x000002fa   Section        2  handlers.o(i.__scatterload_null)
    .ARM.__at_0x02FC                         0x000002fc   Section        4  startup_lpc17xx.o(.ARM.__at_0x02FC)
    .text                                    0x00000300   Section        0  ffixi.o(.text)
    .text                                    0x00000332   Section        0  dfixui.o(.text)
    .text                                    0x00000364   Section        0  f2d.o(.text)
    .text                                    0x0000038c   Section       40  cdcmple.o(.text)
    .text                                    0x000003b4   Section       40  cdrcmple.o(.text)
    .text                                    0x000003dc   Section        0  uidiv.o(.text)
    .text                                    0x00000408   Section        0  llshl.o(.text)
    .text                                    0x00000426   Section        0  llushr.o(.text)
    .text                                    0x00000446   Section        0  fepilogue.o(.text)
    .text                                    0x000004b2   Section        0  depilogue.o(.text)
    .text                                    0x00000570   Section        0  dsqrt.o(.text)
    .text                                    0x00000614   Section       36  init.o(.text)
    i.ADS_Read_AD                            0x00000638   Section        0  lcd_touch.o(i.ADS_Read_AD)
    i.ADS_Read_XY                            0x000006b0   Section        0  lcd_touch.o(i.ADS_Read_XY)
    i.ADS_Write_Byte                         0x0000072c   Section        0  lcd_touch.o(i.ADS_Write_Byte)
    i.Convert_Pos                            0x00000774   Section        0  lcd_touch.o(i.Convert_Pos)
    i.Delay                                  0x000007fc   Section        0  i2c.o(i.Delay)
    i.Draw_Big_Point                         0x00000820   Section        0  lcd_touch.o(i.Draw_Big_Point)
    i.Draw_Circle                            0x0000084c   Section        0  lcd.o(i.Draw_Circle)
    i.Drow_Touch_Point                       0x000008fc   Section        0  lcd_touch.o(i.Drow_Touch_Point)
    i.EINT3_IRQHandler                       0x00000960   Section        0  lcd_touch.o(i.EINT3_IRQHandler)
    i.EINTInit                               0x00000988   Section        0  lcd_touch.o(i.EINTInit)
    i.Get_Adjdata                            0x000009bc   Section        0  lcd_touch.o(i.Get_Adjdata)
    i.I2C0_IRQHandler                        0x00000ac0   Section        0  i2c.o(i.I2C0_IRQHandler)
    i.I2CInit                                0x00000ce4   Section        0  i2c.o(i.I2CInit)
    i.I2C_ReadNByte                          0x00000d50   Section        0  i2c.o(i.I2C_ReadNByte)
    i.I2C_WriteNByte                         0x00000e1c   Section        0  i2c.o(i.I2C_WriteNByte)
    i.KEY_Scan                               0x00000ee0   Section        0  recognize.o(i.KEY_Scan)
    i.LCD_Clear                              0x00000f00   Section        0  lcd.o(i.LCD_Clear)
    i.LCD_Clear_Area                         0x00000f40   Section        0  lcd.o(i.LCD_Clear_Area)
    i.LCD_DrawLine                           0x00000f90   Section        0  lcd.o(i.LCD_DrawLine)
    i.LCD_DrawPoint                          0x00001040   Section        0  lcd.o(i.LCD_DrawPoint)
    i.LCD_DrawPoint1                         0x0000107c   Section        0  lcd.o(i.LCD_DrawPoint1)
    i.LCD_DrawRectangle                      0x000010b4   Section        0  lcd.o(i.LCD_DrawRectangle)
    i.LCD_Init                               0x000010f4   Section        0  lcd.o(i.LCD_Init)
    i.LCD_SetCursor                          0x000015fc   Section        0  lcd.o(i.LCD_SetCursor)
    i.LCD_ShowChar                           0x00001644   Section        0  lcd.o(i.LCD_ShowChar)
    i.LCD_ShowNum                            0x0000179c   Section        0  lcd.o(i.LCD_ShowNum)
    i.LCD_ShowStr                            0x00001830   Section        0  recognize.o(i.LCD_ShowStr)
    i.LCD_ShowString                         0x00001884   Section        0  lcd.o(i.LCD_ShowString)
    i.LCD_WindowMax                          0x000018ce   Section        0  lcd.o(i.LCD_WindowMax)
    i.LCD_WriteRAM_Prepare                   0x000018f4   Section        0  lcd.o(i.LCD_WriteRAM_Prepare)
    i.NVIC_EnableIRQ                         0x000018fe   Section        0  lcd_touch.o(i.NVIC_EnableIRQ)
    NVIC_EnableIRQ                           0x000018ff   Thumb Code    24  lcd_touch.o(i.NVIC_EnableIRQ)
    i.Pen_Int_Set                            0x00001918   Section        0  lcd_touch.o(i.Pen_Int_Set)
    i.Read_ADS                               0x00001940   Section        0  lcd_touch.o(i.Read_ADS)
    i.Read_ADS2                              0x0000196a   Section        0  lcd_touch.o(i.Read_ADS2)
    i.Read_TP_Once                           0x00001a2c   Section        0  lcd_touch.o(i.Read_TP_Once)
    i.Save_Adjdata                           0x00001a74   Section        0  lcd_touch.o(i.Save_Adjdata)
    i.SystemInit                             0x00001b50   Section        0  system_lpc17xx.o(i.SystemInit)
    i.Touch_Adjust                           0x00001cb0   Section        0  lcd_touch.o(i.Touch_Adjust)
    i.Touch_Init                             0x00002120   Section        0  lcd_touch.o(i.Touch_Init)
    i.UART0_Init                             0x0000217c   Section        0  uart.o(i.UART0_Init)
    i.UART0_SendByte                         0x00002234   Section        0  uart.o(i.UART0_SendByte)
    i.UART2_Init                             0x00002250   Section        0  uart.o(i.UART2_Init)
    i.__0printf$1                            0x00002320   Section        0  printf1.o(i.__0printf$1)
    i.__scatterload_copy                     0x00002340   Section       14  handlers.o(i.__scatterload_copy)
    i.__scatterload_zeroinit                 0x0000234e   Section       14  handlers.o(i.__scatterload_zeroinit)
    i.__set_errno                            0x0000235c   Section        0  errno.o(i.__set_errno)
    i._printf_core                           0x00002368   Section        0  printf1.o(i._printf_core)
    _printf_core                             0x00002369   Thumb Code   334  printf1.o(i._printf_core)
    i.choose_Pen_Color                       0x000024bc   Section        0  recognize.o(i.choose_Pen_Color)
    i.delay                                  0x000025ac   Section        0  lcd.o(i.delay)
    delay                                    0x000025ad   Thumb Code    14  lcd.o(i.delay)
    i.delay1ms                               0x000025ba   Section        0  recognize.o(i.delay1ms)
    i.delay_ms                               0x000025de   Section        0  lcd_touch.o(i.delay_ms)
    i.delay_us                               0x000025f4   Section        0  lcd_touch.o(i.delay_us)
    i.fputc                                  0x00002600   Section        0  retarget.o(i.fputc)
    i.getNum                                 0x00002610   Section        0  recognize.o(i.getNum)
    i.getXY                                  0x000029c0   Section        0  recognize.o(i.getXY)
    i.initGUI                                0x00002a58   Section        0  recognize.o(i.initGUI)
    i.init_Color_Area                        0x00002b2c   Section        0  recognize.o(i.init_Color_Area)
    i.init_Color_Area_Diy                    0x00002b6c   Section        0  recognize.o(i.init_Color_Area_Diy)
    i.lcd_send                               0x00002bbc   Section        0  lcd.o(i.lcd_send)
    lcd_send                                 0x00002bbd   Thumb Code    56  lcd.o(i.lcd_send)
    i.load_Drow_Dialog                       0x00002bf8   Section        0  recognize.o(i.load_Drow_Dialog)
    i.main                                   0x00002c24   Section        0  main.o(i.main)
    i.maxArr                                 0x00002c32   Section        0  recognize.o(i.maxArr)
    i.minArr                                 0x00002c52   Section        0  recognize.o(i.minArr)
    i.mypow                                  0x00002c72   Section        0  lcd.o(i.mypow)
    i.rd_dat                                 0x00002c88   Section        0  lcd.o(i.rd_dat)
    rd_dat                                   0x00002c89   Thumb Code    98  lcd.o(i.rd_dat)
    i.rd_reg                                 0x00002cf0   Section        0  lcd.o(i.rd_reg)
    rd_reg                                   0x00002cf1   Thumb Code    38  lcd.o(i.rd_reg)
    i.sendchar                               0x00002d1c   Section        0  uart.o(i.sendchar)
    i.sqrt                                   0x00002d2a   Section        0  sqrt.o(i.sqrt)
    i.touchMain                              0x00002d78   Section        0  recognize.o(i.touchMain)
    i.uart                                   0x00002e38   Section        0  recognize.o(i.uart)
    i.uart0_set_divisors                     0x00002e4c   Section        0  uart.o(i.uart0_set_divisors)
    i.uart2_set_divisors                     0x00002f3c   Section        0  uart.o(i.uart2_set_divisors)
    i.wait_delay                             0x0000302c   Section        0  lcd.o(i.wait_delay)
    i.wr_cmd                                 0x00003038   Section        0  lcd.o(i.wr_cmd)
    wr_cmd                                   0x00003039   Thumb Code    44  lcd.o(i.wr_cmd)
    i.wr_dat                                 0x00003068   Section        0  lcd.o(i.wr_dat)
    wr_dat                                   0x00003069   Thumb Code    44  lcd.o(i.wr_dat)
    i.wr_dat_only                            0x00003098   Section        0  lcd.o(i.wr_dat_only)
    wr_dat_only                              0x00003099   Thumb Code    32  lcd.o(i.wr_dat_only)
    i.wr_dat_start                           0x000030bc   Section        0  lcd.o(i.wr_dat_start)
    wr_dat_start                             0x000030bd   Thumb Code    10  lcd.o(i.wr_dat_start)
    i.wr_dat_stop                            0x000030cc   Section        0  lcd.o(i.wr_dat_stop)
    wr_dat_stop                              0x000030cd   Thumb Code    10  lcd.o(i.wr_dat_stop)
    i.wr_reg                                 0x000030dc   Section        0  lcd.o(i.wr_reg)
    wr_reg                                   0x000030dd   Thumb Code    36  lcd.o(i.wr_reg)
    .constdata                               0x00003104   Section     8036  lcd.o(.constdata)
    .data                                    0x10000000   Section       10  lcd.o(.data)
    TextColor                                0x10000004   Data           2  lcd.o(.data)
    BackColor                                0x10000006   Data           2  lcd.o(.data)
    DeviceCode                               0x10000008   Data           2  lcd.o(.data)
    .data                                    0x1000000c   Section       22  i2c.o(.data)
    .data                                    0x10000028   Section      109  recognize.o(.data)
    .data                                    0x10000098   Section        8  retarget.o(.data)
    .data                                    0x100000a0   Section        8  system_lpc17xx.o(.data)
    .data                                    0x100000a8   Section        4  errno.o(.data)
    _errno                                   0x100000a8   Data           4  errno.o(.data)
    .bss                                     0x100000ac   Section       24  lcd_touch.o(.bss)
    .bss                                     0x100000c8   Section     3872  recognize.o(.bss)
    STACK                                    0x10000fe8   Section      512  startup_lpc17xx.o(STACK)

    Global Symbols

    Symbol Name                              Value     Ov Type        Size  Object(Section)

    BuildAttributes$$THM_ISAv4$P$D$K$B$S$PE$A:L22UL41UL21$X:L11$S22US41US21$IEEE1$IW$USESV6$~STKCKD$USESV7$~SHL$OTIME$ROPI$IEEEJ$EBA8$MICROLIB$REQ8$PRES8$EABIv2 0x00000000   Number         0  anon$$obj.o ABSOLUTE
    __ARM_use_no_argv                        0x00000000   Number         0  main.o ABSOLUTE
    __Vectors                                0x00000000   Data           4  startup_lpc17xx.o(RESET)
    __use_no_errno                           0x00000000   Number         0  useno.o ABSOLUTE
    __use_no_exception_handling              0x00000000   Number         0  useno.o ABSOLUTE
    __use_no_fp                              0x00000000   Number         0  useno.o ABSOLUTE
    __use_no_heap                            0x00000000   Number         0  useno.o ABSOLUTE
    __use_no_heap_region                     0x00000000   Number         0  useno.o ABSOLUTE
    __use_no_semihosting                     0x00000000   Number         0  useno.o ABSOLUTE
    __use_no_semihosting_swi                 0x00000000   Number         0  useno.o ABSOLUTE
    __use_no_signal_handling                 0x00000000   Number         0  useno.o ABSOLUTE
    _printf_a                                0x00000000   Number         0  stubs.o ABSOLUTE
    _printf_c                                0x00000000   Number         0  stubs.o ABSOLUTE
    _printf_charcount                        0x00000000   Number         0  stubs.o ABSOLUTE
    _printf_d                                0x00000000   Number         0  stubs.o ABSOLUTE
    _printf_e                                0x00000000   Number         0  stubs.o ABSOLUTE
    _printf_f                                0x00000000   Number         0  stubs.o ABSOLUTE
    _printf_flags                            0x00000000   Number         0  stubs.o ABSOLUTE
    _printf_fp_dec                           0x00000000   Number         0  stubs.o ABSOLUTE
    _printf_fp_hex                           0x00000000   Number         0  stubs.o ABSOLUTE
    _printf_g                                0x00000000   Number         0  stubs.o ABSOLUTE
    _printf_i                                0x00000000   Number         0  stubs.o ABSOLUTE
    _printf_int_dec                          0x00000000   Number         0  stubs.o ABSOLUTE
    _printf_l                                0x00000000   Number         0  stubs.o ABSOLUTE
    _printf_lc                               0x00000000   Number         0  stubs.o ABSOLUTE
    _printf_ll                               0x00000000   Number         0  stubs.o ABSOLUTE
    _printf_lld                              0x00000000   Number         0  stubs.o ABSOLUTE
    _printf_lli                              0x00000000   Number         0  stubs.o ABSOLUTE
    _printf_llo                              0x00000000   Number         0  stubs.o ABSOLUTE
    _printf_llu                              0x00000000   Number         0  stubs.o ABSOLUTE
    _printf_llx                              0x00000000   Number         0  stubs.o ABSOLUTE
    _printf_longlong_dec                     0x00000000   Number         0  stubs.o ABSOLUTE
    _printf_longlong_hex                     0x00000000   Number         0  stubs.o ABSOLUTE
    _printf_longlong_oct                     0x00000000   Number         0  stubs.o ABSOLUTE
    _printf_ls                               0x00000000   Number         0  stubs.o ABSOLUTE
    _printf_mbtowc                           0x00000000   Number         0  stubs.o ABSOLUTE
    _printf_n                                0x00000000   Number         0  stubs.o ABSOLUTE
    _printf_o                                0x00000000   Number         0  stubs.o ABSOLUTE
    _printf_p                                0x00000000   Number         0  stubs.o ABSOLUTE
    _printf_percent                          0x00000000   Number         0  stubs.o ABSOLUTE
    _printf_pre_padding                      0x00000000   Number         0  stubs.o ABSOLUTE
    _printf_return_value                     0x00000000   Number         0  stubs.o ABSOLUTE
    _printf_s                                0x00000000   Number         0  stubs.o ABSOLUTE
    _printf_sizespec                         0x00000000   Number         0  stubs.o ABSOLUTE
    _printf_str                              0x00000000   Number         0  stubs.o ABSOLUTE
    _printf_truncate_signed                  0x00000000   Number         0  stubs.o ABSOLUTE
    _printf_truncate_unsigned                0x00000000   Number         0  stubs.o ABSOLUTE
    _printf_u                                0x00000000   Number         0  stubs.o ABSOLUTE
    _printf_wc                               0x00000000   Number         0  stubs.o ABSOLUTE
    _printf_wctomb                           0x00000000   Number         0  stubs.o ABSOLUTE
    _printf_widthprec                        0x00000000   Number         0  stubs.o ABSOLUTE
    _printf_x                                0x00000000   Number         0  stubs.o ABSOLUTE
    __decompress                              - Undefined Weak Reference
    _clock_init                               - Undefined Weak Reference
    __main                                   0x000000c5   Thumb Code     0  entry.o(.ARM.Collect$$$$00000000)
    _main_stk                                0x000000c5   Thumb Code     0  entry2.o(.ARM.Collect$$$$00000001)
    _main_scatterload                        0x000000c9   Thumb Code     0  entry5.o(.ARM.Collect$$$$00000004)
    __main_after_scatterload                 0x000000cd   Thumb Code     0  entry5.o(.ARM.Collect$$$$00000004)
    _main_clock                              0x000000cd   Thumb Code     0  entry7b.o(.ARM.Collect$$$$00000008)
    _main_init                               0x000000cd   Thumb Code     0  entry8.o(.ARM.Collect$$$$00000009)
    wait                                     0x000000d9   Thumb Code     4  lcd.o(.emb_text)
    Reset_Handler                            0x000000dd   Thumb Code     8  startup_lpc17xx.o(.text)
    NMI_Handler                              0x000000e5   Thumb Code     2  startup_lpc17xx.o(.text)
    HardFault_Handler                        0x000000e7   Thumb Code     2  startup_lpc17xx.o(.text)
    MemManage_Handler                        0x000000e9   Thumb Code     2  startup_lpc17xx.o(.text)
    BusFault_Handler                         0x000000eb   Thumb Code     2  startup_lpc17xx.o(.text)
    UsageFault_Handler                       0x000000ed   Thumb Code     2  startup_lpc17xx.o(.text)
    SVC_Handler                              0x000000ef   Thumb Code     2  startup_lpc17xx.o(.text)
    DebugMon_Handler                         0x000000f1   Thumb Code     2  startup_lpc17xx.o(.text)
    PendSV_Handler                           0x000000f3   Thumb Code     2  startup_lpc17xx.o(.text)
    SysTick_Handler                          0x000000f5   Thumb Code     2  startup_lpc17xx.o(.text)
    ADC_IRQHandler                           0x000000f7   Thumb Code     0  startup_lpc17xx.o(.text)
    BOD_IRQHandler                           0x000000f7   Thumb Code     0  startup_lpc17xx.o(.text)
    CAN_IRQHandler                           0x000000f7   Thumb Code     0  startup_lpc17xx.o(.text)
    DMA_IRQHandler                           0x000000f7   Thumb Code     0  startup_lpc17xx.o(.text)
    EINT0_IRQHandler                         0x000000f7   Thumb Code     0  startup_lpc17xx.o(.text)
    EINT1_IRQHandler                         0x000000f7   Thumb Code     0  startup_lpc17xx.o(.text)
    EINT2_IRQHandler                         0x000000f7   Thumb Code     0  startup_lpc17xx.o(.text)
    ENET_IRQHandler                          0x000000f7   Thumb Code     0  startup_lpc17xx.o(.text)
    I2C1_IRQHandler                          0x000000f7   Thumb Code     0  startup_lpc17xx.o(.text)
    I2C2_IRQHandler                          0x000000f7   Thumb Code     0  startup_lpc17xx.o(.text)
    I2S_IRQHandler                           0x000000f7   Thumb Code     0  startup_lpc17xx.o(.text)
    MCPWM_IRQHandler                         0x000000f7   Thumb Code     0  startup_lpc17xx.o(.text)
    PLL0_IRQHandler                          0x000000f7   Thumb Code     0  startup_lpc17xx.o(.text)
    PLL1_IRQHandler                          0x000000f7   Thumb Code     0  startup_lpc17xx.o(.text)
    PWM1_IRQHandler                          0x000000f7   Thumb Code     0  startup_lpc17xx.o(.text)
    QEI_IRQHandler                           0x000000f7   Thumb Code     0  startup_lpc17xx.o(.text)
    RIT_IRQHandler                           0x000000f7   Thumb Code     0  startup_lpc17xx.o(.text)
    RTC_IRQHandler                           0x000000f7   Thumb Code     0  startup_lpc17xx.o(.text)
    SPI_IRQHandler                           0x000000f7   Thumb Code     0  startup_lpc17xx.o(.text)
    SSP0_IRQHandler                          0x000000f7   Thumb Code     0  startup_lpc17xx.o(.text)
    SSP1_IRQHandler                          0x000000f7   Thumb Code     0  startup_lpc17xx.o(.text)
    TIMER0_IRQHandler                        0x000000f7   Thumb Code     0  startup_lpc17xx.o(.text)
    TIMER1_IRQHandler                        0x000000f7   Thumb Code     0  startup_lpc17xx.o(.text)
    TIMER2_IRQHandler                        0x000000f7   Thumb Code     0  startup_lpc17xx.o(.text)
    TIMER3_IRQHandler                        0x000000f7   Thumb Code     0  startup_lpc17xx.o(.text)
    UART0_IRQHandler                         0x000000f7   Thumb Code     0  startup_lpc17xx.o(.text)
    UART1_IRQHandler                         0x000000f7   Thumb Code     0  startup_lpc17xx.o(.text)
    UART2_IRQHandler                         0x000000f7   Thumb Code     0  startup_lpc17xx.o(.text)
    UART3_IRQHandler                         0x000000f7   Thumb Code     0  startup_lpc17xx.o(.text)
    USB_IRQHandler                           0x000000f7   Thumb Code     0  startup_lpc17xx.o(.text)
    WDT_IRQHandler                           0x000000f7   Thumb Code     0  startup_lpc17xx.o(.text)
    __aeabi_fadd                             0x00000101   Thumb Code   164  fadd.o(.text)
    __aeabi_fsub                             0x000001a5   Thumb Code     6  fadd.o(.text)
    __aeabi_frsub                            0x000001ab   Thumb Code     6  fadd.o(.text)
    __aeabi_fmul                             0x000001b1   Thumb Code   108  fmul.o(.text)
    __aeabi_fdiv                             0x0000021d   Thumb Code   128  fdiv.o(.text)
    __aeabi_i2f                              0x0000029d   Thumb Code    18  fflti.o(.text)
    __aeabi_ui2f                             0x000002af   Thumb Code    10  ffltui.o(.text)
    __aeabi_ui2d                             0x000002b9   Thumb Code    26  dfltui.o(.text)
    __aeabi_f2uiz                            0x000002d3   Thumb Code    40  ffixui.o(.text)
    __I$use$fp                               0x000002fb   Thumb Code     0  iusefp.o(.text)
    __scatterload_null                       0x000002fb   Thumb Code     2  handlers.o(i.__scatterload_null)
    __aeabi_f2iz                             0x00000301   Thumb Code    50  ffixi.o(.text)
    __aeabi_d2uiz                            0x00000333   Thumb Code    50  dfixui.o(.text)
    __aeabi_f2d                              0x00000365   Thumb Code    38  f2d.o(.text)
    __aeabi_cdcmpeq                          0x0000038d   Thumb Code     0  cdcmple.o(.text)
    __aeabi_cdcmple                          0x0000038d   Thumb Code    38  cdcmple.o(.text)
    __aeabi_cdrcmple                         0x000003b5   Thumb Code    38  cdrcmple.o(.text)
    __aeabi_uidiv                            0x000003dd   Thumb Code     0  uidiv.o(.text)
    __aeabi_uidivmod                         0x000003dd   Thumb Code    44  uidiv.o(.text)
    __aeabi_llsl                             0x00000409   Thumb Code    30  llshl.o(.text)
    _ll_shift_l                              0x00000409   Thumb Code     0  llshl.o(.text)
    __aeabi_llsr                             0x00000427   Thumb Code    32  llushr.o(.text)
    _ll_ushift_r                             0x00000427   Thumb Code     0  llushr.o(.text)
    _float_round                             0x00000447   Thumb Code    18  fepilogue.o(.text)
    _float_epilogue                          0x00000459   Thumb Code    90  fepilogue.o(.text)
    _double_round                            0x000004b3   Thumb Code    26  depilogue.o(.text)
    _double_epilogue                         0x000004cd   Thumb Code   164  depilogue.o(.text)
    _dsqrt                                   0x00000571   Thumb Code   162  dsqrt.o(.text)
    __scatterload                            0x00000615   Thumb Code    28  init.o(.text)
    __scatterload_rt2                        0x00000615   Thumb Code     0  init.o(.text)
    ADS_Read_AD                              0x00000639   Thumb Code   112  lcd_touch.o(i.ADS_Read_AD)
    ADS_Read_XY                              0x000006b1   Thumb Code   124  lcd_touch.o(i.ADS_Read_XY)
    ADS_Write_Byte                           0x0000072d   Thumb Code    66  lcd_touch.o(i.ADS_Write_Byte)
    Convert_Pos                              0x00000775   Thumb Code   130  lcd_touch.o(i.Convert_Pos)
    Delay                                    0x000007fd   Thumb Code    36  i2c.o(i.Delay)
    Draw_Big_Point                           0x00000821   Thumb Code    44  lcd_touch.o(i.Draw_Big_Point)
    Draw_Circle                              0x0000084d   Thumb Code   176  lcd.o(i.Draw_Circle)
    Drow_Touch_Point                         0x000008fd   Thumb Code    98  lcd_touch.o(i.Drow_Touch_Point)
    EINT3_IRQHandler                         0x00000961   Thumb Code    28  lcd_touch.o(i.EINT3_IRQHandler)
    EINTInit                                 0x00000989   Thumb Code    38  lcd_touch.o(i.EINTInit)
    Get_Adjdata                              0x000009bd   Thumb Code   250  lcd_touch.o(i.Get_Adjdata)
    I2C0_IRQHandler                          0x00000ac1   Thumb Code   514  i2c.o(i.I2C0_IRQHandler)
    I2CInit                                  0x00000ce5   Thumb Code    90  i2c.o(i.I2CInit)
    I2C_ReadNByte                            0x00000d51   Thumb Code   172  i2c.o(i.I2C_ReadNByte)
    I2C_WriteNByte                           0x00000e1d   Thumb Code   164  i2c.o(i.I2C_WriteNByte)
    KEY_Scan                                 0x00000ee1   Thumb Code    28  recognize.o(i.KEY_Scan)
    LCD_Clear                                0x00000f01   Thumb Code    58  lcd.o(i.LCD_Clear)
    LCD_Clear_Area                           0x00000f41   Thumb Code    76  lcd.o(i.LCD_Clear_Area)
    LCD_DrawLine                             0x00000f91   Thumb Code   176  lcd.o(i.LCD_DrawLine)
    LCD_DrawPoint                            0x00001041   Thumb Code    50  lcd.o(i.LCD_DrawPoint)
    LCD_DrawPoint1                           0x0000107d   Thumb Code    50  lcd.o(i.LCD_DrawPoint1)
    LCD_DrawRectangle                        0x000010b5   Thumb Code    64  lcd.o(i.LCD_DrawRectangle)
    LCD_Init                                 0x000010f5   Thumb Code  1288  lcd.o(i.LCD_Init)
    LCD_SetCursor                            0x000015fd   Thumb Code    66  lcd.o(i.LCD_SetCursor)
    LCD_ShowChar                             0x00001645   Thumb Code   328  lcd.o(i.LCD_ShowChar)
    LCD_ShowNum                              0x0000179d   Thumb Code   148  lcd.o(i.LCD_ShowNum)
    LCD_ShowStr                              0x00001831   Thumb Code    80  recognize.o(i.LCD_ShowStr)
    LCD_ShowString                           0x00001885   Thumb Code    74  lcd.o(i.LCD_ShowString)
    LCD_WindowMax                            0x000018cf   Thumb Code    38  lcd.o(i.LCD_WindowMax)
    LCD_WriteRAM_Prepare                     0x000018f5   Thumb Code    10  lcd.o(i.LCD_WriteRAM_Prepare)
    Pen_Int_Set                              0x00001919   Thumb Code    34  lcd_touch.o(i.Pen_Int_Set)
    Read_ADS                                 0x00001941   Thumb Code    42  lcd_touch.o(i.Read_ADS)
    Read_ADS2                                0x0000196b   Thumb Code   192  lcd_touch.o(i.Read_ADS2)
    Read_TP_Once                             0x00001a2d   Thumb Code    64  lcd_touch.o(i.Read_TP_Once)
    Save_Adjdata                             0x00001a75   Thumb Code   210  lcd_touch.o(i.Save_Adjdata)
    SystemInit                               0x00001b51   Thumb Code   282  system_lpc17xx.o(i.SystemInit)
    Touch_Adjust                             0x00001cb1   Thumb Code  1110  lcd_touch.o(i.Touch_Adjust)
    Touch_Init                               0x00002121   Thumb Code    84  lcd_touch.o(i.Touch_Init)
    UART0_Init                               0x0000217d   Thumb Code   162  uart.o(i.UART0_Init)
    UART0_SendByte                           0x00002235   Thumb Code    22  uart.o(i.UART0_SendByte)
    UART2_Init                               0x00002251   Thumb Code   178  uart.o(i.UART2_Init)
    __0printf$1                              0x00002321   Thumb Code    22  printf1.o(i.__0printf$1)
    __1printf$1                              0x00002321   Thumb Code     0  printf1.o(i.__0printf$1)
    __2printf                                0x00002321   Thumb Code     0  printf1.o(i.__0printf$1)
    __scatterload_copy                       0x00002341   Thumb Code    14  handlers.o(i.__scatterload_copy)
    __scatterload_zeroinit                   0x0000234f   Thumb Code    14  handlers.o(i.__scatterload_zeroinit)
    __set_errno                              0x0000235d   Thumb Code     6  errno.o(i.__set_errno)
    choose_Pen_Color                         0x000024bd   Thumb Code   222  recognize.o(i.choose_Pen_Color)
    delay1ms                                 0x000025bb   Thumb Code    36  recognize.o(i.delay1ms)
    delay_ms                                 0x000025df   Thumb Code    22  lcd_touch.o(i.delay_ms)
    delay_us                                 0x000025f5   Thumb Code    12  lcd_touch.o(i.delay_us)
    fputc                                    0x00002601   Thumb Code    14  retarget.o(i.fputc)
    getNum                                   0x00002611   Thumb Code   898  recognize.o(i.getNum)
    getXY                                    0x000029c1   Thumb Code   134  recognize.o(i.getXY)
    initGUI                                  0x00002a59   Thumb Code   126  recognize.o(i.initGUI)
    init_Color_Area                          0x00002b2d   Thumb Code    58  recognize.o(i.init_Color_Area)
    init_Color_Area_Diy                      0x00002b6d   Thumb Code    80  recognize.o(i.init_Color_Area_Diy)
    load_Drow_Dialog                         0x00002bf9   Thumb Code    34  recognize.o(i.load_Drow_Dialog)
    main                                     0x00002c25   Thumb Code    14  main.o(i.main)
    maxArr                                   0x00002c33   Thumb Code    32  recognize.o(i.maxArr)
    minArr                                   0x00002c53   Thumb Code    32  recognize.o(i.minArr)
    mypow                                    0x00002c73   Thumb Code    22  lcd.o(i.mypow)
    sendchar                                 0x00002d1d   Thumb Code    14  uart.o(i.sendchar)
    sqrt                                     0x00002d2b   Thumb Code    78  sqrt.o(i.sqrt)
    touchMain                                0x00002d79   Thumb Code   170  recognize.o(i.touchMain)
    uart                                     0x00002e39   Thumb Code    20  recognize.o(i.uart)
    uart0_set_divisors                       0x00002e4d   Thumb Code   230  uart.o(i.uart0_set_divisors)
    uart2_set_divisors                       0x00002f3d   Thumb Code   230  uart.o(i.uart2_set_divisors)
    wait_delay                               0x0000302d   Thumb Code    12  lcd.o(i.wait_delay)
    Font_24x16                               0x00003104   Data        5376  lcd.o(.constdata)
    asc2_1206                                0x00004604   Data        1140  lcd.o(.constdata)
    asc2_1608                                0x00004a78   Data        1520  lcd.o(.constdata)
    Region$$Table$$Base                      0x00005068   Number         0  anon$$obj.o(Region$$Table)
    Region$$Table$$Limit                     0x00005088   Number         0  anon$$obj.o(Region$$Table)
    POINT_COLOR                              0x10000000   Data           2  lcd.o(.data)
    BACK_COLOR                               0x10000002   Data           2  lcd.o(.data)
    I2C_sla                                  0x1000000c   Data           1  i2c.o(.data)
    I2C_suba                                 0x10000010   Data           4  i2c.o(.data)
    I2C_suba_num                             0x10000014   Data           1  i2c.o(.data)
    I2C_buf                                  0x10000018   Data           4  i2c.o(.data)
    I2C_num                                  0x1000001c   Data           4  i2c.o(.data)
    I2C_end                                  0x10000020   Data           1  i2c.o(.data)
    I2C_suba_en                              0x10000021   Data           1  i2c.o(.data)
    rectangle_size                           0x10000028   Data           2  recognize.o(.data)
    start_x0                                 0x1000002a   Data           2  recognize.o(.data)
    start_y0                                 0x1000002c   Data           2  recognize.o(.data)
    point                                    0x10000030   Data           4  recognize.o(.data)
    conditionArr                             0x10000038   Data          80  recognize.o(.data)
    pSum                                     0x10000088   Data           8  recognize.o(.data)
    clearFlag                                0x10000090   Data           1  recognize.o(.data)
    key                                      0x10000091   Data           1  recognize.o(.data)
    byte                                     0x10000092   Data           1  recognize.o(.data)
    a                                        0x10000093   Data           1  recognize.o(.data)
    buffer                                   0x10000094   Data           1  recognize.o(.data)
    __stdout                                 0x10000098   Data           4  retarget.o(.data)
    __stdin                                  0x1000009c   Data           4  retarget.o(.data)
    SystemFrequency                          0x100000a0   Data           4  system_lpc17xx.o(.data)
    SystemCoreClock                          0x100000a4   Data           4  system_lpc17xx.o(.data)
    Pen_Point                                0x100000ac   Data          24  lcd_touch.o(.bss)
    buf1                                     0x100000c8   Data          32  recognize.o(.bss)
    x                                        0x100000e8   Data         800  recognize.o(.bss)
    y                                        0x10000408   Data         800  recognize.o(.bss)
    future                                   0x10000728   Data        2000  recognize.o(.bss)
    pp                                       0x10000ef8   Data         160  recognize.o(.bss)
    anverage                                 0x10000f98   Data          80  recognize.o(.bss)
    __initial_sp                             0x100011e8   Data           0  startup_lpc17xx.o(STACK)



==============================================================================

Memory Map of the image

  Image Entry point : 0x000000c5

  Load Region LR_IROM1 (Base: 0x00000000, Size: 0x00005134, Max: 0x00080000, ABSOLUTE)

    Execution Region ER_IROM1 (Base: 0x00000000, Size: 0x00005088, Max: 0x00080000, ABSOLUTE)

    Base Addr    Size         Type   Attr      Idx    E Section Name        Object

    0x00000000   0x000000c4   Data   RO          862    RESET               startup_lpc17xx.o
    0x000000c4   0x00000000   Code   RO          917  * .ARM.Collect$$$$00000000  mc_w.l(entry.o)
    0x000000c4   0x00000004   Code   RO         1211    .ARM.Collect$$$$00000001  mc_w.l(entry2.o)
    0x000000c8   0x00000004   Code   RO         1214    .ARM.Collect$$$$00000004  mc_w.l(entry5.o)
    0x000000cc   0x00000000   Code   RO         1216    .ARM.Collect$$$$00000008  mc_w.l(entry7b.o)
    0x000000cc   0x00000008   Code   RO         1217    .ARM.Collect$$$$00000009  mc_w.l(entry8.o)
    0x000000d4   0x00000004   Code   RO         1212    .ARM.Collect$$$$00002712  mc_w.l(entry2.o)
    0x000000d8   0x00000004   Code   RO           76    .emb_text           lcd.o
    0x000000dc   0x00000024   Code   RO          864    .text               startup_lpc17xx.o
    0x00000100   0x000000b0   Code   RO         1181    .text               mf_w.l(fadd.o)
    0x000001b0   0x0000006c   Code   RO         1183    .text               mf_w.l(fmul.o)
    0x0000021c   0x00000080   Code   RO         1185    .text               mf_w.l(fdiv.o)
    0x0000029c   0x00000012   Code   RO         1193    .text               mf_w.l(fflti.o)
    0x000002ae   0x0000000a   Code   RO         1195    .text               mf_w.l(ffltui.o)
    0x000002b8   0x0000001a   Code   RO         1197    .text               mf_w.l(dfltui.o)
    0x000002d2   0x00000028   Code   RO         1201    .text               mf_w.l(ffixui.o)
    0x000002fa   0x00000000   Code   RO         1235    .text               mc_w.l(iusefp.o)
    0x000002fa   0x00000002   Code   RO         1249    i.__scatterload_null  mc_w.l(handlers.o)
    0x000002fc   0x00000004   Code   RO          863    .ARM.__at_0x02FC    startup_lpc17xx.o
    0x00000300   0x00000032   Code   RO         1199    .text               mf_w.l(ffixi.o)
    0x00000332   0x00000032   Code   RO         1203    .text               mf_w.l(dfixui.o)
    0x00000364   0x00000026   Code   RO         1205    .text               mf_w.l(f2d.o)
    0x0000038a   0x00000002   PAD
    0x0000038c   0x00000028   Code   RO         1207    .text               mf_w.l(cdcmple.o)
    0x000003b4   0x00000028   Code   RO         1209    .text               mf_w.l(cdrcmple.o)
    0x000003dc   0x0000002c   Code   RO         1218    .text               mc_w.l(uidiv.o)
    0x00000408   0x0000001e   Code   RO         1222    .text               mc_w.l(llshl.o)
    0x00000426   0x00000020   Code   RO         1224    .text               mc_w.l(llushr.o)
    0x00000446   0x0000006c   Code   RO         1236    .text               mf_w.l(fepilogue.o)
    0x000004b2   0x000000be   Code   RO         1238    .text               mf_w.l(depilogue.o)
    0x00000570   0x000000a2   Code   RO         1240    .text               mf_w.l(dsqrt.o)
    0x00000612   0x00000002   PAD
    0x00000614   0x00000024   Code   RO         1244    .text               mc_w.l(init.o)
    0x00000638   0x00000078   Code   RO          335    i.ADS_Read_AD       lcd_touch.o
    0x000006b0   0x0000007c   Code   RO          336    i.ADS_Read_XY       lcd_touch.o
    0x0000072c   0x00000048   Code   RO          337    i.ADS_Write_Byte    lcd_touch.o
    0x00000774   0x00000088   Code   RO          338    i.Convert_Pos       lcd_touch.o
    0x000007fc   0x00000024   Code   RO          489    i.Delay             i2c.o
    0x00000820   0x0000002c   Code   RO          339    i.Draw_Big_Point    lcd_touch.o
    0x0000084c   0x000000b0   Code   RO           77    i.Draw_Circle       lcd.o
    0x000008fc   0x00000062   Code   RO          340    i.Drow_Touch_Point  lcd_touch.o
    0x0000095e   0x00000002   PAD
    0x00000960   0x00000028   Code   RO          341    i.EINT3_IRQHandler  lcd_touch.o
    0x00000988   0x00000034   Code   RO          342    i.EINTInit          lcd_touch.o
    0x000009bc   0x00000104   Code   RO          343    i.Get_Adjdata       lcd_touch.o
    0x00000ac0   0x00000224   Code   RO          490    i.I2C0_IRQHandler   i2c.o
    0x00000ce4   0x0000006c   Code   RO          491    i.I2CInit           i2c.o
    0x00000d50   0x000000cc   Code   RO          492    i.I2C_ReadNByte     i2c.o
    0x00000e1c   0x000000c4   Code   RO          493    i.I2C_WriteNByte    i2c.o
    0x00000ee0   0x00000020   Code   RO          542    i.KEY_Scan          recognize.o
    0x00000f00   0x00000040   Code   RO           81    i.LCD_Clear         lcd.o
    0x00000f40   0x00000050   Code   RO           83    i.LCD_Clear_Area    lcd.o
    0x00000f90   0x000000b0   Code   RO           87    i.LCD_DrawLine      lcd.o
    0x00001040   0x0000003c   Code   RO           88    i.LCD_DrawPoint     lcd.o
    0x0000107c   0x00000038   Code   RO           89    i.LCD_DrawPoint1    lcd.o
    0x000010b4   0x00000040   Code   RO           90    i.LCD_DrawRectangle  lcd.o
    0x000010f4   0x00000508   Code   RO           92    i.LCD_Init          lcd.o
    0x000015fc   0x00000048   Code   RO           95    i.LCD_SetCursor     lcd.o
    0x00001644   0x00000158   Code   RO           98    i.LCD_ShowChar      lcd.o
    0x0000179c   0x00000094   Code   RO           99    i.LCD_ShowNum       lcd.o
    0x00001830   0x00000054   Code   RO          543    i.LCD_ShowStr       recognize.o
    0x00001884   0x0000004a   Code   RO          100    i.LCD_ShowString    lcd.o
    0x000018ce   0x00000026   Code   RO          102    i.LCD_WindowMax     lcd.o
    0x000018f4   0x0000000a   Code   RO          103    i.LCD_WriteRAM_Prepare  lcd.o
    0x000018fe   0x00000018   Code   RO          344    i.NVIC_EnableIRQ    lcd_touch.o
    0x00001916   0x00000002   PAD
    0x00001918   0x00000028   Code   RO          345    i.Pen_Int_Set       lcd_touch.o
    0x00001940   0x0000002a   Code   RO          346    i.Read_ADS          lcd_touch.o
    0x0000196a   0x000000c0   Code   RO          347    i.Read_ADS2         lcd_touch.o
    0x00001a2a   0x00000002   PAD
    0x00001a2c   0x00000048   Code   RO          348    i.Read_TP_Once      lcd_touch.o
    0x00001a74   0x000000dc   Code   RO          349    i.Save_Adjdata      lcd_touch.o
    0x00001b50   0x00000160   Code   RO          873    i.SystemInit        system_lpc17xx.o
    0x00001cb0   0x00000470   Code   RO          350    i.Touch_Adjust      lcd_touch.o
    0x00002120   0x0000005c   Code   RO          351    i.Touch_Init        lcd_touch.o
    0x0000217c   0x000000b8   Code   RO          715    i.UART0_Init        uart.o
    0x00002234   0x0000001c   Code   RO          716    i.UART0_SendByte    uart.o
    0x00002250   0x000000d0   Code   RO          720    i.UART2_Init        uart.o
    0x00002320   0x00000020   Code   RO          965    i.__0printf$1       mc_w.l(printf1.o)
    0x00002340   0x0000000e   Code   RO         1248    i.__scatterload_copy  mc_w.l(handlers.o)
    0x0000234e   0x0000000e   Code   RO         1250    i.__scatterload_zeroinit  mc_w.l(handlers.o)
    0x0000235c   0x0000000c   Code   RO         1230    i.__set_errno       mc_w.l(errno.o)
    0x00002368   0x00000154   Code   RO          972    i._printf_core      mc_w.l(printf1.o)
    0x000024bc   0x000000f0   Code   RO          544    i.choose_Pen_Color  recognize.o
    0x000025ac   0x0000000e   Code   RO          104    i.delay             lcd.o
    0x000025ba   0x00000024   Code   RO          545    i.delay1ms          recognize.o
    0x000025de   0x00000016   Code   RO          352    i.delay_ms          lcd_touch.o
    0x000025f4   0x0000000c   Code   RO          353    i.delay_us          lcd_touch.o
    0x00002600   0x0000000e   Code   RO          814    i.fputc             retarget.o
    0x0000260e   0x00000002   PAD
    0x00002610   0x000003b0   Code   RO          547    i.getNum            recognize.o
    0x000029c0   0x00000098   Code   RO          549    i.getXY             recognize.o
    0x00002a58   0x000000d4   Code   RO          550    i.initGUI           recognize.o
    0x00002b2c   0x00000040   Code   RO          551    i.init_Color_Area   recognize.o
    0x00002b6c   0x00000050   Code   RO          552    i.init_Color_Area_Diy  recognize.o
    0x00002bbc   0x0000003c   Code   RO          105    i.lcd_send          lcd.o
    0x00002bf8   0x0000002c   Code   RO          553    i.load_Drow_Dialog  recognize.o
    0x00002c24   0x0000000e   Code   RO            3    i.main              main.o
    0x00002c32   0x00000020   Code   RO          554    i.maxArr            recognize.o
    0x00002c52   0x00000020   Code   RO          555    i.minArr            recognize.o
    0x00002c72   0x00000016   Code   RO          106    i.mypow             lcd.o
    0x00002c88   0x00000068   Code   RO          107    i.rd_dat            lcd.o
    0x00002cf0   0x0000002c   Code   RO          108    i.rd_reg            lcd.o
    0x00002d1c   0x0000000e   Code   RO          725    i.sendchar          uart.o
    0x00002d2a   0x0000004e   Code   RO          910    i.sqrt              m_ws.l(sqrt.o)
    0x00002d78   0x000000c0   Code   RO          556    i.touchMain         recognize.o
    0x00002e38   0x00000014   Code   RO          557    i.uart              recognize.o
    0x00002e4c   0x000000f0   Code   RO          726    i.uart0_set_divisors  uart.o
    0x00002f3c   0x000000f0   Code   RO          727    i.uart2_set_divisors  uart.o
    0x0000302c   0x0000000c   Code   RO          109    i.wait_delay        lcd.o
    0x00003038   0x00000030   Code   RO          110    i.wr_cmd            lcd.o
    0x00003068   0x00000030   Code   RO          111    i.wr_dat            lcd.o
    0x00003098   0x00000024   Code   RO          112    i.wr_dat_only       lcd.o
    0x000030bc   0x00000010   Code   RO          113    i.wr_dat_start      lcd.o
    0x000030cc   0x00000010   Code   RO          114    i.wr_dat_stop       lcd.o
    0x000030dc   0x00000028   Code   RO          115    i.wr_reg            lcd.o
    0x00003104   0x00001f64   Data   RO          116    .constdata          lcd.o
    0x00005068   0x00000020   Data   RO         1246    Region$$Table       anon$$obj.o


    Execution Region RW_IRAM1 (Base: 0x10000000, Size: 0x000011e8, Max: 0x00008000, ABSOLUTE)

    Base Addr    Size         Type   Attr      Idx    E Section Name        Object

    0x10000000   0x0000000a   Data   RW          117    .data               lcd.o
    0x1000000a   0x00000002   PAD
    0x1000000c   0x00000016   Data   RW          495    .data               i2c.o
    0x10000022   0x00000006   PAD
    0x10000028   0x0000006d   Data   RW          559    .data               recognize.o
    0x10000095   0x00000003   PAD
    0x10000098   0x00000008   Data   RW          815    .data               retarget.o
    0x100000a0   0x00000008   Data   RW          874    .data               system_lpc17xx.o
    0x100000a8   0x00000004   Data   RW         1231    .data               mc_w.l(errno.o)
    0x100000ac   0x00000018   Zero   RW          354    .bss                lcd_touch.o
    0x100000c4   0x00000004   PAD
    0x100000c8   0x00000f20   Zero   RW          558    .bss                recognize.o
    0x10000fe8   0x00000200   Zero   RW          860    STACK               startup_lpc17xx.o


==============================================================================

Image component sizes


      Code (inc. data)   RO Data    RW Data    ZI Data      Debug   Object Name

      1092        128          0         22          0      27800   i2c.o
      3114        102       8036         10          0      33248   lcd.o
      2798        154          0          0         24      36799   lcd_touch.o
        14          0          0          0          0       5907   main.o
      2164        214          0        109       3872      10237   recognize.o
        14          0          0          8          0       2252   retarget.o
        40         12        196          0        512        900   startup_lpc17xx.o
       352         70          0          8          0        819   system_lpc17xx.o
       914         78          0          0          0       4300   uart.o

    ----------------------------------------------------------------------
     10510        758       8264        168       4412     122262   Object Totals
         0          0         32          0          0          0   (incl. Generated)
         8          0          0         11          4          0   (incl. Padding)

    ----------------------------------------------------------------------

      Code (inc. data)   RO Data    RW Data    ZI Data      Debug   Library Member Name

        78          0          0          0          0         84   sqrt.o
         0          0          0          0          0          0   entry.o
         8          4          0          0          0          0   entry2.o
         4          0          0          0          0          0   entry5.o
         0          0          0          0          0          0   entry7b.o
         8          4          0          0          0          0   entry8.o
        12          6          0          4          0         68   errno.o
        30          0          0          0          0          0   handlers.o
        36          8          0          0          0         68   init.o
         0          0          0          0          0          0   iusefp.o
        30          0          0          0          0         68   llshl.o
        32          0          0          0          0         68   llushr.o
       372         16          0          0          0        180   printf1.o
        44          0          0          0          0         80   uidiv.o
        40          2          0          0          0         68   cdcmple.o
        40          2          0          0          0         68   cdrcmple.o
       190          0          0          0          0        176   depilogue.o
        50          0          0          0          0         76   dfixui.o
        26          0          0          0          0         76   dfltui.o
       162          0          0          0          0        100   dsqrt.o
        38          0          0          0          0         68   f2d.o
       176          0          0          0          0        140   fadd.o
       128          0          0          0          0         88   fdiv.o
       108          0          0          0          0        168   fepilogue.o
        50          0          0          0          0         68   ffixi.o
        40          0          0          0          0         68   ffixui.o
        18          0          0          0          0         68   fflti.o
        10          0          0          0          0         68   ffltui.o
       108          0          0          0          0         76   fmul.o

    ----------------------------------------------------------------------
      1842         42          0          4          0       1992   Library Totals
         4          0          0          0          0          0   (incl. Padding)

    ----------------------------------------------------------------------

      Code (inc. data)   RO Data    RW Data    ZI Data      Debug   Library Name

        78          0          0          0          0         84   m_ws.l
       576         38          0          4          0        532   mc_w.l
      1184          4          0          0          0       1376   mf_w.l

    ----------------------------------------------------------------------
      1842         42          0          4          0       1992   Library Totals

    ----------------------------------------------------------------------

==============================================================================


      Code (inc. data)   RO Data    RW Data    ZI Data      Debug   

     12352        800       8264        172       4412     119418   Grand Totals
     12352        800       8264        172       4412     119418   ELF Image Totals
     12352        800       8264        172          0          0   ROM Totals

==============================================================================

    Total RO  Size (Code + RO Data)                20616 (  20.13kB)
    Total RW  Size (RW Data + ZI Data)              4584 (   4.48kB)
    Total ROM Size (Code + RO Data + RW Data)      20788 (  20.30kB)

==============================================================================

