ARM Linker, 5.02 [Build 28] [MDK-ARM Lite]

==============================================================================

Section Cross References

    main.o(i.main) refers to recognize.o(i.initGUI) for initGUI
    main.o(i.main) refers to recognize.o(i.touchMain) for touchMain
    lcd.o(i.Draw_Circle) refers to lcd.o(i.LCD_DrawPoint) for LCD_DrawPoint
    lcd.o(i.LCD_Bargraph) refers to lcd.o(i.wr_reg) for wr_reg
    lcd.o(i.LCD_Bargraph) refers to lcd.o(i.LCD_SetCursor) for LCD_SetCursor
    lcd.o(i.LCD_Bargraph) refers to lcd.o(i.wr_cmd) for wr_cmd
    lcd.o(i.LCD_Bargraph) refers to lcd.o(i.wr_dat_start) for wr_dat_start
    lcd.o(i.LCD_Bargraph) refers to lcd.o(i.wr_dat_only) for wr_dat_only
    lcd.o(i.LCD_Bargraph) refers to lcd.o(i.wr_dat_stop) for wr_dat_stop
    lcd.o(i.LCD_Bargraph) refers to lcd.o(.data) for BackColor
    lcd.o(i.LCD_Bitmap) refers to lcd.o(i.wr_reg) for wr_reg
    lcd.o(i.LCD_Bitmap) refers to lcd.o(i.wr_cmd) for wr_cmd
    lcd.o(i.LCD_Bitmap) refers to lcd.o(i.wr_dat_start) for wr_dat_start
    lcd.o(i.LCD_Bitmap) refers to lcd.o(i.wr_dat_only) for wr_dat_only
    lcd.o(i.LCD_Bitmap) refers to lcd.o(i.wr_dat_stop) for wr_dat_stop
    lcd.o(i.LCD_Bmp) refers to lcd.o(i.wr_reg) for wr_reg
    lcd.o(i.LCD_Bmp) refers to lcd.o(i.wr_cmd) for wr_cmd
    lcd.o(i.LCD_Bmp) refers to lcd.o(i.wr_dat_start) for wr_dat_start
    lcd.o(i.LCD_Bmp) refers to lcd.o(i.wr_dat_only) for wr_dat_only
    lcd.o(i.LCD_Bmp) refers to lcd.o(i.wr_dat_stop) for wr_dat_stop
    lcd.o(i.LCD_Clear) refers to lcd.o(i.LCD_WindowMax) for LCD_WindowMax
    lcd.o(i.LCD_Clear) refers to lcd.o(i.LCD_SetCursor) for LCD_SetCursor
    lcd.o(i.LCD_Clear) refers to lcd.o(i.wr_cmd) for wr_cmd
    lcd.o(i.LCD_Clear) refers to lcd.o(i.wr_dat_start) for wr_dat_start
    lcd.o(i.LCD_Clear) refers to lcd.o(i.wr_dat_only) for wr_dat_only
    lcd.o(i.LCD_Clear) refers to lcd.o(i.wr_dat_stop) for wr_dat_stop
    lcd.o(i.LCD_ClearLn) refers to lcd.o(i.LCD_WindowMax) for LCD_WindowMax
    lcd.o(i.LCD_ClearLn) refers to lcd.o(i.LCD_DisplayString) for LCD_DisplayString
    lcd.o(i.LCD_Clear_Area) refers to lcd.o(i.LCD_SetCursor) for LCD_SetCursor
    lcd.o(i.LCD_Clear_Area) refers to lcd.o(i.wr_cmd) for wr_cmd
    lcd.o(i.LCD_Clear_Area) refers to lcd.o(i.wr_dat_start) for wr_dat_start
    lcd.o(i.LCD_Clear_Area) refers to lcd.o(i.wr_dat_only) for wr_dat_only
    lcd.o(i.LCD_Clear_Area) refers to lcd.o(i.wr_dat_stop) for wr_dat_stop
    lcd.o(i.LCD_DisplayChar) refers to lcd.o(i.LCD_DrawChar) for LCD_DrawChar
    lcd.o(i.LCD_DisplayChar) refers to lcd.o(.constdata) for Font_24x16
    lcd.o(i.LCD_DisplayString) refers to lcd.o(i.LCD_WindowMax) for LCD_WindowMax
    lcd.o(i.LCD_DisplayString) refers to lcd.o(i.LCD_DisplayChar) for LCD_DisplayChar
    lcd.o(i.LCD_DrawChar) refers to lcd.o(i.wr_reg) for wr_reg
    lcd.o(i.LCD_DrawChar) refers to lcd.o(i.LCD_SetCursor) for LCD_SetCursor
    lcd.o(i.LCD_DrawChar) refers to lcd.o(i.wr_cmd) for wr_cmd
    lcd.o(i.LCD_DrawChar) refers to lcd.o(i.wr_dat_start) for wr_dat_start
    lcd.o(i.LCD_DrawChar) refers to lcd.o(i.wr_dat_only) for wr_dat_only
    lcd.o(i.LCD_DrawChar) refers to lcd.o(i.wr_dat_stop) for wr_dat_stop
    lcd.o(i.LCD_DrawChar) refers to lcd.o(.data) for BackColor
    lcd.o(i.LCD_DrawLine) refers to lcd.o(i.LCD_DrawPoint) for LCD_DrawPoint
    lcd.o(i.LCD_DrawPoint) refers to lcd.o(i.LCD_WindowMax) for LCD_WindowMax
    lcd.o(i.LCD_DrawPoint) refers to lcd.o(i.LCD_SetCursor) for LCD_SetCursor
    lcd.o(i.LCD_DrawPoint) refers to lcd.o(i.wr_cmd) for wr_cmd
    lcd.o(i.LCD_DrawPoint) refers to lcd.o(i.wr_dat_start) for wr_dat_start
    lcd.o(i.LCD_DrawPoint) refers to lcd.o(i.wr_dat_only) for wr_dat_only
    lcd.o(i.LCD_DrawPoint) refers to lcd.o(i.wr_dat_stop) for wr_dat_stop
    lcd.o(i.LCD_DrawPoint) refers to lcd.o(.data) for POINT_COLOR
    lcd.o(i.LCD_DrawPoint1) refers to lcd.o(i.LCD_WindowMax) for LCD_WindowMax
    lcd.o(i.LCD_DrawPoint1) refers to lcd.o(i.LCD_SetCursor) for LCD_SetCursor
    lcd.o(i.LCD_DrawPoint1) refers to lcd.o(i.wr_cmd) for wr_cmd
    lcd.o(i.LCD_DrawPoint1) refers to lcd.o(i.wr_dat_start) for wr_dat_start
    lcd.o(i.LCD_DrawPoint1) refers to lcd.o(i.wr_dat_only) for wr_dat_only
    lcd.o(i.LCD_DrawPoint1) refers to lcd.o(i.wr_dat_stop) for wr_dat_stop
    lcd.o(i.LCD_DrawRectangle) refers to lcd.o(i.LCD_DrawLine) for LCD_DrawLine
    lcd.o(i.LCD_DrawRectangle) refers to lcd.o(.data) for POINT_COLOR
    lcd.o(i.LCD_Fill) refers to lcd.o(i.wr_reg) for wr_reg
    lcd.o(i.LCD_Fill) refers to lcd.o(i.LCD_SetCursor) for LCD_SetCursor
    lcd.o(i.LCD_Fill) refers to lcd.o(i.LCD_WriteRAM_Prepare) for LCD_WriteRAM_Prepare
    lcd.o(i.LCD_Fill) refers to lcd.o(i.wr_dat_start) for wr_dat_start
    lcd.o(i.LCD_Fill) refers to lcd.o(i.wr_dat_only) for wr_dat_only
    lcd.o(i.LCD_Init) refers to lcd.o(i.delay) for delay
    lcd.o(i.LCD_Init) refers to lcd.o(i.rd_reg) for rd_reg
    lcd.o(i.LCD_Init) refers to lcd.o(i.wr_reg) for wr_reg
[...]
    recognize.o(i.initGUI) refers to recognize.o(i.delay1ms) for delay1ms
    recognize.o(i.initGUI) refers to lcd.o(i.LCD_Clear_Area) for LCD_Clear_Area
    recognize.o(i.initGUI) refers to recognize.o(i.uart) for uart
    recognize.o(i.initGUI) refers to recognize.o(.data) for start_y0
    recognize.o(i.init_Color_Area) refers to lcd.o(i.LCD_DrawRectangle) for LCD_DrawRectangle
    recognize.o(i.init_Color_Area) refers to lcd.o(.data) for POINT_COLOR
    recognize.o(i.init_Color_Area_Diy) refers to recognize.o(i.init_Color_Area) for init_Color_Area
    recognize.o(i.load_Drow_Dialog) refers to lcd.o(i.LCD_Clear) for LCD_Clear
    recognize.o(i.load_Drow_Dialog) refers to lcd.o(i.LCD_ShowString) for LCD_ShowString
    recognize.o(i.load_Drow_Dialog) refers to lcd.o(.data) for POINT_COLOR
    recognize.o(i.touchMain) refers to lcd.o(i.LCD_Clear) for LCD_Clear
    recognize.o(i.touchMain) refers to lcd_touch.o(i.Touch_Adjust) for Touch_Adjust
    recognize.o(i.touchMain) refers to lcd_touch.o(i.Save_Adjdata) for Save_Adjdata
    recognize.o(i.touchMain) refers to recognize.o(i.load_Drow_Dialog) for load_Drow_Dialog
    recognize.o(i.touchMain) refers to recognize.o(i.choosePenColor) for choosePenColor
    recognize.o(i.touchMain) refers to lcd.o(i.LCD_ShowString) for LCD_ShowString
    recognize.o(i.touchMain) refers to recognize.o(i.delay1ms) for delay1ms
    recognize.o(i.touchMain) refers to lcd.o(i.LCD_Clear_Area) for LCD_Clear_Area
    recognize.o(i.touchMain) refers to recognize.o(i.KEY_Scan) for KEY_Scan
    recognize.o(i.touchMain) refers to lcd_touch.o(i.Pen_Int_Set) for Pen_Int_Set
    recognize.o(i.touchMain) refers to lcd_touch.o(i.Convert_Pos) for Convert_Pos
    recognize.o(i.touchMain) refers to lcd_touch.o(i.Draw_Big_Point) for Draw_Big_Point
    recognize.o(i.touchMain) refers to recognize.o(i.getXY) for getXY
    recognize.o(i.touchMain) refers to recognize.o(.data) for key
    recognize.o(i.touchMain) refers to lcd_touch.o(.bss) for Pen_Point
    recognize.o(i.uart) refers to uart.o(i.UART2_Init) for UART2_Init
    recognize.o(i.uart) refers to uart.o(i.UART0_Init) for UART0_Init
    recognizecode.o(i.getCount) refers to recognizecode.o(i.hasIntersection) for hasIntersection
    recognizecode.o(i.getDelta) refers to recognize.o(i.minArr) for minArr
    recognizecode.o(i.getDelta) refers to recognize.o(i.maxArr) for maxArr
    recognizecode.o(i.getDis) refers to recognizecode.o(i.hasIntersection) for hasIntersection
    recognizecode.o(i.getDis) refers to fflti.o(.text) for __aeabi_i2f
    recognizecode.o(i.getLowerCase) refers to recognize.o(i.minArr) for minArr
    recognizecode.o(i.getLowerCase) refers to recognize.o(i.maxArr) for maxArr
    recognizecode.o(i.getLowerCase) refers to recognizecode.o(i.getCount) for getCount
    recognizecode.o(i.getLowerCase) refers to printf3.o(i.__0printf$3) for __2printf
    recognizecode.o(i.getLowerCase) refers to recognizecode.o(i.hasIntersection) for hasIntersection
    recognizecode.o(i.getLowerCase) refers to recognizecode.o(i.getDis) for getDis
    recognizecode.o(i.getLowerCase) refers to fflti.o(.text) for __aeabi_i2f
    recognizecode.o(i.getLowerCase) refers to fdiv.o(.text) for __aeabi_fdiv
    recognizecode.o(i.getLowerCase) refers to f2d.o(.text) for __aeabi_f2d
    recognizecode.o(i.getLowerCase) refers to cdrcmple.o(.text) for __aeabi_cdrcmple
    recognizecode.o(i.getLowerCase) refers to recognizecode.o(i.getTemp) for getTemp
    recognizecode.o(i.getLowerCase) refers to recognizecode.o(.data) for arrLength
    recognizecode.o(i.getMid) refers to recognizecode.o(i.getDelta) for getDelta
    recognizecode.o(i.getNum) refers to recognize.o(i.minArr) for minArr
    recognizecode.o(i.getNum) refers to recognize.o(i.maxArr) for maxArr
    recognizecode.o(i.getNum) refers to recognizecode.o(i.getCount) for getCount
    recognizecode.o(i.getNum) refers to printf3.o(i.__0printf$3) for __2printf
    recognizecode.o(i.getNum) refers to recognizecode.o(i.hasIntersection) for hasIntersection
    recognizecode.o(i.getNum) refers to recognizecode.o(.data) for arrLength
    recognizecode.o(i.getTemp) refers to recognizecode.o(i.hasIntersection) for hasIntersection
    recognizecode.o(i.getUperCase) refers to recognize.o(i.minArr) for minArr
    recognizecode.o(i.getUperCase) refers to recognize.o(i.maxArr) for maxArr
    recognizecode.o(i.getUperCase) refers to recognizecode.o(i.getCount) for getCount
    recognizecode.o(i.getUperCase) refers to printf3.o(i.__0printf$3) for __2printf
    recognizecode.o(i.getUperCase) refers to recognizecode.o(i.getTemp) for getTemp
    recognizecode.o(i.getUperCase) refers to fflti.o(.text) for __aeabi_i2f
    recognizecode.o(i.getUperCase) refers to recognizecode.o(i.getDis) for getDis
    recognizecode.o(i.getUperCase) refers to fdiv.o(.text) for __aeabi_fdiv
    recognizecode.o(i.getUperCase) refers to f2d.o(.text) for __aeabi_f2d
    recognizecode.o(i.getUperCase) refers to cdrcmple.o(.text) for __aeabi_cdrcmple
    recognizecode.o(i.getUperCase) refers to recognizecode.o(.data) for arrLength
    recognizecode.o(i.getUperCase) refers to recognizecode.o(i.hasIntersection) for hasIntersection
    recognizecode.o(i.hasIntersection) refers to recognizecode.o(i.getDelta) for getDelta
    recognizecode.o(i.hasIntersection) refers to recognizecode.o(.data) for arrLength
    uart.o(i.UART0_Init) refers to uart.o(i.uart0_set_divisors) for uart0_set_divisors
    uart.o(i.UART0_Init) refers to system_lpc17xx.o(.data) for SystemCoreClock
    uart.o(i.UART0_SendChar) refers to uart.o(i.UART0_SendByte) for UART0_SendByte
    uart.o(i.UART0_SendString) refers to uart.o(i.UART0_SendByte) for UART0_SendByte
    uart.o(i.UART2_Init) refers to uart.o(i.uart2_set_divisors) for uart2_set_divisors
    uart.o(i.UART2_Init) refers to system_lpc17xx.o(.data) for SystemCoreClock
    uart.o(i.UART2_SendString) refers to uart.o(i.UART2_SendByte) for UART2_SendByte
    uart.o(i.UARTInit) refers to system_lpc17xx.o(.data) for SystemCoreClock
    uart.o(i.getkey) refers to uart.o(i.UART0_GetChar) for UART0_GetChar
    uart.o(i.sendchar) refers to uart.o(i.UART0_SendByte) for UART0_SendByte
    retarget.o(i._ttywrch) refers to uart.o(i.sendchar) for sendchar
    retarget.o(i.fgetc) refers to uart.o(i.getkey) for getkey
    retarget.o(i.fgetc) refers to uart.o(i.sendchar) for sendchar
    retarget.o(i.fputc) refers to uart.o(i.sendchar) for sendchar
    startup_lpc17xx.o(RESET) refers to startup_lpc17xx.o(STACK) for __initial_sp
    startup_lpc17xx.o(RESET) refers to startup_lpc17xx.o(.text) for Reset_Handler
    startup_lpc17xx.o(RESET) refers to i2c.o(i.I2C0_IRQHandler) for I2C0_IRQHandler
    startup_lpc17xx.o(RESET) refers to lcd_touch.o(i.EINT3_IRQHandler) for EINT3_IRQHandler
    startup_lpc17xx.o(.text) refers to system_lpc17xx.o(i.SystemInit) for SystemInit
    startup_lpc17xx.o(.text) refers to entry.o(.ARM.Collect$$$$00000000) for __main
    system_lpc17xx.o(i.SystemCoreClockUpdate) refers to system_lpc17xx.o(.data) for SystemCoreClock
    sqrt.o(i.__softfp_sqrt) refers (Special) to iusefp.o(.text) for __I$use$fp
    sqrt.o(i.__softfp_sqrt) refers to dsqrt.o(.text) for _dsqrt
    sqrt.o(i.__softfp_sqrt) refers to errno.o(i.__set_errno) for __set_errno
    sqrt.o(i.sqrt) refers (Special) to iusefp.o(.text) for __I$use$fp
    sqrt.o(i.sqrt) refers to dsqrt.o(.text) for _dsqrt
    sqrt.o(i.sqrt) refers to errno.o(i.__set_errno) for __set_errno
    sqrt_x.o(i.____softfp_sqrt$lsc) refers (Special) to iusefp.o(.text) for __I$use$fp
    sqrt_x.o(i.____softfp_sqrt$lsc) refers to cdcmple.o(.text) for __aeabi_cdcmple
    sqrt_x.o(i.____softfp_sqrt$lsc) refers to errno.o(i.__set_errno) for __set_errno
    sqrt_x.o(i.____softfp_sqrt$lsc) refers to dsqrt.o(.text) for _dsqrt
    sqrt_x.o(i.__sqrt$lsc) refers (Special) to iusefp.o(.text) for __I$use$fp
    sqrt_x.o(i.__sqrt$lsc) refers to cdcmple.o(.text) for __aeabi_cdcmple
    sqrt_x.o(i.__sqrt$lsc) refers to errno.o(i.__set_errno) for __set_errno
    sqrt_x.o(i.__sqrt$lsc) refers to dsqrt.o(.text) for _dsqrt
    entry.o(.ARM.Collect$$$$00000000) refers (Special) to entry7b.o(.ARM.Collect$$$$00000008) for _main_clock
    entry.o(.ARM.Collect$$$$00000000) refers (Special) to entry8.o(.ARM.Collect$$$$00000009) for _main_init
    entry.o(.ARM.Collect$$$$00000000) refers (Special) to entry5.o(.ARM.Collect$$$$00000004) for _main_scatterload
    entry.o(.ARM.Collect$$$$00000000) refers (Special) to entry2.o(.ARM.Collect$$$$00000001) for _main_stk
    printfb.o(i.__0fprintf$bare) refers to printfb.o(i._printf_core) for _printf_core
    printfb.o(i.__0fprintf$bare) refers to retarget.o(i.fputc) for fputc
    printfb.o(i.__0printf$bare) refers to printfb.o(i._printf_core) for _printf_core
    printfb.o(i.__0printf$bare) refers to retarget.o(i.fputc) for fputc
    printfb.o(i.__0printf$bare) refers to retarget.o(.data) for __stdout
    printfb.o(i.__0snprintf$bare) refers to printfb.o(i._printf_core) for _printf_core
    printfb.o(i.__0snprintf$bare) refers to printfb.o(i._snputc) for _snputc
    printfb.o(i.__0sprintf$bare) refers to printfb.o(i._printf_core) for _printf_core
    printfb.o(i.__0sprintf$bare) refers to printfb.o(i._sputc) for _sputc
    printfb.o(i.__0vfprintf$bare) refers to printfb.o(i._printf_core) for _printf_core
    printfb.o(i.__0vfprintf$bare) refers to retarget.o(i.fputc) for fputc
    printfb.o(i.__0vprintf$bare) refers to printfb.o(i._printf_core) for _printf_core
    printfb.o(i.__0vprintf$bare) refers to retarget.o(i.fputc) for fputc
    printfb.o(i.__0vprintf$bare) refers to retarget.o(.data) for __stdout
    printfb.o(i.__0vsnprintf$bare) refers to printfb.o(i._printf_core) for _printf_core
    printfb.o(i.__0vsnprintf$bare) refers to printfb.o(i._snputc) for _snputc
    printfb.o(i.__0vsprintf$bare) refers to printfb.o(i._printf_core) for _printf_core
    printfb.o(i.__0vsprintf$bare) refers to printfb.o(i._sputc) for _sputc
    printf0.o(i.__0fprintf$0) refers to printf0.o(i._printf_core) for _printf_core
    printf0.o(i.__0fprintf$0) refers to retarget.o(i.fputc) for fputc
    printf0.o(i.__0printf$0) refers to printf0.o(i._printf_core) for _printf_core
    printf0.o(i.__0printf$0) refers to retarget.o(i.fputc) for fputc
    printf0.o(i.__0printf$0) refers to retarget.o(.data) for __stdout
    printf0.o(i.__0snprintf$0) refers to printf0.o(i._printf_core) for _printf_core
    printf0.o(i.__0snprintf$0) refers to printf0.o(i._snputc) for _snputc
    printf0.o(i.__0sprintf$0) refers to printf0.o(i._printf_core) for _printf_core
    printf0.o(i.__0sprintf$0) refers to printf0.o(i._sputc) for _sputc
    printf0.o(i.__0vfprintf$0) refers to printf0.o(i._printf_core) for _printf_core
    printf0.o(i.__0vfprintf$0) refers to retarget.o(i.fputc) for fputc
    printf0.o(i.__0vprintf$0) refers to printf0.o(i._printf_core) for _printf_core
    printf0.o(i.__0vprintf$0) refers to retarget.o(i.fputc) for fputc
    printf0.o(i.__0vprintf$0) refers to retarget.o(.data) for __stdout
    printf0.o(i.__0vsnprintf$0) refers to printf0.o(i._printf_core) for _printf_core
    printf0.o(i.__0vsnprintf$0) refers to printf0.o(i._snputc) for _snputc
    printf0.o(i.__0vsprintf$0) refers to printf0.o(i._printf_core) for _printf_core
    printf0.o(i.__0vsprintf$0) refers to printf0.o(i._sputc) for _sputc
    printf1.o(i.__0fprintf$1) refers to printf1.o(i._printf_core) for _printf_core
    printf1.o(i.__0fprintf$1) refers to retarget.o(i.fputc) for fputc
    printf1.o(i.__0printf$1) refers to printf1.o(i._printf_core) for _printf_core
    printf1.o(i.__0printf$1) refers to retarget.o(i.fputc) for fputc
    printf1.o(i.__0printf$1) refers to retarget.o(.data) for __stdout
    printf1.o(i.__0snprintf$1) refers to printf1.o(i._printf_core) for _printf_core
    printf1.o(i.__0snprintf$1) refers to printf1.o(i._snputc) for _snputc
    printf1.o(i.__0sprintf$1) refers to printf1.o(i._printf_core) for _printf_core
    printf1.o(i.__0sprintf$1) refers to printf1.o(i._sputc) for _sputc
    printf1.o(i.__0vfprintf$1) refers to printf1.o(i._printf_core) for _printf_core
    printf1.o(i.__0vfprintf$1) refers to retarget.o(i.fputc) for fputc
    printf1.o(i.__0vprintf$1) refers to printf1.o(i._printf_core) for _printf_core
    printf1.o(i.__0vprintf$1) refers to retarget.o(i.fputc) for fputc
    printf1.o(i.__0vprintf$1) refers to retarget.o(.data) for __stdout
    printf1.o(i.__0vsnprintf$1) refers to printf1.o(i._printf_core) for _printf_core
    printf1.o(i.__0vsnprintf$1) refers to printf1.o(i._snputc) for _snputc
    printf1.o(i.__0vsprintf$1) refers to printf1.o(i._printf_core) for _printf_core
    printf1.o(i.__0vsprintf$1) refers to printf1.o(i._sputc) for _sputc
    printf1.o(i._printf_core) refers to uidiv.o(.text) for __aeabi_uidivmod
    printf2.o(i.__0fprintf$2) refers to printf2.o(i._printf_core) for _printf_core
    printf2.o(i.__0fprintf$2) refers to retarget.o(i.fputc) for fputc
    printf2.o(i.__0printf$2) refers to printf2.o(i._printf_core) for _printf_core
    printf2.o(i.__0printf$2) refers to retarget.o(i.fputc) for fputc
    printf2.o(i.__0printf$2) refers to retarget.o(.data) for __stdout
    printf2.o(i.__0snprintf$2) refers to printf2.o(i._printf_core) for _printf_core
    printf2.o(i.__0snprintf$2) refers to printf2.o(i._snputc) for _snputc
    printf2.o(i.__0sprintf$2) refers to printf2.o(i._printf_core) for _printf_core
    printf2.o(i.__0sprintf$2) refers to printf2.o(i._sputc) for _sputc
    printf2.o(i.__0vfprintf$2) refers to printf2.o(i._printf_core) for _printf_core
    printf2.o(i.__0vfprintf$2) refers to retarget.o(i.fputc) for fputc
    printf2.o(i.__0vprintf$2) refers to printf2.o(i._printf_core) for _printf_core
    printf2.o(i.__0vprintf$2) refers to retarget.o(i.fputc) for fputc
    printf2.o(i.__0vprintf$2) refers to retarget.o(.data) for __stdout
    printf2.o(i.__0vsnprintf$2) refers to printf2.o(i._printf_core) for _printf_core
    printf2.o(i.__0vsnprintf$2) refers to printf2.o(i._snputc) for _snputc
    printf2.o(i.__0vsprintf$2) refers to printf2.o(i._printf_core) for _printf_core
    printf2.o(i.__0vsprintf$2) refers to printf2.o(i._sputc) for _sputc
    printf3.o(i.__0fprintf$3) refers to printf3.o(i._printf_core) for _printf_core
    printf3.o(i.__0fprintf$3) refers to retarget.o(i.fputc) for fputc
    printf3.o(i.__0printf$3) refers to printf3.o(i._printf_core) for _printf_core
    printf3.o(i.__0printf$3) refers to retarget.o(i.fputc) for fputc
    printf3.o(i.__0printf$3) refers to retarget.o(.data) for __stdout
    printf3.o(i.__0snprintf$3) refers to printf3.o(i._printf_core) for _printf_core
    printf3.o(i.__0snprintf$3) refers to printf3.o(i._snputc) for _snputc
    printf3.o(i.__0sprintf$3) refers to printf3.o(i._printf_core) for _printf_core
    printf3.o(i.__0sprintf$3) refers to printf3.o(i._sputc) for _sputc
    printf3.o(i.__0vfprintf$3) refers to printf3.o(i._printf_core) for _printf_core
    printf3.o(i.__0vfprintf$3) refers to retarget.o(i.fputc) for fputc
    printf3.o(i.__0vprintf$3) refers to printf3.o(i._printf_core) for _printf_core
    printf3.o(i.__0vprintf$3) refers to retarget.o(i.fputc) for fputc
    printf3.o(i.__0vprintf$3) refers to retarget.o(.data) for __stdout
    printf3.o(i.__0vsnprintf$3) refers to printf3.o(i._printf_core) for _printf_core
    printf3.o(i.__0vsnprintf$3) refers to printf3.o(i._snputc) for _snputc
    printf3.o(i.__0vsprintf$3) refers to printf3.o(i._printf_core) for _printf_core
    printf3.o(i.__0vsprintf$3) refers to printf3.o(i._sputc) for _sputc
    printf3.o(i._printf_core) refers to uidiv.o(.text) for __aeabi_uidivmod
    printf4.o(i.__0fprintf$4) refers to printf4.o(i._printf_core) for _printf_core
    printf4.o(i.__0fprintf$4) refers to retarget.o(i.fputc) for fputc
    printf4.o(i.__0printf$4) refers to printf4.o(i._printf_core) for _printf_core
    printf4.o(i.__0printf$4) refers to retarget.o(i.fputc) for fputc
    printf4.o(i.__0printf$4) refers to retarget.o(.data) for __stdout
    printf4.o(i.__0snprintf$4) refers to printf4.o(i._printf_core) for _printf_core
    printf4.o(i.__0snprintf$4) refers to printf4.o(i._snputc) for _snputc
    printf4.o(i.__0sprintf$4) refers to printf4.o(i._printf_core) for _printf_core
    printf4.o(i.__0sprintf$4) refers to printf4.o(i._sputc) for _sputc
    printf4.o(i.__0vfprintf$4) refers to printf4.o(i._printf_core) for _printf_core
    printf4.o(i.__0vfprintf$4) refers to retarget.o(i.fputc) for fputc
    printf4.o(i.__0vprintf$4) refers to printf4.o(i._printf_core) for _printf_core
    printf4.o(i.__0vprintf$4) refers to retarget.o(i.fputc) for fputc
    printf4.o(i.__0vprintf$4) refers to retarget.o(.data) for __stdout
    printf4.o(i.__0vsnprintf$4) refers to printf4.o(i._printf_core) for _printf_core
    printf4.o(i.__0vsnprintf$4) refers to printf4.o(i._snputc) for _snputc
    printf4.o(i.__0vsprintf$4) refers to printf4.o(i._printf_core) for _printf_core
    printf4.o(i.__0vsprintf$4) refers to printf4.o(i._sputc) for _sputc
    printf4.o(i._printf_core) refers to uldiv.o(.text) for __aeabi_uldivmod
    printf5.o(i.__0fprintf$5) refers to printf5.o(i._printf_core) for _printf_core
    printf5.o(i.__0fprintf$5) refers to retarget.o(i.fputc) for fputc
    printf5.o(i.__0printf$5) refers to printf5.o(i._printf_core) for _printf_core
    printf5.o(i.__0printf$5) refers to retarget.o(i.fputc) for fputc
    printf5.o(i.__0printf$5) refers to retarget.o(.data) for __stdout
    printf5.o(i.__0snprintf$5) refers to printf5.o(i._printf_core) for _printf_core
    printf5.o(i.__0snprintf$5) refers to printf5.o(i._snputc) for _snputc
    printf5.o(i.__0sprintf$5) refers to printf5.o(i._printf_core) for _printf_core
    printf5.o(i.__0sprintf$5) refers to printf5.o(i._sputc) for _sputc
    printf5.o(i.__0vfprintf$5) refers to printf5.o(i._printf_core) for _printf_core
    printf5.o(i.__0vfprintf$5) refers to retarget.o(i.fputc) for fputc
    printf5.o(i.__0vprintf$5) refers to printf5.o(i._printf_core) for _printf_core
    printf5.o(i.__0vprintf$5) refers to retarget.o(i.fputc) for fputc
    printf5.o(i.__0vprintf$5) refers to retarget.o(.data) for __stdout
    printf5.o(i.__0vsnprintf$5) refers to printf5.o(i._printf_core) for _printf_core
    printf5.o(i.__0vsnprintf$5) refers to printf5.o(i._snputc) for _snputc
    printf5.o(i.__0vsprintf$5) refers to printf5.o(i._printf_core) for _printf_core
    printf5.o(i.__0vsprintf$5) refers to printf5.o(i._sputc) for _sputc
    printf5.o(i._printf_core) refers to uldiv.o(.text) for __aeabi_uldivmod
    printf6.o(i.__0fprintf$6) refers to printf6.o(i._printf_core) for _printf_core
    printf6.o(i.__0fprintf$6) refers to retarget.o(i.fputc) for fputc
    printf6.o(i.__0printf$6) refers to printf6.o(i._printf_core) for _printf_core
    printf6.o(i.__0printf$6) refers to retarget.o(i.fputc) for fputc
    printf6.o(i.__0printf$6) refers to retarget.o(.data) for __stdout
    printf6.o(i.__0snprintf$6) refers to printf6.o(i._printf_core) for _printf_core
    printf6.o(i.__0snprintf$6) refers to printf6.o(i._snputc) for _snputc
    printf6.o(i.__0sprintf$6) refers to printf6.o(i._printf_core) for _printf_core
    printf6.o(i.__0sprintf$6) refers to printf6.o(i._sputc) for _sputc
    printf6.o(i.__0vfprintf$6) refers to printf6.o(i._printf_core) for _printf_core
    printf6.o(i.__0vfprintf$6) refers to retarget.o(i.fputc) for fputc
    printf6.o(i.__0vprintf$6) refers to printf6.o(i._printf_core) for _printf_core
    printf6.o(i.__0vprintf$6) refers to retarget.o(i.fputc) for fputc
    printf6.o(i.__0vprintf$6) refers to retarget.o(.data) for __stdout
    printf6.o(i.__0vsnprintf$6) refers to printf6.o(i._printf_core) for _printf_core
    printf6.o(i.__0vsnprintf$6) refers to printf6.o(i._snputc) for _snputc
    printf6.o(i.__0vsprintf$6) refers to printf6.o(i._printf_core) for _printf_core
    printf6.o(i.__0vsprintf$6) refers to printf6.o(i._sputc) for _sputc
    printf6.o(i._printf_core) refers to printf6.o(i._printf_pre_padding) for _printf_pre_padding
    printf6.o(i._printf_core) refers to uidiv.o(.text) for __aeabi_uidivmod
    printf6.o(i._printf_core) refers to printf6.o(i._printf_post_padding) for _printf_post_padding
    printf7.o(i.__0fprintf$7) refers to printf7.o(i._printf_core) for _printf_core
    printf7.o(i.__0fprintf$7) refers to retarget.o(i.fputc) for fputc
    printf7.o(i.__0printf$7) refers to printf7.o(i._printf_core) for _printf_core
    printf7.o(i.__0printf$7) refers to retarget.o(i.fputc) for fputc
    printf7.o(i.__0printf$7) refers to retarget.o(.data) for __stdout
    printf7.o(i.__0snprintf$7) refers to printf7.o(i._printf_core) for _printf_core
    printf7.o(i.__0snprintf$7) refers to printf7.o(i._snputc) for _snputc
    printf7.o(i.__0sprintf$7) refers to printf7.o(i._printf_core) for _printf_core
    printf7.o(i.__0sprintf$7) refers to printf7.o(i._sputc) for _sputc
    printf7.o(i.__0vfprintf$7) refers to printf7.o(i._printf_core) for _printf_core
    printf7.o(i.__0vfprintf$7) refers to retarget.o(i.fputc) for fputc
    printf7.o(i.__0vprintf$7) refers to printf7.o(i._printf_core) for _printf_core
    printf7.o(i.__0vprintf$7) refers to retarget.o(i.fputc) for fputc
    printf7.o(i.__0vprintf$7) refers to retarget.o(.data) for __stdout
    printf7.o(i.__0vsnprintf$7) refers to printf7.o(i._printf_core) for _printf_core
    printf7.o(i.__0vsnprintf$7) refers to printf7.o(i._snputc) for _snputc
    printf7.o(i.__0vsprintf$7) refers to printf7.o(i._printf_core) for _printf_core
    printf7.o(i.__0vsprintf$7) refers to printf7.o(i._sputc) for _sputc
    printf7.o(i._printf_core) refers to printf7.o(i._printf_pre_padding) for _printf_pre_padding
    printf7.o(i._printf_core) refers to uldiv.o(.text) for __aeabi_uldivmod
    printf7.o(i._printf_core) refers to printf7.o(i._printf_post_padding) for _printf_post_padding
    printf8.o(i.__0fprintf$8) refers to printf8.o(i._printf_core) for _printf_core
    printf8.o(i.__0fprintf$8) refers to retarget.o(i.fputc) for fputc
    printf8.o(i.__0printf$8) refers to printf8.o(i._printf_core) for _printf_core
    printf8.o(i.__0printf$8) refers to retarget.o(i.fputc) for fputc
    printf8.o(i.__0printf$8) refers to retarget.o(.data) for __stdout
    printf8.o(i.__0snprintf$8) refers to printf8.o(i._printf_core) for _printf_core
    printf8.o(i.__0snprintf$8) refers to printf8.o(i._snputc) for _snputc
    printf8.o(i.__0sprintf$8) refers to printf8.o(i._printf_core) for _printf_core
    printf8.o(i.__0sprintf$8) refers to printf8.o(i._sputc) for _sputc
    printf8.o(i.__0vfprintf$8) refers to printf8.o(i._printf_core) for _printf_core
    printf8.o(i.__0vfprintf$8) refers to retarget.o(i.fputc) for fputc
    printf8.o(i.__0vprintf$8) refers to printf8.o(i._printf_core) for _printf_core
    printf8.o(i.__0vprintf$8) refers to retarget.o(i.fputc) for fputc
    printf8.o(i.__0vprintf$8) refers to retarget.o(.data) for __stdout
    printf8.o(i.__0vsnprintf$8) refers to printf8.o(i._printf_core) for _printf_core
    printf8.o(i.__0vsnprintf$8) refers to printf8.o(i._snputc) for _snputc
    printf8.o(i.__0vsprintf$8) refers to printf8.o(i._printf_core) for _printf_core
    printf8.o(i.__0vsprintf$8) refers to printf8.o(i._sputc) for _sputc
    printf8.o(i._printf_core) refers to printf8.o(i._printf_pre_padding) for _printf_pre_padding
    printf8.o(i._printf_core) refers to uldiv.o(.text) for __aeabi_uldivmod
    printf8.o(i._printf_core) refers to printf8.o(i._printf_post_padding) for _printf_post_padding
    printfa.o(i.__0fprintf) refers (Special) to iusefp.o(.text) for __I$use$fp
    printfa.o(i.__0fprintf) refers to printfa.o(i._printf_core) for _printf_core
    printfa.o(i.__0fprintf) refers to retarget.o(i.fputc) for fputc
    printfa.o(i.__0printf) refers (Special) to iusefp.o(.text) for __I$use$fp
    printfa.o(i.__0printf) refers to printfa.o(i._printf_core) for _printf_core
    printfa.o(i.__0printf) refers to retarget.o(i.fputc) for fputc
    printfa.o(i.__0printf) refers to retarget.o(.data) for __stdout
    printfa.o(i.__0snprintf) refers (Special) to iusefp.o(.text) for __I$use$fp
    printfa.o(i.__0snprintf) refers to printfa.o(i._printf_core) for _printf_core
    printfa.o(i.__0snprintf) refers to printfa.o(i._snputc) for _snputc
    printfa.o(i.__0sprintf) refers (Special) to iusefp.o(.text) for __I$use$fp
    printfa.o(i.__0sprintf) refers to printfa.o(i._printf_core) for _printf_core
    printfa.o(i.__0sprintf) refers to printfa.o(i._sputc) for _sputc
    printfa.o(i.__0vfprintf) refers (Special) to iusefp.o(.text) for __I$use$fp
    printfa.o(i.__0vfprintf) refers to printfa.o(i._printf_core) for _printf_core
    printfa.o(i.__0vfprintf) refers to retarget.o(i.fputc) for fputc
    printfa.o(i.__0vprintf) refers (Special) to iusefp.o(.text) for __I$use$fp
    printfa.o(i.__0vprintf) refers to printfa.o(i._printf_core) for _printf_core
    printfa.o(i.__0vprintf) refers to retarget.o(i.fputc) for fputc
    printfa.o(i.__0vprintf) refers to retarget.o(.data) for __stdout
    printfa.o(i.__0vsnprintf) refers (Special) to iusefp.o(.text) for __I$use$fp
    printfa.o(i.__0vsnprintf) refers to printfa.o(i._printf_core) for _printf_core
    printfa.o(i.__0vsnprintf) refers to printfa.o(i._snputc) for _snputc
    printfa.o(i.__0vsprintf) refers (Special) to iusefp.o(.text) for __I$use$fp
    printfa.o(i.__0vsprintf) refers to printfa.o(i._printf_core) for _printf_core
    printfa.o(i.__0vsprintf) refers to printfa.o(i._sputc) for _sputc
    printfa.o(i._fp_digits) refers (Special) to iusefp.o(.text) for __I$use$fp
    printfa.o(i._fp_digits) refers to dmul.o(.text) for __aeabi_dmul
    printfa.o(i._fp_digits) refers to ddiv.o(.text) for __aeabi_ddiv
    printfa.o(i._fp_digits) refers to cdrcmple.o(.text) for __aeabi_cdrcmple
    printfa.o(i._fp_digits) refers to dadd.o(.text) for __aeabi_dadd
    printfa.o(i._fp_digits) refers to dfixul.o(.text) for __aeabi_d2ulz
    printfa.o(i._fp_digits) refers to uldiv.o(.text) for __aeabi_uldivmod
    printfa.o(i._printf_core) refers (Special) to iusefp.o(.text) for __I$use$fp
    printfa.o(i._printf_core) refers to printfa.o(i._printf_pre_padding) for _printf_pre_padding
    printfa.o(i._printf_core) refers to uldiv.o(.text) for __aeabi_uldivmod
    printfa.o(i._printf_core) refers to printfa.o(i._printf_post_padding) for _printf_post_padding
    printfa.o(i._printf_core) refers to printfa.o(i._fp_digits) for _fp_digits
    printfa.o(i._printf_core) refers to uidiv.o(.text) for __aeabi_uidivmod
    printfa.o(i._printf_post_padding) refers (Special) to iusefp.o(.text) for __I$use$fp
    printfa.o(i._printf_pre_padding) refers (Special) to iusefp.o(.text) for __I$use$fp
    printfa.o(i._snputc) refers (Special) to iusefp.o(.text) for __I$use$fp
    printfa.o(i._sputc) refers (Special) to iusefp.o(.text) for __I$use$fp
    fadd.o(.text) refers (Special) to iusefp.o(.text) for __I$use$fp
    fadd.o(.text) refers to fepilogue.o(.text) for _float_epilogue
    fmul.o(.text) refers (Special) to iusefp.o(.text) for __I$use$fp
    fdiv.o(.text) refers (Special) to iusefp.o(.text) for __I$use$fp
    fdiv.o(.text) refers to fepilogue.o(.text) for _float_round
    fflti.o(.text) refers (Special) to iusefp.o(.text) for __I$use$fp
    fflti.o(.text) refers to fepilogue.o(.text) for _float_epilogue
    ffltui.o(.text) refers (Special) to iusefp.o(.text) for __I$use$fp
    ffltui.o(.text) refers to fepilogue.o(.text) for _float_epilogue
    dfltui.o(.text) refers (Special) to iusefp.o(.text) for __I$use$fp
    dfltui.o(.text) refers to depilogue.o(.text) for _double_epilogue
    ffixi.o(.text) refers (Special) to iusefp.o(.text) for __I$use$fp
    ffixui.o(.text) refers (Special) to iusefp.o(.text) for __I$use$fp
    dfixui.o(.text) refers (Special) to iusefp.o(.text) for __I$use$fp
    dfixui.o(.text) refers to llushr.o(.text) for __aeabi_llsr
    f2d.o(.text) refers (Special) to iusefp.o(.text) for __I$use$fp
    cdcmple.o(.text) refers (Special) to iusefp.o(.text) for __I$use$fp
    cdrcmple.o(.text) refers (Special) to iusefp.o(.text) for __I$use$fp
    entry2.o(.ARM.Collect$$$$00000001) refers to entry2.o(.ARM.Collect$$$$00002712) for __lit__00000000
    entry2.o(.ARM.Collect$$$$00002712) refers to startup_lpc17xx.o(STACK) for __initial_sp
    entry2.o(__vectab_stack_and_reset_area) refers to startup_lpc17xx.o(STACK) for __initial_sp
    entry2.o(__vectab_stack_and_reset_area) refers to entry.o(.ARM.Collect$$$$00000000) for __main
    entry5.o(.ARM.Collect$$$$00000004) refers to init.o(.text) for __scatterload
    entry8.o(.ARM.Collect$$$$00000009) refers to main.o(i.main) for main
    uldiv.o(.text) refers to llushr.o(.text) for __aeabi_llsr
    uldiv.o(.text) refers to llshl.o(.text) for __aeabi_llsl
    errno.o(i.__aeabi_errno_addr) refers to errno.o(.data) for .data
    errno.o(i.__read_errno) refers to errno.o(.data) for .data
    errno.o(i.__set_errno) refers to errno.o(.data) for .data
    depilogue.o(.text) refers to llshl.o(.text) for __aeabi_llsl
    depilogue.o(.text) refers to llushr.o(.text) for __aeabi_llsr
    dadd.o(.text) refers to llshl.o(.text) for __aeabi_llsl
    dadd.o(.text) refers to llsshr.o(.text) for __aeabi_lasr
    dadd.o(.text) refers to depilogue.o(.text) for _double_epilogue
    dmul.o(.text) refers to depilogue.o(.text) for _double_epilogue
    ddiv.o(.text) refers to depilogue.o(.text) for _double_round
    dsqrt.o(.text) refers to llushr.o(.text) for __aeabi_llsr
    dsqrt.o(.text) refers to depilogue.o(.text) for _double_round
    dfixul.o(.text) refers to llushr.o(.text) for __aeabi_llsr
    dfixul.o(.text) refers to llshl.o(.text) for __aeabi_llsl
    init.o(.text) refers to entry5.o(.ARM.Collect$$$$00000004) for __main_after_scatterload


==============================================================================

Removing Unused input sections from the image.

    Removing main.o(.rev16_text), (4 bytes).
    Removing main.o(.revsh_text), (4 bytes).
    Removing lcd.o(.rev16_text), (4 bytes).
    Removing lcd.o(.revsh_text), (4 bytes).
    Removing lcd.o(i.LCD_Bargraph), (164 bytes).
    Removing lcd.o(i.LCD_Bitmap), (160 bytes).
    Removing lcd.o(i.LCD_Bmp), (156 bytes).
    Removing lcd.o(i.LCD_ClearLn), (44 bytes).
    Removing lcd.o(i.LCD_DisplayChar), (48 bytes).
    Removing lcd.o(i.LCD_DisplayString), (36 bytes).
    Removing lcd.o(i.LCD_DrawChar), (160 bytes).
    Removing lcd.o(i.LCD_Fill), (144 bytes).
    Removing lcd.o(i.LCD_PutPixel), (60 bytes).
    Removing lcd.o(i.LCD_SetBackColor), (12 bytes).
    Removing lcd.o(i.LCD_SetTextColor), (12 bytes).
    Removing lcd.o(i.LCD_Show2Num), (92 bytes).
    Removing lcd.o(i.LCD_Touch_WindowMax), (46 bytes).
    Removing lcd_touch.o(.rev16_text), (4 bytes).
    Removing lcd_touch.o(.revsh_text), (4 bytes).
    Removing lcd_touch.o(i.gerPos), (136 bytes).
    Removing i2c.o(.rev16_text), (4 bytes).
    Removing i2c.o(.revsh_text), (4 bytes).
    Removing i2c.o(.bss), (32 bytes).
    Removing recognize.o(.rev16_text), (4 bytes).
    Removing recognize.o(.revsh_text), (4 bytes).
    Removing recognize.o(i.DelayUart), (30 bytes).
    Removing recognize.o(i.delayms), (46 bytes).
    Removing recognizecode.o(.rev16_text), (4 bytes).
    Removing recognizecode.o(.revsh_text), (4 bytes).
    Removing recognizecode.o(i.getMid), (24 bytes).
    Removing uart.o(.rev16_text), (4 bytes).
    Removing uart.o(.revsh_text), (4 bytes).
    Removing uart.o(i.UART0_GetChar), (24 bytes).
    Removing uart.o(i.UART0_SendChar), (124 bytes).
    Removing uart.o(i.UART0_SendString), (22 bytes).
    Removing uart.o(i.UART2_GetChar), (24 bytes).
    Removing uart.o(i.UART2_SendByte), (28 bytes).
    Removing uart.o(i.UART2_SendString), (22 bytes).
    Removing uart.o(i.UARTInit), (140 bytes).
    Removing uart.o(i.getkey), (8 bytes).
    Removing retarget.o(i._sys_exit), (4 bytes).
    Removing retarget.o(i._ttywrch), (12 bytes).
    Removing retarget.o(i.ferror), (8 bytes).
    Removing retarget.o(i.fgetc), (16 bytes).
    Removing startup_lpc17xx.o(HEAP), (0 bytes).
    Removing system_lpc17xx.o(.rev16_text), (4 bytes).
    Removing system_lpc17xx.o(.revsh_text), (4 bytes).
    Removing system_lpc17xx.o(i.SystemCoreClockUpdate), (340 bytes).
    Removing dadd.o(.text), (334 bytes).
    Removing dmul.o(.text), (228 bytes).
    Removing ddiv.o(.text), (222 bytes).
    Removing dfixul.o(.text), (48 bytes).

52 unused section(s) (total 3070 bytes) removed from the image.

==============================================================================

Image Symbol Table

    Local Symbols

    Symbol Name                              Value     Ov Type        Size  Object(Section)

    RESET                                    0x00000000   Section      196  startup_lpc17xx.o(RESET)
    ../clib/microlib/division.c              0x00000000   Number         0  uldiv.o ABSOLUTE
    ../clib/microlib/division.c              0x00000000   Number         0  uidiv.o ABSOLUTE
    ../clib/microlib/errno.c                 0x00000000   Number         0  errno.o ABSOLUTE
    ../clib/microlib/init/entry.s            0x00000000   Number         0  entry5.o ABSOLUTE
    ../clib/microlib/init/entry.s            0x00000000   Number         0  entry8.o ABSOLUTE
    ../clib/microlib/init/entry.s            0x00000000   Number         0  entry7b.o ABSOLUTE
    ../clib/microlib/init/entry.s            0x00000000   Number         0  entry7a.o ABSOLUTE
    ../clib/microlib/init/entry.s            0x00000000   Number         0  entry2.o ABSOLUTE
    ../clib/microlib/init/entry.s            0x00000000   Number         0  entry.o ABSOLUTE
    ../clib/microlib/longlong.c              0x00000000   Number         0  llushr.o ABSOLUTE
    ../clib/microlib/longlong.c              0x00000000   Number         0  llshl.o ABSOLUTE
    ../clib/microlib/longlong.c              0x00000000   Number         0  llsshr.o ABSOLUTE
    ../clib/microlib/printf/printf.c         0x00000000   Number         0  printf4.o ABSOLUTE
    ../clib/microlib/printf/printf.c         0x00000000   Number         0  printfa.o ABSOLUTE
    ../clib/microlib/printf/printf.c         0x00000000   Number         0  printf8.o ABSOLUTE
    ../clib/microlib/printf/printf.c         0x00000000   Number         0  printf7.o ABSOLUTE
    ../clib/microlib/printf/printf.c         0x00000000   Number         0  printf6.o ABSOLUTE
    ../clib/microlib/printf/printf.c         0x00000000   Number         0  printf0.o ABSOLUTE
    ../clib/microlib/printf/printf.c         0x00000000   Number         0  printf1.o ABSOLUTE
    ../clib/microlib/printf/printf.c         0x00000000   Number         0  printfb.o ABSOLUTE
    ../clib/microlib/printf/printf.c         0x00000000   Number         0  printf2.o ABSOLUTE
    ../clib/microlib/printf/printf.c         0x00000000   Number         0  printf3.o ABSOLUTE
    ../clib/microlib/printf/printf.c         0x00000000   Number         0  printf5.o ABSOLUTE
    ../clib/microlib/printf/stubs.s          0x00000000   Number         0  stubs.o ABSOLUTE
    ../clib/microlib/stubs.s                 0x00000000   Number         0  useno.o ABSOLUTE
    ../clib/microlib/stubs.s                 0x00000000   Number         0  iusefp.o ABSOLUTE
    ../fplib/microlib/f2d.c                  0x00000000   Number         0  f2d.o ABSOLUTE
    ../fplib/microlib/fpadd.c                0x00000000   Number         0  dadd.o ABSOLUTE
    ../fplib/microlib/fpadd.c                0x00000000   Number         0  fadd.o ABSOLUTE
    ../fplib/microlib/fpdiv.c                0x00000000   Number         0  ddiv.o ABSOLUTE
    ../fplib/microlib/fpdiv.c                0x00000000   Number         0  fdiv.o ABSOLUTE
    ../fplib/microlib/fpepilogue.c           0x00000000   Number         0  depilogue.o ABSOLUTE
    ../fplib/microlib/fpepilogue.c           0x00000000   Number         0  fepilogue.o ABSOLUTE
    ../fplib/microlib/fpfix.c                0x00000000   Number         0  dfixui.o ABSOLUTE
    ../fplib/microlib/fpfix.c                0x00000000   Number         0  dfixul.o ABSOLUTE
    ../fplib/microlib/fpfix.c                0x00000000   Number         0  ffixi.o ABSOLUTE
    ../fplib/microlib/fpfix.c                0x00000000   Number         0  ffixui.o ABSOLUTE
    ../fplib/microlib/fpflt.c                0x00000000   Number         0  dfltui.o ABSOLUTE
    ../fplib/microlib/fpflt.c                0x00000000   Number         0  ffltui.o ABSOLUTE
    ../fplib/microlib/fpflt.c                0x00000000   Number         0  fflti.o ABSOLUTE
    ../fplib/microlib/fpmul.c                0x00000000   Number         0  dmul.o ABSOLUTE
    ../fplib/microlib/fpmul.c                0x00000000   Number         0  fmul.o ABSOLUTE
    ../fplib/microlib/fpsqrt.c               0x00000000   Number         0  dsqrt.o ABSOLUTE
    ../mathlib/sqrt.c                        0x00000000   Number         0  sqrt_x.o ABSOLUTE
    ../mathlib/sqrt.c                        0x00000000   Number         0  sqrt.o ABSOLUTE
    ..\LPC17xx\startup_LPC17xx.s             0x00000000   Number         0  startup_lpc17xx.o ABSOLUTE
    ..\LPC17xx\system_LPC17xx.c              0x00000000   Number         0  system_lpc17xx.o ABSOLUTE
    ..\Source\I2C\i2c.c                      0x00000000   Number         0  i2c.o ABSOLUTE
    ..\Source\Lcd\LCD_touch.C                0x00000000   Number         0  lcd_touch.o ABSOLUTE
    ..\Source\Lcd\Lcd.c                      0x00000000   Number         0  lcd.o ABSOLUTE
    ..\Source\User\RecognizeCode.c           0x00000000   Number         0  recognizecode.o ABSOLUTE
    ..\Source\User\Retarget.c                0x00000000   Number         0  retarget.o ABSOLUTE
    ..\Source\User\main.c                    0x00000000   Number         0  main.o ABSOLUTE
    ..\Source\User\recognize.c               0x00000000   Number         0  recognize.o ABSOLUTE
    ..\Source\User\uart.c                    0x00000000   Number         0  uart.o ABSOLUTE
    ..\\LPC17xx\\system_LPC17xx.c            0x00000000   Number         0  system_lpc17xx.o ABSOLUTE
    ..\\Source\\I2C\\i2c.c                   0x00000000   Number         0  i2c.o ABSOLUTE
    ..\\Source\\Lcd\\LCD_touch.C             0x00000000   Number         0  lcd_touch.o ABSOLUTE
    ..\\Source\\Lcd\\Lcd.c                   0x00000000   Number         0  lcd.o ABSOLUTE
    ..\\Source\\User\\RecognizeCode.c        0x00000000   Number         0  recognizecode.o ABSOLUTE
    ..\\Source\\User\\main.c                 0x00000000   Number         0  main.o ABSOLUTE
    ..\\Source\\User\\recognize.c            0x00000000   Number         0  recognize.o ABSOLUTE
    ..\\Source\\User\\uart.c                 0x00000000   Number         0  uart.o ABSOLUTE
    cdcmple.s                                0x00000000   Number         0  cdcmple.o ABSOLUTE
    cdrcmple.s                               0x00000000   Number         0  cdrcmple.o ABSOLUTE
    dc.s                                     0x00000000   Number         0  dc.o ABSOLUTE
    handlers.s                               0x00000000   Number         0  handlers.o ABSOLUTE
    init.s                                   0x00000000   Number         0  init.o ABSOLUTE
    .ARM.Collect$$$$00000000                 0x000000c4   Section        0  entry.o(.ARM.Collect$$$$00000000)
    .ARM.Collect$$$$00000001                 0x000000c4   Section        4  entry2.o(.ARM.Collect$$$$00000001)
    .ARM.Collect$$$$00000004                 0x000000c8   Section        4  entry5.o(.ARM.Collect$$$$00000004)
    .ARM.Collect$$$$00000008                 0x000000cc   Section        0  entry7b.o(.ARM.Collect$$$$00000008)
    .ARM.Collect$$$$00000009                 0x000000cc   Section        8  entry8.o(.ARM.Collect$$$$00000009)
    .ARM.Collect$$$$00002712                 0x000000d4   Section        4  entry2.o(.ARM.Collect$$$$00002712)
    __lit__00000000                          0x000000d4   Data           4  entry2.o(.ARM.Collect$$$$00002712)
    .emb_text                                0x000000d8   Section        4  lcd.o(.emb_text)
    .text                                    0x000000dc   Section       36  startup_lpc17xx.o(.text)
    .text                                    0x00000100   Section        0  fadd.o(.text)
    .text                                    0x000001b0   Section        0  fmul.o(.text)
    .text                                    0x0000021c   Section        0  fdiv.o(.text)
    .text                                    0x0000029c   Section        0  fflti.o(.text)
    .text                                    0x000002ae   Section        0  ffltui.o(.text)
    .text                                    0x000002b8   Section        0  dfltui.o(.text)
    .text                                    0x000002d2   Section        0  ffixui.o(.text)
    .text                                    0x000002fa   Section        0  iusefp.o(.text)
    i.__scatterload_null                     0x000002fa   Section        2  handlers.o(i.__scatterload_null)
    .ARM.__at_0x02FC                         0x000002fc   Section        4  startup_lpc17xx.o(.ARM.__at_0x02FC)
    .text                                    0x00000300   Section        0  ffixi.o(.text)
    .text                                    0x00000332   Section        0  dfixui.o(.text)
    .text                                    0x00000364   Section        0  f2d.o(.text)
    .text                                    0x0000038c   Section       40  cdcmple.o(.text)
    .text                                    0x000003b4   Section       40  cdrcmple.o(.text)
    .text                                    0x000003dc   Section        0  uidiv.o(.text)
    .text                                    0x00000408   Section        0  llushr.o(.text)
    .text                                    0x00000428   Section        0  fepilogue.o(.text)
    .text                                    0x00000494   Section        0  depilogue.o(.text)
    .text                                    0x00000552   Section        0  dsqrt.o(.text)
    .text                                    0x000005f4   Section       36  init.o(.text)
    .text                                    0x00000618   Section        0  llshl.o(.text)
    i.ADS_Read_AD                            0x00000638   Section        0  lcd_touch.o(i.ADS_Read_AD)
    i.ADS_Read_XY                            0x000006b0   Section        0  lcd_touch.o(i.ADS_Read_XY)
    i.ADS_Write_Byte                         0x0000072c   Section        0  lcd_touch.o(i.ADS_Write_Byte)
    i.Convert_Pos                            0x00000774   Section        0  lcd_touch.o(i.Convert_Pos)
    i.Delay                                  0x000007fc   Section        0  i2c.o(i.Delay)
    i.Draw_Big_Point                         0x00000820   Section        0  lcd_touch.o(i.Draw_Big_Point)
    i.Draw_Circle                            0x0000084c   Section        0  lcd.o(i.Draw_Circle)
    i.Drow_Touch_Point                       0x000008fc   Section        0  lcd_touch.o(i.Drow_Touch_Point)
    i.EINT3_IRQHandler                       0x00000960   Section        0  lcd_touch.o(i.EINT3_IRQHandler)
    i.EINTInit                               0x00000988   Section        0  lcd_touch.o(i.EINTInit)
    i.Get_Adjdata                            0x000009bc   Section        0  lcd_touch.o(i.Get_Adjdata)
    i.I2C0_IRQHandler                        0x00000ac0   Section        0  i2c.o(i.I2C0_IRQHandler)
    i.I2CInit                                0x00000ce4   Section        0  i2c.o(i.I2CInit)
    i.I2C_ReadNByte                          0x00000d50   Section        0  i2c.o(i.I2C_ReadNByte)
    i.I2C_WriteNByte                         0x00000e1c   Section        0  i2c.o(i.I2C_WriteNByte)
    i.KEY_Scan                               0x00000ee0   Section        0  recognize.o(i.KEY_Scan)
    i.LCD_Clear                              0x00000f00   Section        0  lcd.o(i.LCD_Clear)
    i.LCD_Clear_Area                         0x00000f40   Section        0  lcd.o(i.LCD_Clear_Area)
    i.LCD_DrawLine                           0x00000f8c   Section        0  lcd.o(i.LCD_DrawLine)
    i.LCD_DrawPoint                          0x0000103c   Section        0  lcd.o(i.LCD_DrawPoint)
    i.LCD_DrawPoint1                         0x00001078   Section        0  lcd.o(i.LCD_DrawPoint1)
    i.LCD_DrawRectangle                      0x000010b0   Section        0  lcd.o(i.LCD_DrawRectangle)
    i.LCD_Init                               0x00001100   Section        0  lcd.o(i.LCD_Init)
    i.LCD_SetCursor                          0x00001608   Section        0  lcd.o(i.LCD_SetCursor)
    i.LCD_ShowChar                           0x00001650   Section        0  lcd.o(i.LCD_ShowChar)
    i.LCD_ShowNum                            0x000017a8   Section        0  lcd.o(i.LCD_ShowNum)
    i.LCD_ShowStr                            0x0000183c   Section        0  recognize.o(i.LCD_ShowStr)
    i.LCD_ShowString                         0x00001890   Section        0  lcd.o(i.LCD_ShowString)
    i.LCD_WindowMax                          0x000018da   Section        0  lcd.o(i.LCD_WindowMax)
    i.LCD_WriteRAM_Prepare                   0x00001900   Section        0  lcd.o(i.LCD_WriteRAM_Prepare)
    i.NVIC_EnableIRQ                         0x0000190a   Section        0  lcd_touch.o(i.NVIC_EnableIRQ)
    NVIC_EnableIRQ                           0x0000190b   Thumb Code    24  lcd_touch.o(i.NVIC_EnableIRQ)
    i.Pen_Int_Set                            0x00001924   Section        0  lcd_touch.o(i.Pen_Int_Set)
    i.Read_ADS                               0x0000194c   Section        0  lcd_touch.o(i.Read_ADS)
    i.Read_ADS2                              0x00001976   Section        0  lcd_touch.o(i.Read_ADS2)
    i.Read_TP_Once                           0x00001a38   Section        0  lcd_touch.o(i.Read_TP_Once)
    i.Save_Adjdata                           0x00001a80   Section        0  lcd_touch.o(i.Save_Adjdata)
    i.SystemInit                             0x00001b5c   Section        0  system_lpc17xx.o(i.SystemInit)
    i.Touch_Adjust                           0x00001cbc   Section        0  lcd_touch.o(i.Touch_Adjust)
    i.Touch_Init                             0x0000212c   Section        0  lcd_touch.o(i.Touch_Init)
    i.UART0_Init                             0x00002188   Section        0  uart.o(i.UART0_Init)
    i.UART0_SendByte                         0x00002240   Section        0  uart.o(i.UART0_SendByte)
    i.UART2_Init                             0x0000225c   Section        0  uart.o(i.UART2_Init)
    i.__0printf$3                            0x0000232c   Section        0  printf3.o(i.__0printf$3)
    i.__scatterload_copy                     0x0000234c   Section       14  handlers.o(i.__scatterload_copy)
    i.__scatterload_zeroinit                 0x0000235a   Section       14  handlers.o(i.__scatterload_zeroinit)
    i.__set_errno                            0x00002368   Section        0  errno.o(i.__set_errno)
    i._printf_core                           0x00002374   Section        0  printf3.o(i._printf_core)
    _printf_core                             0x00002375   Thumb Code   436  printf3.o(i._printf_core)
    i.choosePenColor                         0x0000252c   Section        0  recognize.o(i.choosePenColor)
    i.delay                                  0x00002734   Section        0  lcd.o(i.delay)
    delay                                    0x00002735   Thumb Code    14  lcd.o(i.delay)
    i.delay1ms                               0x00002742   Section        0  recognize.o(i.delay1ms)
    i.delay_ms                               0x00002766   Section        0  lcd_touch.o(i.delay_ms)
    i.delay_us                               0x0000277c   Section        0  lcd_touch.o(i.delay_us)
    i.fputc                                  0x00002788   Section        0  retarget.o(i.fputc)
    i.getCount                               0x00002796   Section        0  recognizecode.o(i.getCount)
    i.getDelta                               0x000027c6   Section        0  recognizecode.o(i.getDelta)
    i.getDis                                 0x000027ec   Section        0  recognizecode.o(i.getDis)
    i.getLowerCase                           0x0000284c   Section        0  recognizecode.o(i.getLowerCase)
    i.getNum                                 0x00002d70   Section        0  recognizecode.o(i.getNum)
    i.getTemp                                0x00003068   Section        0  recognizecode.o(i.getTemp)
    i.getUperCase                            0x0000309c   Section        0  recognizecode.o(i.getUperCase)
    i.getXY                                  0x0000363c   Section        0  recognize.o(i.getXY)
    i.hasIntersection                        0x000036d4   Section        0  recognizecode.o(i.hasIntersection)
    i.initGUI                                0x0000373c   Section        0  recognize.o(i.initGUI)
    i.init_Color_Area                        0x0000385c   Section        0  recognize.o(i.init_Color_Area)
    i.init_Color_Area_Diy                    0x0000389c   Section        0  recognize.o(i.init_Color_Area_Diy)
    i.lcd_send                               0x000038ec   Section        0  lcd.o(i.lcd_send)
    lcd_send                                 0x000038ed   Thumb Code    56  lcd.o(i.lcd_send)
    i.load_Drow_Dialog                       0x00003928   Section        0  recognize.o(i.load_Drow_Dialog)
    i.main                                   0x00003954   Section        0  main.o(i.main)
    i.maxArr                                 0x00003962   Section        0  recognize.o(i.maxArr)
    i.minArr                                 0x00003982   Section        0  recognize.o(i.minArr)
    i.mypow                                  0x000039a2   Section        0  lcd.o(i.mypow)
    i.rd_dat                                 0x000039b8   Section        0  lcd.o(i.rd_dat)
    rd_dat                                   0x000039b9   Thumb Code    98  lcd.o(i.rd_dat)
    i.rd_reg                                 0x00003a20   Section        0  lcd.o(i.rd_reg)
    rd_reg                                   0x00003a21   Thumb Code    38  lcd.o(i.rd_reg)
    i.sendchar                               0x00003a4c   Section        0  uart.o(i.sendchar)
    i.sqrt                                   0x00003a5a   Section        0  sqrt.o(i.sqrt)
    i.touchMain                              0x00003aa8   Section        0  recognize.o(i.touchMain)
    i.uart                                   0x00003bd0   Section        0  recognize.o(i.uart)
    i.uart0_set_divisors                     0x00003be4   Section        0  uart.o(i.uart0_set_divisors)
    i.uart2_set_divisors                     0x00003cd4   Section        0  uart.o(i.uart2_set_divisors)
    i.wait_delay                             0x00003dc4   Section        0  lcd.o(i.wait_delay)
    i.wr_cmd                                 0x00003dd0   Section        0  lcd.o(i.wr_cmd)
    wr_cmd                                   0x00003dd1   Thumb Code    44  lcd.o(i.wr_cmd)
    i.wr_dat                                 0x00003e00   Section        0  lcd.o(i.wr_dat)
    wr_dat                                   0x00003e01   Thumb Code    44  lcd.o(i.wr_dat)
    i.wr_dat_only                            0x00003e30   Section        0  lcd.o(i.wr_dat_only)
    wr_dat_only                              0x00003e31   Thumb Code    32  lcd.o(i.wr_dat_only)
    i.wr_dat_start                           0x00003e54   Section        0  lcd.o(i.wr_dat_start)
    wr_dat_start                             0x00003e55   Thumb Code    10  lcd.o(i.wr_dat_start)
    i.wr_dat_stop                            0x00003e64   Section        0  lcd.o(i.wr_dat_stop)
    wr_dat_stop                              0x00003e65   Thumb Code    10  lcd.o(i.wr_dat_stop)
    i.wr_reg                                 0x00003e74   Section        0  lcd.o(i.wr_reg)
    wr_reg                                   0x00003e75   Thumb Code    36  lcd.o(i.wr_reg)
    .constdata                               0x00003e9c   Section     8036  lcd.o(.constdata)
    .data                                    0x10000000   Section       10  lcd.o(.data)
    TextColor                                0x10000004   Data           2  lcd.o(.data)
    BackColor                                0x10000006   Data           2  lcd.o(.data)
    DeviceCode                               0x10000008   Data           2  lcd.o(.data)
    .data                                    0x1000000c   Section       22  i2c.o(.data)
    .data                                    0x10000024   Section       22  recognize.o(.data)
    .data                                    0x1000003c   Section        4  recognizecode.o(.data)
    .data                                    0x10000040   Section        8  retarget.o(.data)
    .data                                    0x10000048   Section        8  system_lpc17xx.o(.data)
    .data                                    0x10000050   Section        4  errno.o(.data)
    _errno                                   0x10000050   Data           4  errno.o(.data)
    .bss                                     0x10000054   Section       24  lcd_touch.o(.bss)
    .bss                                     0x1000006c   Section     1632  recognize.o(.bss)
    STACK                                    0x100006d0   Section      512  startup_lpc17xx.o(STACK)

    Global Symbols

    Symbol Name                              Value     Ov Type        Size  Object(Section)

    BuildAttributes$$THM_ISAv4$P$D$K$B$S$PE$A:L22UL41UL21$X:L11$S22US41US21$IEEE1$IW$USESV6$~STKCKD$USESV7$~SHL$OTIME$ROPI$IEEEJ$EBA8$MICROLIB$REQ8$PRES8$EABIv2 0x00000000   Number         0  anon$$obj.o ABSOLUTE
    __ARM_use_no_argv                        0x00000000   Number         0  main.o ABSOLUTE
    __Vectors                                0x00000000   Data           4  startup_lpc17xx.o(RESET)
    __use_no_errno                           0x00000000   Number         0  useno.o ABSOLUTE
    __use_no_exception_handling              0x00000000   Number         0  useno.o ABSOLUTE
    __use_no_fp                              0x00000000   Number         0  useno.o ABSOLUTE
    __use_no_heap                            0x00000000   Number         0  useno.o ABSOLUTE
    __use_no_heap_region                     0x00000000   Number         0  useno.o ABSOLUTE
    __use_no_semihosting                     0x00000000   Number         0  useno.o ABSOLUTE
    __use_no_semihosting_swi                 0x00000000   Number         0  useno.o ABSOLUTE
    __use_no_signal_handling                 0x00000000   Number         0  useno.o ABSOLUTE
    _printf_a                                0x00000000   Number         0  stubs.o ABSOLUTE
    _printf_c                                0x00000000   Number         0  stubs.o ABSOLUTE
    _printf_charcount                        0x00000000   Number         0  stubs.o ABSOLUTE
    _printf_d                                0x00000000   Number         0  stubs.o ABSOLUTE
    _printf_e                                0x00000000   Number         0  stubs.o ABSOLUTE
    _printf_f                                0x00000000   Number         0  stubs.o ABSOLUTE
    _printf_flags                            0x00000000   Number         0  stubs.o ABSOLUTE
    _printf_fp_dec                           0x00000000   Number         0  stubs.o ABSOLUTE
    _printf_fp_hex                           0x00000000   Number         0  stubs.o ABSOLUTE
    _printf_g                                0x00000000   Number         0  stubs.o ABSOLUTE
    _printf_i                                0x00000000   Number         0  stubs.o ABSOLUTE
    _printf_int_dec                          0x00000000   Number         0  stubs.o ABSOLUTE
    _printf_l                                0x00000000   Number         0  stubs.o ABSOLUTE
    _printf_lc                               0x00000000   Number         0  stubs.o ABSOLUTE
    _printf_ll                               0x00000000   Number         0  stubs.o ABSOLUTE
    _printf_lld                              0x00000000   Number         0  stubs.o ABSOLUTE
    _printf_lli                              0x00000000   Number         0  stubs.o ABSOLUTE
    _printf_llo                              0x00000000   Number         0  stubs.o ABSOLUTE
    _printf_llu                              0x00000000   Number         0  stubs.o ABSOLUTE
    _printf_llx                              0x00000000   Number         0  stubs.o ABSOLUTE
    _printf_longlong_dec                     0x00000000   Number         0  stubs.o ABSOLUTE
    _printf_longlong_hex                     0x00000000   Number         0  stubs.o ABSOLUTE
    _printf_longlong_oct                     0x00000000   Number         0  stubs.o ABSOLUTE
    _printf_ls                               0x00000000   Number         0  stubs.o ABSOLUTE
    _printf_mbtowc                           0x00000000   Number         0  stubs.o ABSOLUTE
    _printf_n                                0x00000000   Number         0  stubs.o ABSOLUTE
    _printf_o                                0x00000000   Number         0  stubs.o ABSOLUTE
    _printf_p                                0x00000000   Number         0  stubs.o ABSOLUTE
    _printf_percent                          0x00000000   Number         0  stubs.o ABSOLUTE
    _printf_pre_padding                      0x00000000   Number         0  stubs.o ABSOLUTE
    _printf_return_value                     0x00000000   Number         0  stubs.o ABSOLUTE
    _printf_s                                0x00000000   Number         0  stubs.o ABSOLUTE
    _printf_sizespec                         0x00000000   Number         0  stubs.o ABSOLUTE
    _printf_str                              0x00000000   Number         0  stubs.o ABSOLUTE
    _printf_truncate_signed                  0x00000000   Number         0  stubs.o ABSOLUTE
    _printf_truncate_unsigned                0x00000000   Number         0  stubs.o ABSOLUTE
    _printf_u                                0x00000000   Number         0  stubs.o ABSOLUTE
    _printf_wc                               0x00000000   Number         0  stubs.o ABSOLUTE
    _printf_wctomb                           0x00000000   Number         0  stubs.o ABSOLUTE
    _printf_widthprec                        0x00000000   Number         0  stubs.o ABSOLUTE
    _printf_x                                0x00000000   Number         0  stubs.o ABSOLUTE
    __decompress                              - Undefined Weak Reference
    _clock_init                               - Undefined Weak Reference
    __main                                   0x000000c5   Thumb Code     0  entry.o(.ARM.Collect$$$$00000000)
    _main_stk                                0x000000c5   Thumb Code     0  entry2.o(.ARM.Collect$$$$00000001)
    _main_scatterload                        0x000000c9   Thumb Code     0  entry5.o(.ARM.Collect$$$$00000004)
    __main_after_scatterload                 0x000000cd   Thumb Code     0  entry5.o(.ARM.Collect$$$$00000004)
    _main_clock                              0x000000cd   Thumb Code     0  entry7b.o(.ARM.Collect$$$$00000008)
    _main_init                               0x000000cd   Thumb Code     0  entry8.o(.ARM.Collect$$$$00000009)
    wait                                     0x000000d9   Thumb Code     4  lcd.o(.emb_text)
    Reset_Handler                            0x000000dd   Thumb Code     8  startup_lpc17xx.o(.text)
    NMI_Handler                              0x000000e5   Thumb Code     2  startup_lpc17xx.o(.text)
    HardFault_Handler                        0x000000e7   Thumb Code     2  startup_lpc17xx.o(.text)
    MemManage_Handler                        0x000000e9   Thumb Code     2  startup_lpc17xx.o(.text)
    BusFault_Handler                         0x000000eb   Thumb Code     2  startup_lpc17xx.o(.text)
    UsageFault_Handler                       0x000000ed   Thumb Code     2  startup_lpc17xx.o(.text)
    SVC_Handler                              0x000000ef   Thumb Code     2  startup_lpc17xx.o(.text)
    DebugMon_Handler                         0x000000f1   Thumb Code     2  startup_lpc17xx.o(.text)
    PendSV_Handler                           0x000000f3   Thumb Code     2  startup_lpc17xx.o(.text)
    SysTick_Handler                          0x000000f5   Thumb Code     2  startup_lpc17xx.o(.text)
    ADC_IRQHandler                           0x000000f7   Thumb Code     0  startup_lpc17xx.o(.text)
    BOD_IRQHandler                           0x000000f7   Thumb Code     0  startup_lpc17xx.o(.text)
    CAN_IRQHandler                           0x000000f7   Thumb Code     0  startup_lpc17xx.o(.text)
    DMA_IRQHandler                           0x000000f7   Thumb Code     0  startup_lpc17xx.o(.text)
    EINT0_IRQHandler                         0x000000f7   Thumb Code     0  startup_lpc17xx.o(.text)
    EINT1_IRQHandler                         0x000000f7   Thumb Code     0  startup_lpc17xx.o(.text)
    EINT2_IRQHandler                         0x000000f7   Thumb Code     0  startup_lpc17xx.o(.text)
    ENET_IRQHandler                          0x000000f7   Thumb Code     0  startup_lpc17xx.o(.text)
    I2C1_IRQHandler                          0x000000f7   Thumb Code     0  startup_lpc17xx.o(.text)
    I2C2_IRQHandler                          0x000000f7   Thumb Code     0  startup_lpc17xx.o(.text)
    I2S_IRQHandler                           0x000000f7   Thumb Code     0  startup_lpc17xx.o(.text)
    MCPWM_IRQHandler                         0x000000f7   Thumb Code     0  startup_lpc17xx.o(.text)
    PLL0_IRQHandler                          0x000000f7   Thumb Code     0  startup_lpc17xx.o(.text)
    PLL1_IRQHandler                          0x000000f7   Thumb Code     0  startup_lpc17xx.o(.text)
    PWM1_IRQHandler                          0x000000f7   Thumb Code     0  startup_lpc17xx.o(.text)
    QEI_IRQHandler                           0x000000f7   Thumb Code     0  startup_lpc17xx.o(.text)
    RIT_IRQHandler                           0x000000f7   Thumb Code     0  startup_lpc17xx.o(.text)
    RTC_IRQHandler                           0x000000f7   Thumb Code     0  startup_lpc17xx.o(.text)
    SPI_IRQHandler                           0x000000f7   Thumb Code     0  startup_lpc17xx.o(.text)
    SSP0_IRQHandler                          0x000000f7   Thumb Code     0  startup_lpc17xx.o(.text)
    SSP1_IRQHandler                          0x000000f7   Thumb Code     0  startup_lpc17xx.o(.text)
    TIMER0_IRQHandler                        0x000000f7   Thumb Code     0  startup_lpc17xx.o(.text)
    TIMER1_IRQHandler                        0x000000f7   Thumb Code     0  startup_lpc17xx.o(.text)
    TIMER2_IRQHandler                        0x000000f7   Thumb Code     0  startup_lpc17xx.o(.text)
    TIMER3_IRQHandler                        0x000000f7   Thumb Code     0  startup_lpc17xx.o(.text)
    UART0_IRQHandler                         0x000000f7   Thumb Code     0  startup_lpc17xx.o(.text)
    UART1_IRQHandler                         0x000000f7   Thumb Code     0  startup_lpc17xx.o(.text)
    UART2_IRQHandler                         0x000000f7   Thumb Code     0  startup_lpc17xx.o(.text)
    UART3_IRQHandler                         0x000000f7   Thumb Code     0  startup_lpc17xx.o(.text)
    USB_IRQHandler                           0x000000f7   Thumb Code     0  startup_lpc17xx.o(.text)
    WDT_IRQHandler                           0x000000f7   Thumb Code     0  startup_lpc17xx.o(.text)
    __aeabi_fadd                             0x00000101   Thumb Code   164  fadd.o(.text)
    __aeabi_fsub                             0x000001a5   Thumb Code     6  fadd.o(.text)
    __aeabi_frsub                            0x000001ab   Thumb Code     6  fadd.o(.text)
    __aeabi_fmul                             0x000001b1   Thumb Code   108  fmul.o(.text)
    __aeabi_fdiv                             0x0000021d   Thumb Code   128  fdiv.o(.text)
    __aeabi_i2f                              0x0000029d   Thumb Code    18  fflti.o(.text)
    __aeabi_ui2f                             0x000002af   Thumb Code    10  ffltui.o(.text)
    __aeabi_ui2d                             0x000002b9   Thumb Code    26  dfltui.o(.text)
    __aeabi_f2uiz                            0x000002d3   Thumb Code    40  ffixui.o(.text)
    __I$use$fp                               0x000002fb   Thumb Code     0  iusefp.o(.text)
    __scatterload_null                       0x000002fb   Thumb Code     2  handlers.o(i.__scatterload_null)
    __aeabi_f2iz                             0x00000301   Thumb Code    50  ffixi.o(.text)
    __aeabi_d2uiz                            0x00000333   Thumb Code    50  dfixui.o(.text)
    __aeabi_f2d                              0x00000365   Thumb Code    38  f2d.o(.text)
    __aeabi_cdcmpeq                          0x0000038d   Thumb Code     0  cdcmple.o(.text)
    __aeabi_cdcmple                          0x0000038d   Thumb Code    38  cdcmple.o(.text)
    __aeabi_cdrcmple                         0x000003b5   Thumb Code    38  cdrcmple.o(.text)
    __aeabi_uidiv                            0x000003dd   Thumb Code     0  uidiv.o(.text)
    __aeabi_uidivmod                         0x000003dd   Thumb Code    44  uidiv.o(.text)
    __aeabi_llsr                             0x00000409   Thumb Code    32  llushr.o(.text)
    _ll_ushift_r                             0x00000409   Thumb Code     0  llushr.o(.text)
    _float_round                             0x00000429   Thumb Code    18  fepilogue.o(.text)
    _float_epilogue                          0x0000043b   Thumb Code    90  fepilogue.o(.text)
    _double_round                            0x00000495   Thumb Code    26  depilogue.o(.text)
    _double_epilogue                         0x000004af   Thumb Code   164  depilogue.o(.text)
    _dsqrt                                   0x00000553   Thumb Code   162  dsqrt.o(.text)
    __scatterload                            0x000005f5   Thumb Code    28  init.o(.text)
    __scatterload_rt2                        0x000005f5   Thumb Code     0  init.o(.text)
    __aeabi_llsl                             0x00000619   Thumb Code    30  llshl.o(.text)
    _ll_shift_l                              0x00000619   Thumb Code     0  llshl.o(.text)
    ADS_Read_AD                              0x00000639   Thumb Code   112  lcd_touch.o(i.ADS_Read_AD)
    ADS_Read_XY                              0x000006b1   Thumb Code   124  lcd_touch.o(i.ADS_Read_XY)
    ADS_Write_Byte                           0x0000072d   Thumb Code    66  lcd_touch.o(i.ADS_Write_Byte)
    Convert_Pos                              0x00000775   Thumb Code   130  lcd_touch.o(i.Convert_Pos)
    Delay                                    0x000007fd   Thumb Code    36  i2c.o(i.Delay)
    Draw_Big_Point                           0x00000821   Thumb Code    44  lcd_touch.o(i.Draw_Big_Point)
    Draw_Circle                              0x0000084d   Thumb Code   176  lcd.o(i.Draw_Circle)
    Drow_Touch_Point                         0x000008fd   Thumb Code    98  lcd_touch.o(i.Drow_Touch_Point)
    EINT3_IRQHandler                         0x00000961   Thumb Code    28  lcd_touch.o(i.EINT3_IRQHandler)
    EINTInit                                 0x00000989   Thumb Code    38  lcd_touch.o(i.EINTInit)
    Get_Adjdata                              0x000009bd   Thumb Code   250  lcd_touch.o(i.Get_Adjdata)
    I2C0_IRQHandler                          0x00000ac1   Thumb Code   514  i2c.o(i.I2C0_IRQHandler)
    I2CInit                                  0x00000ce5   Thumb Code    90  i2c.o(i.I2CInit)
    I2C_ReadNByte                            0x00000d51   Thumb Code   172  i2c.o(i.I2C_ReadNByte)
    I2C_WriteNByte                           0x00000e1d   Thumb Code   164  i2c.o(i.I2C_WriteNByte)
    KEY_Scan                                 0x00000ee1   Thumb Code    28  recognize.o(i.KEY_Scan)
    LCD_Clear                                0x00000f01   Thumb Code    58  lcd.o(i.LCD_Clear)
    LCD_Clear_Area                           0x00000f41   Thumb Code    70  lcd.o(i.LCD_Clear_Area)
    LCD_DrawLine                             0x00000f8d   Thumb Code   176  lcd.o(i.LCD_DrawLine)
    LCD_DrawPoint                            0x0000103d   Thumb Code    50  lcd.o(i.LCD_DrawPoint)
    LCD_DrawPoint1                           0x00001079   Thumb Code    50  lcd.o(i.LCD_DrawPoint1)
    LCD_DrawRectangle                        0x000010b1   Thumb Code    74  lcd.o(i.LCD_DrawRectangle)
    LCD_Init                                 0x00001101   Thumb Code  1288  lcd.o(i.LCD_Init)
    LCD_SetCursor                            0x00001609   Thumb Code    66  lcd.o(i.LCD_SetCursor)
    LCD_ShowChar                             0x00001651   Thumb Code   328  lcd.o(i.LCD_ShowChar)
    LCD_ShowNum                              0x000017a9   Thumb Code   148  lcd.o(i.LCD_ShowNum)
    LCD_ShowStr                              0x0000183d   Thumb Code    80  recognize.o(i.LCD_ShowStr)
    LCD_ShowString                           0x00001891   Thumb Code    74  lcd.o(i.LCD_ShowString)
    LCD_WindowMax                            0x000018db   Thumb Code    38  lcd.o(i.LCD_WindowMax)
    LCD_WriteRAM_Prepare                     0x00001901   Thumb Code    10  lcd.o(i.LCD_WriteRAM_Prepare)
    Pen_Int_Set                              0x00001925   Thumb Code    34  lcd_touch.o(i.Pen_Int_Set)
    Read_ADS                                 0x0000194d   Thumb Code    42  lcd_touch.o(i.Read_ADS)
    Read_ADS2                                0x00001977   Thumb Code   192  lcd_touch.o(i.Read_ADS2)
    Read_TP_Once                             0x00001a39   Thumb Code    64  lcd_touch.o(i.Read_TP_Once)
    Save_Adjdata                             0x00001a81   Thumb Code   210  lcd_touch.o(i.Save_Adjdata)
    SystemInit                               0x00001b5d   Thumb Code   282  system_lpc17xx.o(i.SystemInit)
    Touch_Adjust                             0x00001cbd   Thumb Code  1110  lcd_touch.o(i.Touch_Adjust)
    Touch_Init                               0x0000212d   Thumb Code    84  lcd_touch.o(i.Touch_Init)
    UART0_Init                               0x00002189   Thumb Code   162  uart.o(i.UART0_Init)
    UART0_SendByte                           0x00002241   Thumb Code    22  uart.o(i.UART0_SendByte)
    UART2_Init                               0x0000225d   Thumb Code   178  uart.o(i.UART2_Init)
    __0printf$3                              0x0000232d   Thumb Code    22  printf3.o(i.__0printf$3)
    __1printf$3                              0x0000232d   Thumb Code     0  printf3.o(i.__0printf$3)
    __2printf                                0x0000232d   Thumb Code     0  printf3.o(i.__0printf$3)
    __scatterload_copy                       0x0000234d   Thumb Code    14  handlers.o(i.__scatterload_copy)
    __scatterload_zeroinit                   0x0000235b   Thumb Code    14  handlers.o(i.__scatterload_zeroinit)
    __set_errno                              0x00002369   Thumb Code     6  errno.o(i.__set_errno)
    choosePenColor                           0x0000252d   Thumb Code   474  recognize.o(i.choosePenColor)
    delay1ms                                 0x00002743   Thumb Code    36  recognize.o(i.delay1ms)
    delay_ms                                 0x00002767   Thumb Code    22  lcd_touch.o(i.delay_ms)
    delay_us                                 0x0000277d   Thumb Code    12  lcd_touch.o(i.delay_us)
    fputc                                    0x00002789   Thumb Code    14  retarget.o(i.fputc)
    getCount                                 0x00002797   Thumb Code    48  recognizecode.o(i.getCount)
    getDelta                                 0x000027c7   Thumb Code    38  recognizecode.o(i.getDelta)
    getDis                                   0x000027ed   Thumb Code    96  recognizecode.o(i.getDis)
    getLowerCase                             0x0000284d   Thumb Code  1314  recognizecode.o(i.getLowerCase)
    getNum                                   0x00002d71   Thumb Code   730  recognizecode.o(i.getNum)
    getTemp                                  0x00003069   Thumb Code    52  recognizecode.o(i.getTemp)
    getUperCase                              0x0000309d   Thumb Code  1438  recognizecode.o(i.getUperCase)
    getXY                                    0x0000363d   Thumb Code   134  recognize.o(i.getXY)
    hasIntersection                          0x000036d5   Thumb Code    98  recognizecode.o(i.hasIntersection)
    initGUI                                  0x0000373d   Thumb Code   194  recognize.o(i.initGUI)
    init_Color_Area                          0x0000385d   Thumb Code    60  recognize.o(i.init_Color_Area)
    init_Color_Area_Diy                      0x0000389d   Thumb Code    80  recognize.o(i.init_Color_Area_Diy)
    load_Drow_Dialog                         0x00003929   Thumb Code    34  recognize.o(i.load_Drow_Dialog)
    main                                     0x00003955   Thumb Code    14  main.o(i.main)
    maxArr                                   0x00003963   Thumb Code    32  recognize.o(i.maxArr)
    minArr                                   0x00003983   Thumb Code    32  recognize.o(i.minArr)
    mypow                                    0x000039a3   Thumb Code    22  lcd.o(i.mypow)
    sendchar                                 0x00003a4d   Thumb Code    14  uart.o(i.sendchar)
    sqrt                                     0x00003a5b   Thumb Code    78  sqrt.o(i.sqrt)
    touchMain                                0x00003aa9   Thumb Code   244  recognize.o(i.touchMain)
    uart                                     0x00003bd1   Thumb Code    20  recognize.o(i.uart)
    uart0_set_divisors                       0x00003be5   Thumb Code   230  uart.o(i.uart0_set_divisors)
    uart2_set_divisors                       0x00003cd5   Thumb Code   230  uart.o(i.uart2_set_divisors)
    wait_delay                               0x00003dc5   Thumb Code    12  lcd.o(i.wait_delay)
    Font_24x16                               0x00003e9c   Data        5376  lcd.o(.constdata)
    asc2_1206                                0x0000539c   Data        1140  lcd.o(.constdata)
    asc2_1608                                0x00005810   Data        1520  lcd.o(.constdata)
    Region$$Table$$Base                      0x00005e00   Number         0  anon$$obj.o(Region$$Table)
    Region$$Table$$Limit                     0x00005e20   Number         0  anon$$obj.o(Region$$Table)
    POINT_COLOR                              0x10000000   Data           2  lcd.o(.data)
    BACK_COLOR                               0x10000002   Data           2  lcd.o(.data)
    I2C_sla                                  0x1000000c   Data           1  i2c.o(.data)
    I2C_suba                                 0x10000010   Data           4  i2c.o(.data)
    I2C_suba_num                             0x10000014   Data           1  i2c.o(.data)
    I2C_buf                                  0x10000018   Data           4  i2c.o(.data)
    I2C_num                                  0x1000001c   Data           4  i2c.o(.data)
    I2C_end                                  0x10000020   Data           1  i2c.o(.data)
    I2C_suba_en                              0x10000021   Data           1  i2c.o(.data)
    rectangle_size                           0x10000024   Data           2  recognize.o(.data)
    start_x0                                 0x10000026   Data           2  recognize.o(.data)
    start_y0                                 0x10000028   Data           2  recognize.o(.data)
    point                                    0x1000002c   Data           4  recognize.o(.data)
    mode                                     0x10000030   Data           4  recognize.o(.data)
    clearFlag                                0x10000034   Data           1  recognize.o(.data)
    okFlag                                   0x10000035   Data           1  recognize.o(.data)
    key                                      0x10000036   Data           1  recognize.o(.data)
    byte                                     0x10000037   Data           1  recognize.o(.data)
    a                                        0x10000038   Data           1  recognize.o(.data)
    buffer                                   0x10000039   Data           1  recognize.o(.data)
    arrLength                                0x1000003c   Data           4  recognizecode.o(.data)
    __stdout                                 0x10000040   Data           4  retarget.o(.data)
    __stdin                                  0x10000044   Data           4  retarget.o(.data)
    SystemFrequency                          0x10000048   Data           4  system_lpc17xx.o(.data)
    SystemCoreClock                          0x1000004c   Data           4  system_lpc17xx.o(.data)
    Pen_Point                                0x10000054   Data          24  lcd_touch.o(.bss)
    buf1                                     0x1000006c   Data          32  recognize.o(.bss)
    x                                        0x1000008c   Data         800  recognize.o(.bss)
    y                                        0x100003ac   Data         800  recognize.o(.bss)
    __initial_sp                             0x100008d0   Data           0  startup_lpc17xx.o(STACK)



==============================================================================

Memory Map of the image

  Image Entry point : 0x000000c5

  Load Region LR_IROM1 (Base: 0x00000000, Size: 0x00005e74, Max: 0x00080000, ABSOLUTE)

    Execution Region ER_IROM1 (Base: 0x00000000, Size: 0x00005e20, Max: 0x00080000, ABSOLUTE)

    Base Addr    Size         Type   Attr      Idx    E Section Name        Object

    0x00000000   0x000000c4   Data   RO          891    RESET               startup_lpc17xx.o
    0x000000c4   0x00000000   Code   RO          946  * .ARM.Collect$$$$00000000  mc_w.l(entry.o)
    0x000000c4   0x00000004   Code   RO         1234    .ARM.Collect$$$$00000001  mc_w.l(entry2.o)
    0x000000c8   0x00000004   Code   RO         1237    .ARM.Collect$$$$00000004  mc_w.l(entry5.o)
    0x000000cc   0x00000000   Code   RO         1239    .ARM.Collect$$$$00000008  mc_w.l(entry7b.o)
    0x000000cc   0x00000008   Code   RO         1240    .ARM.Collect$$$$00000009  mc_w.l(entry8.o)
    0x000000d4   0x00000004   Code   RO         1235    .ARM.Collect$$$$00002712  mc_w.l(entry2.o)
    0x000000d8   0x00000004   Code   RO           76    .emb_text           lcd.o
    0x000000dc   0x00000024   Code   RO          893    .text               startup_lpc17xx.o
    0x00000100   0x000000b0   Code   RO         1210    .text               mf_w.l(fadd.o)
    0x000001b0   0x0000006c   Code   RO         1212    .text               mf_w.l(fmul.o)
    0x0000021c   0x00000080   Code   RO         1214    .text               mf_w.l(fdiv.o)
    0x0000029c   0x00000012   Code   RO         1216    .text               mf_w.l(fflti.o)
    0x000002ae   0x0000000a   Code   RO         1218    .text               mf_w.l(ffltui.o)
    0x000002b8   0x0000001a   Code   RO         1220    .text               mf_w.l(dfltui.o)
    0x000002d2   0x00000028   Code   RO         1224    .text               mf_w.l(ffixui.o)
    0x000002fa   0x00000000   Code   RO         1254    .text               mc_w.l(iusefp.o)
    0x000002fa   0x00000002   Code   RO         1278    i.__scatterload_null  mc_w.l(handlers.o)
    0x000002fc   0x00000004   Code   RO          892    .ARM.__at_0x02FC    startup_lpc17xx.o
    0x00000300   0x00000032   Code   RO         1222    .text               mf_w.l(ffixi.o)
    0x00000332   0x00000032   Code   RO         1226    .text               mf_w.l(dfixui.o)
    0x00000364   0x00000026   Code   RO         1228    .text               mf_w.l(f2d.o)
    0x0000038a   0x00000002   PAD
    0x0000038c   0x00000028   Code   RO         1230    .text               mf_w.l(cdcmple.o)
    0x000003b4   0x00000028   Code   RO         1232    .text               mf_w.l(cdrcmple.o)
    0x000003dc   0x0000002c   Code   RO         1241    .text               mc_w.l(uidiv.o)
    0x00000408   0x00000020   Code   RO         1245    .text               mc_w.l(llushr.o)
    0x00000428   0x0000006c   Code   RO         1255    .text               mf_w.l(fepilogue.o)
    0x00000494   0x000000be   Code   RO         1257    .text               mf_w.l(depilogue.o)
    0x00000552   0x000000a2   Code   RO         1265    .text               mf_w.l(dsqrt.o)
    0x000005f4   0x00000024   Code   RO         1269    .text               mc_w.l(init.o)
    0x00000618   0x0000001e   Code   RO         1271    .text               mc_w.l(llshl.o)
    0x00000636   0x00000002   PAD
    0x00000638   0x00000078   Code   RO          335    i.ADS_Read_AD       lcd_touch.o
    0x000006b0   0x0000007c   Code   RO          336    i.ADS_Read_XY       lcd_touch.o
    0x0000072c   0x00000048   Code   RO          337    i.ADS_Write_Byte    lcd_touch.o
    0x00000774   0x00000088   Code   RO          338    i.Convert_Pos       lcd_touch.o
    0x000007fc   0x00000024   Code   RO          495    i.Delay             i2c.o
    0x00000820   0x0000002c   Code   RO          339    i.Draw_Big_Point    lcd_touch.o
    0x0000084c   0x000000b0   Code   RO           77    i.Draw_Circle       lcd.o
    0x000008fc   0x00000062   Code   RO          340    i.Drow_Touch_Point  lcd_touch.o
    0x0000095e   0x00000002   PAD
    0x00000960   0x00000028   Code   RO          341    i.EINT3_IRQHandler  lcd_touch.o
    0x00000988   0x00000034   Code   RO          342    i.EINTInit          lcd_touch.o
    0x000009bc   0x00000104   Code   RO          343    i.Get_Adjdata       lcd_touch.o
    0x00000ac0   0x00000224   Code   RO          496    i.I2C0_IRQHandler   i2c.o
    0x00000ce4   0x0000006c   Code   RO          497    i.I2CInit           i2c.o
    0x00000d50   0x000000cc   Code   RO          498    i.I2C_ReadNByte     i2c.o
    0x00000e1c   0x000000c4   Code   RO          499    i.I2C_WriteNByte    i2c.o
    0x00000ee0   0x00000020   Code   RO          551    i.KEY_Scan          recognize.o
    0x00000f00   0x00000040   Code   RO           81    i.LCD_Clear         lcd.o
    0x00000f40   0x0000004c   Code   RO           83    i.LCD_Clear_Area    lcd.o
    0x00000f8c   0x000000b0   Code   RO           87    i.LCD_DrawLine      lcd.o
    0x0000103c   0x0000003c   Code   RO           88    i.LCD_DrawPoint     lcd.o
    0x00001078   0x00000038   Code   RO           89    i.LCD_DrawPoint1    lcd.o
    0x000010b0   0x00000050   Code   RO           90    i.LCD_DrawRectangle  lcd.o
    0x00001100   0x00000508   Code   RO           92    i.LCD_Init          lcd.o
    0x00001608   0x00000048   Code   RO           95    i.LCD_SetCursor     lcd.o
    0x00001650   0x00000158   Code   RO           98    i.LCD_ShowChar      lcd.o
    0x000017a8   0x00000094   Code   RO           99    i.LCD_ShowNum       lcd.o
    0x0000183c   0x00000054   Code   RO          552    i.LCD_ShowStr       recognize.o
    0x00001890   0x0000004a   Code   RO          100    i.LCD_ShowString    lcd.o
    0x000018da   0x00000026   Code   RO          102    i.LCD_WindowMax     lcd.o
    0x00001900   0x0000000a   Code   RO          103    i.LCD_WriteRAM_Prepare  lcd.o
    0x0000190a   0x00000018   Code   RO          344    i.NVIC_EnableIRQ    lcd_touch.o
    0x00001922   0x00000002   PAD
    0x00001924   0x00000028   Code   RO          345    i.Pen_Int_Set       lcd_touch.o
    0x0000194c   0x0000002a   Code   RO          346    i.Read_ADS          lcd_touch.o
    0x00001976   0x000000c0   Code   RO          347    i.Read_ADS2         lcd_touch.o
    0x00001a36   0x00000002   PAD
    0x00001a38   0x00000048   Code   RO          348    i.Read_TP_Once      lcd_touch.o
    0x00001a80   0x000000dc   Code   RO          349    i.Save_Adjdata      lcd_touch.o
    0x00001b5c   0x00000160   Code   RO          902    i.SystemInit        system_lpc17xx.o
    0x00001cbc   0x00000470   Code   RO          350    i.Touch_Adjust      lcd_touch.o
    0x0000212c   0x0000005c   Code   RO          351    i.Touch_Init        lcd_touch.o
    0x00002188   0x000000b8   Code   RO          741    i.UART0_Init        uart.o
    0x00002240   0x0000001c   Code   RO          742    i.UART0_SendByte    uart.o
    0x0000225c   0x000000d0   Code   RO          746    i.UART2_Init        uart.o
    0x0000232c   0x00000020   Code   RO         1038    i.__0printf$3       mc_w.l(printf3.o)
    0x0000234c   0x0000000e   Code   RO         1277    i.__scatterload_copy  mc_w.l(handlers.o)
    0x0000235a   0x0000000e   Code   RO         1279    i.__scatterload_zeroinit  mc_w.l(handlers.o)
    0x00002368   0x0000000c   Code   RO         1249    i.__set_errno       mc_w.l(errno.o)
    0x00002374   0x000001b8   Code   RO         1045    i._printf_core      mc_w.l(printf3.o)
    0x0000252c   0x00000208   Code   RO          553    i.choosePenColor    recognize.o
    0x00002734   0x0000000e   Code   RO          104    i.delay             lcd.o
    0x00002742   0x00000024   Code   RO          554    i.delay1ms          recognize.o
    0x00002766   0x00000016   Code   RO          352    i.delay_ms          lcd_touch.o
    0x0000277c   0x0000000c   Code   RO          353    i.delay_us          lcd_touch.o
    0x00002788   0x0000000e   Code   RO          843    i.fputc             retarget.o
    0x00002796   0x00000030   Code   RO          669    i.getCount          recognizecode.o
    0x000027c6   0x00000026   Code   RO          670    i.getDelta          recognizecode.o
    0x000027ec   0x00000060   Code   RO          671    i.getDis            recognizecode.o
    0x0000284c   0x00000522   Code   RO          672    i.getLowerCase      recognizecode.o
    0x00002d6e   0x00000002   PAD
    0x00002d70   0x000002f8   Code   RO          674    i.getNum            recognizecode.o
    0x00003068   0x00000034   Code   RO          675    i.getTemp           recognizecode.o
    0x0000309c   0x0000059e   Code   RO          676    i.getUperCase       recognizecode.o
    0x0000363a   0x00000002   PAD
    0x0000363c   0x00000098   Code   RO          556    i.getXY             recognize.o
    0x000036d4   0x00000068   Code   RO          677    i.hasIntersection   recognizecode.o
    0x0000373c   0x00000120   Code   RO          557    i.initGUI           recognize.o
    0x0000385c   0x00000040   Code   RO          558    i.init_Color_Area   recognize.o
    0x0000389c   0x00000050   Code   RO          559    i.init_Color_Area_Diy  recognize.o
    0x000038ec   0x0000003c   Code   RO          105    i.lcd_send          lcd.o
    0x00003928   0x0000002c   Code   RO          560    i.load_Drow_Dialog  recognize.o
    0x00003954   0x0000000e   Code   RO            3    i.main              main.o
    0x00003962   0x00000020   Code   RO          561    i.maxArr            recognize.o
    0x00003982   0x00000020   Code   RO          562    i.minArr            recognize.o
    0x000039a2   0x00000016   Code   RO          106    i.mypow             lcd.o
    0x000039b8   0x00000068   Code   RO          107    i.rd_dat            lcd.o
    0x00003a20   0x0000002c   Code   RO          108    i.rd_reg            lcd.o
    0x00003a4c   0x0000000e   Code   RO          751    i.sendchar          uart.o
    0x00003a5a   0x0000004e   Code   RO          939    i.sqrt              m_ws.l(sqrt.o)
    0x00003aa8   0x00000128   Code   RO          563    i.touchMain         recognize.o
    0x00003bd0   0x00000014   Code   RO          564    i.uart              recognize.o
    0x00003be4   0x000000f0   Code   RO          752    i.uart0_set_divisors  uart.o
    0x00003cd4   0x000000f0   Code   RO          753    i.uart2_set_divisors  uart.o
    0x00003dc4   0x0000000c   Code   RO          109    i.wait_delay        lcd.o
    0x00003dd0   0x00000030   Code   RO          110    i.wr_cmd            lcd.o
    0x00003e00   0x00000030   Code   RO          111    i.wr_dat            lcd.o
    0x00003e30   0x00000024   Code   RO          112    i.wr_dat_only       lcd.o
    0x00003e54   0x00000010   Code   RO          113    i.wr_dat_start      lcd.o
    0x00003e64   0x00000010   Code   RO          114    i.wr_dat_stop       lcd.o
    0x00003e74   0x00000028   Code   RO          115    i.wr_reg            lcd.o
    0x00003e9c   0x00001f64   Data   RO          116    .constdata          lcd.o
    0x00005e00   0x00000020   Data   RO         1275    Region$$Table       anon$$obj.o


    Execution Region RW_IRAM1 (Base: 0x10000000, Size: 0x000008d0, Max: 0x00008000, ABSOLUTE)

    Base Addr    Size         Type   Attr      Idx    E Section Name        Object

    0x10000000   0x0000000a   Data   RW          117    .data               lcd.o
    0x1000000a   0x00000002   PAD
    0x1000000c   0x00000016   Data   RW          501    .data               i2c.o
    0x10000022   0x00000002   PAD
    0x10000024   0x00000016   Data   RW          566    .data               recognize.o
    0x1000003a   0x00000002   PAD
    0x1000003c   0x00000004   Data   RW          678    .data               recognizecode.o
    0x10000040   0x00000008   Data   RW          844    .data               retarget.o
    0x10000048   0x00000008   Data   RW          903    .data               system_lpc17xx.o
    0x10000050   0x00000004   Data   RW         1250    .data               mc_w.l(errno.o)
    0x10000054   0x00000018   Zero   RW          355    .bss                lcd_touch.o
    0x1000006c   0x00000660   Zero   RW          565    .bss                recognize.o
    0x100006cc   0x00000004   PAD
    0x100006d0   0x00000200   Zero   RW          889    STACK               startup_lpc17xx.o


==============================================================================

Image component sizes


      Code (inc. data)   RO Data    RW Data    ZI Data      Debug   Object Name

      1092        128          0         22          0      27720   i2c.o
      3126        110       8036         10          0      32824   lcd.o
      2798        154          0          0         24      36455   lcd_touch.o
        14          0          0          0          0       5875   main.o
      1680        232          0         22       1632       8185   recognize.o
      3850        174          0          4          0       9649   recognizecode.o
        14          0          0          8          0       2216   retarget.o
        40         12        196          0        512        892   startup_lpc17xx.o
       352         70          0          8          0        799   system_lpc17xx.o
       914         78          0          0          0       4240   uart.o

    ----------------------------------------------------------------------
     13890        958       8264         80       2172     128855   Object Totals
         0          0         32          0          0          0   (incl. Generated)
        10          0          0          6          4          0   (incl. Padding)

    ----------------------------------------------------------------------

      Code (inc. data)   RO Data    RW Data    ZI Data      Debug   Library Member Name

        78          0          0          0          0         84   sqrt.o
         0          0          0          0          0          0   entry.o
         8          4          0          0          0          0   entry2.o
         4          0          0          0          0          0   entry5.o
         0          0          0          0          0          0   entry7b.o
         8          4          0          0          0          0   entry8.o
        12          6          0          4          0         68   errno.o
        30          0          0          0          0          0   handlers.o
        36          8          0          0          0         68   init.o
         0          0          0          0          0          0   iusefp.o
        30          0          0          0          0         68   llshl.o
        32          0          0          0          0         68   llushr.o
       472         14          0          0          0        180   printf3.o
        44          0          0          0          0         80   uidiv.o
        40          2          0          0          0         68   cdcmple.o
        40          2          0          0          0         68   cdrcmple.o
       190          0          0          0          0        176   depilogue.o
        50          0          0          0          0         76   dfixui.o
        26          0          0          0          0         76   dfltui.o
       162          0          0          0          0        100   dsqrt.o
        38          0          0          0          0         68   f2d.o
       176          0          0          0          0        140   fadd.o
       128          0          0          0          0         88   fdiv.o
       108          0          0          0          0        168   fepilogue.o
        50          0          0          0          0         68   ffixi.o
        40          0          0          0          0         68   ffixui.o
        18          0          0          0          0         68   fflti.o
        10          0          0          0          0         68   ffltui.o
       108          0          0          0          0         76   fmul.o

    ----------------------------------------------------------------------
      1942         40          0          4          0       1992   Library Totals
         4          0          0          0          0          0   (incl. Padding)

    ----------------------------------------------------------------------

      Code (inc. data)   RO Data    RW Data    ZI Data      Debug   Library Name

        78          0          0          0          0         84   m_ws.l
       676         36          0          4          0        532   mc_w.l
      1184          4          0          0          0       1376   mf_w.l

    ----------------------------------------------------------------------
      1942         40          0          4          0       1992   Library Totals

    ----------------------------------------------------------------------

==============================================================================


      Code (inc. data)   RO Data    RW Data    ZI Data      Debug   

     15832        998       8264         84       2172     125647   Grand Totals
     15832        998       8264         84       2172     125647   ELF Image Totals
     15832        998       8264         84          0          0   ROM Totals

==============================================================================

    Total RO  Size (Code + RO Data)                24096 (  23.53kB)
    Total RW  Size (RW Data + ZI Data)              2256 (   2.20kB)
    Total ROM Size (Code + RO Data + RW Data)      24180 (  23.61kB)

==============================================================================

