<html>
<body>
<pre>
<h1>礦ision Build Log</h1>
<h2>Project:</h2>
G:\Users\YY\Desktop\毕设\手写识别 - 副本 (2)\MDK\LCD_1768_3.2.uvproj
Project File Date:  05/08/2017

<h2>Output:</h2>
Build target 'Target 1'
compiling recognize.c...
..\Source\User\recognize.c(276): warning:  #550-D: variable "min" was set but never used
..\Source\User\recognize.c(276): warning:  #550-D: variable "max" was set but never used
..\Source\User\recognize.c(277): warning:  #177-D: variable "newArr" was declared but never referenced
..\Source\User\recognize.c(314): warning:  #177-D: variable "number" was declared but never referenced
..\Source\User\recognize.c(314): warning:  #550-D: variable "x23" was set but never used
..\Source\User\recognize.c(314): warning:  #550-D: variable "y23" was set but never used
..\Source\User\recognize.c(314): warning:  #177-D: variable "x23count" was declared but never referenced
..\Source\User\recognize.c(314): warning:  #177-D: variable "y23count" was declared but never referenced
..\Source\User\recognize.c(316): warning:  #177-D: variable "coordinateX" was declared but never referenced
linking...
Program Size: Code=12352 RO-data=8264 RW-data=172 ZI-data=4412  
FromELF: creating hex file...
".\Obj\test.axf" - 0 Error(s), 9 Warning(s).
Build target 'Target 1'
linking...
Program Size: Code=12352 RO-data=8264 RW-data=172 ZI-data=4412  
FromELF: creating hex file...
".\Obj\test.axf" - 0 Error(s), 0 Warning(s).
