<html>
<body>
<pre>
<h1>礦ision Build Log</h1>
<h2>Project:</h2>
C:\Users\YY\Desktop\手写识别\handwrite\MDK\LCD_1768_3.2.uvproj
Project File Date:  05/15/2017

<h2>Output:</h2>
Build target 'Target 1'
compiling RecognizeCode.c...
..\Source\User\RecognizeCode.c(25): warning:  #223-D: function "getDelta" declared implicitly
..\Source\User\RecognizeCode.c(42): warning:  #940-D: missing return statement at end of non-void function "getTemp"
..\Source\User\RecognizeCode.c(110): warning:  #940-D: missing return statement at end of non-void function "getDis"
..\Source\User\RecognizeCode.c(276): warning:  #117-D: non-void function "getNum" should return a value
..\Source\User\RecognizeCode.c(614): warning:  #550-D: variable "dis" was set but never used
linking...
Program Size: Code=12460 RO-data=8264 RW-data=80 ZI-data=2168  
FromELF: creating hex file...
".\Obj\test.axf" - 0 Error(s), 5 Warning(s).
"D:\Program Files (x86)\keil4\AStyle\bin\AStyle.exe" -p ..\Source\User\RecognizeCode.c
格式化  ..\Source\User\RecognizeCode.c
Build target 'Target 1'
compiling RecognizeCode.c...
..\Source\User\RecognizeCode.c(25): warning:  #223-D: function "getDelta" declared implicitly
..\Source\User\RecognizeCode.c(42): warning:  #940-D: missing return statement at end of non-void function "getTemp"
..\Source\User\RecognizeCode.c(110): warning:  #940-D: missing return statement at end of non-void function "getDis"
..\Source\User\RecognizeCode.c(276): warning:  #117-D: non-void function "getNum" should return a value
..\Source\User\RecognizeCode.c(343): error:  #65: expected a ";"
..\Source\User\RecognizeCode.c(368): warning:  #12-D: parsing restarts here after previous syntax error
..\Source\User\RecognizeCode.c(337): warning:  #550-D: variable "dis" was set but never used
..\Source\User\RecognizeCode.c(338): warning:  #177-D: variable "count" was declared but never referenced
..\Source\User\RecognizeCode.c(616): warning:  #550-D: variable "dis" was set but never used
Target not created
Build target 'Target 1'
compiling RecognizeCode.c...
..\Source\User\RecognizeCode.c(25): warning:  #223-D: function "getDelta" declared implicitly
..\Source\User\RecognizeCode.c(42): warning:  #940-D: missing return statement at end of non-void function "getTemp"
..\Source\User\RecognizeCode.c(110): warning:  #940-D: missing return statement at end of non-void function "getDis"
..\Source\User\RecognizeCode.c(276): warning:  #117-D: non-void function "getNum" should return a value
..\Source\User\RecognizeCode.c(616): warning:  #550-D: variable "dis" was set but never used
linking...
Program Size: Code=12460 RO-data=8264 RW-data=80 ZI-data=2168  
FromELF: creating hex file...
".\Obj\test.axf" - 0 Error(s), 5 Warning(s).
Build target 'Target 1'
compiling RecognizeCode.c...
..\Source\User\RecognizeCode.c(25): warning:  #223-D: function "getDelta" declared implicitly
..\Source\User\RecognizeCode.c(42): warning:  #940-D: missing return statement at end of non-void function "getTemp"
..\Source\User\RecognizeCode.c(110): warning:  #940-D: missing return statement at end of non-void function "getDis"
..\Source\User\RecognizeCode.c(276): warning:  #117-D: non-void function "getNum" should return a value
..\Source\User\RecognizeCode.c(643): error:  #20: identifier "dis" is undefined
Target not created
Build target 'Target 1'
compiling RecognizeCode.c...
..\Source\User\RecognizeCode.c(25): warning:  #223-D: function "getDelta" declared implicitly
..\Source\User\RecognizeCode.c(42): warning:  #940-D: missing return statement at end of non-void function "getTemp"
..\Source\User\RecognizeCode.c(110): warning:  #940-D: missing return statement at end of non-void function "getDis"
..\Source\User\RecognizeCode.c(276): warning:  #117-D: non-void function "getNum" should return a value
..\Source\User\RecognizeCode.c(616): warning:  #550-D: variable "dis" was set but never used
linking...
Program Size: Code=12460 RO-data=8264 RW-data=80 ZI-data=2168  
FromELF: creating hex file...
".\Obj\test.axf" - 0 Error(s), 5 Warning(s).
"D:\Program Files (x86)\keil4\AStyle\bin\AStyle.exe" -p ..\Source\User\recognize.c
格式化  ..\Source\User\recognize.c
Build target 'Target 1'
compiling main.c...
compiling Lcd.c...
compiling LCD_touch.C...
compiling recognize.c...
..\Source\User\recognize.c(161): warning:  #940-D: missing return statement at end of non-void function "delayms"
..\Source\User\recognize.c(216): warning:  #177-D: variable "resultChar" was declared but never referenced
..\Source\User\recognize.c(336): warning:  #174-D: expression has no effect
..\Source\User\recognize.c(307): warning:  #177-D: variable "time" was declared but never referenced
..\Source\User\recognize.c(307): warning:  #177-D: variable "b" was declared but never referenced
..\Source\User\recognize.c(307): warning:  #177-D: variable "resultNum" was declared but never referenced
..\Source\User\recognize.c(307): warning:  #177-D: variable "delayCount" was declared but never referenced
..\Source\User\recognize.c(308): warning:  #177-D: variable "resultChar" was declared but never referenced
compiling RecognizeCode.c...
..\Source\User\RecognizeCode.c(25): warning:  #223-D: function "getDelta" declared implicitly
..\Source\User\RecognizeCode.c(42): warning:  #940-D: missing return statement at end of non-void function "getTemp"
..\Source\User\RecognizeCode.c(110): warning:  #940-D: missing return statement at end of non-void function "getDis"
..\Source\User\RecognizeCode.c(276): warning:  #117-D: non-void function "getNum" should return a value
..\Source\User\RecognizeCode.c(616): warning:  #550-D: variable "dis" was set but never used
linking...
Program Size: Code=12480 RO-data=8264 RW-data=80 ZI-data=2168  
FromELF: creating hex file...
".\Obj\test.axf" - 0 Error(s), 13 Warning(s).
"D:\Program Files (x86)\keil4\AStyle\bin\AStyle.exe" -p ..\Source\User\recognize.c
格式化  ..\Source\User\recognize.c
"D:\Program Files (x86)\keil4\AStyle\bin\AStyle.exe" -p ..\Source\User\recognize.c
格式化  ..\Source\User\recognize.c
Build target 'Target 1'
compiling recognize.c...
..\Source\User\recognize.c(162): warning:  #940-D: missing return statement at end of non-void function "delayms"
..\Source\User\recognize.c(344): warning:  #111-D: statement is unreachable
..\Source\User\recognize.c(360): warning:  #174-D: expression has no effect
..\Source\User\recognize.c(321): warning:  #177-D: variable "time" was declared but never referenced
..\Source\User\recognize.c(321): warning:  #177-D: variable "b" was declared but never referenced
..\Source\User\recognize.c(321): warning:  #177-D: variable "resultNum" was declared but never referenced
..\Source\User\recognize.c(321): warning:  #177-D: variable "delayCount" was declared but never referenced
..\Source\User\recognize.c(322): warning:  #177-D: variable "resultChar" was declared but never referenced
..\Source\User\recognize.c(366): error:  #169: expected a declaration
..\Source\User\recognize.c(396): warning: At end of source:  #12-D: parsing restarts here after previous syntax error
Target not created
Build target 'Target 1'
compiling recognize.c...
..\Source\User\recognize.c(162): warning:  #940-D: missing return statement at end of non-void function "delayms"
..\Source\User\recognize.c(344): warning:  #111-D: statement is unreachable
..\Source\User\recognize.c(360): warning:  #174-D: expression has no effect
..\Source\User\recognize.c(321): warning:  #177-D: variable "time" was declared but never referenced
..\Source\User\recognize.c(321): warning:  #177-D: variable "b" was declared but never referenced
..\Source\User\recognize.c(321): warning:  #177-D: variable "resultNum" was declared but never referenced
..\Source\User\recognize.c(321): warning:  #177-D: variable "delayCount" was declared but never referenced
..\Source\User\recognize.c(322): warning:  #177-D: variable "resultChar" was declared but never referenced
linking...
Program Size: Code=9880 RO-data=8264 RW-data=72 ZI-data=536  
FromELF: creating hex file...
".\Obj\test.axf" - 0 Error(s), 8 Warning(s).
"D:\Program Files (x86)\keil4\AStyle\bin\AStyle.exe" -p ..\Source\User\recognize.c
格式化  ..\Source\User\recognize.c
Build target 'Target 1'
compiling recognize.c...
..\Source\User\recognize.c(162): warning:  #940-D: missing return statement at end of non-void function "delayms"
..\Source\User\recognize.c(356): warning:  #111-D: statement is unreachable
..\Source\User\recognize.c(372): warning:  #174-D: expression has no effect
..\Source\User\recognize.c(321): warning:  #177-D: variable "time" was declared but never referenced
..\Source\User\recognize.c(321): warning:  #177-D: variable "b" was declared but never referenced
..\Source\User\recognize.c(321): warning:  #177-D: variable "resultNum" was declared but never referenced
..\Source\User\recognize.c(321): warning:  #177-D: variable "delayCount" was declared but never referenced
..\Source\User\recognize.c(322): warning:  #177-D: variable "resultChar" was declared but never referenced
linking...
Program Size: Code=9992 RO-data=8264 RW-data=72 ZI-data=536  
FromELF: creating hex file...
".\Obj\test.axf" - 0 Error(s), 8 Warning(s).
Build target 'Target 1'
linking...
Program Size: Code=9992 RO-data=8264 RW-data=72 ZI-data=536  
FromELF: creating hex file...
".\Obj\test.axf" - 0 Error(s), 0 Warning(s).
Build target 'Target 1'
compiling recognize.c...
..\Source\User\recognize.c(162): warning:  #940-D: missing return statement at end of non-void function "delayms"
..\Source\User\recognize.c(356): warning:  #111-D: statement is unreachable
..\Source\User\recognize.c(372): warning:  #174-D: expression has no effect
..\Source\User\recognize.c(321): warning:  #177-D: variable "time" was declared but never referenced
..\Source\User\recognize.c(321): warning:  #177-D: variable "b" was declared but never referenced
..\Source\User\recognize.c(321): warning:  #177-D: variable "resultNum" was declared but never referenced
..\Source\User\recognize.c(321): warning:  #177-D: variable "delayCount" was declared but never referenced
..\Source\User\recognize.c(322): warning:  #177-D: variable "resultChar" was declared but never referenced
linking...
Program Size: Code=10084 RO-data=8264 RW-data=72 ZI-data=536  
FromELF: creating hex file...
".\Obj\test.axf" - 0 Error(s), 8 Warning(s).
Build target 'Target 1'
compiling recognize.c...
..\Source\User\recognize.c(162): warning:  #940-D: missing return statement at end of non-void function "delayms"
..\Source\User\recognize.c(330): error:  #29: expected an expression
..\Source\User\recognize.c(353): warning:  #111-D: statement is unreachable
..\Source\User\recognize.c(369): warning:  #174-D: expression has no effect
..\Source\User\recognize.c(318): warning:  #177-D: variable "time" was declared but never referenced
..\Source\User\recognize.c(318): warning:  #177-D: variable "b" was declared but never referenced
..\Source\User\recognize.c(318): warning:  #177-D: variable "resultNum" was declared but never referenced
..\Source\User\recognize.c(318): warning:  #177-D: variable "delayCount" was declared but never referenced
..\Source\User\recognize.c(319): warning:  #177-D: variable "resultChar" was declared but never referenced
Target not created
Build target 'Target 1'
compiling recognize.c...
..\Source\User\recognize.c(162): warning:  #940-D: missing return statement at end of non-void function "delayms"
..\Source\User\recognize.c(353): warning:  #111-D: statement is unreachable
..\Source\User\recognize.c(369): warning:  #174-D: expression has no effect
..\Source\User\recognize.c(318): warning:  #177-D: variable "time" was declared but never referenced
..\Source\User\recognize.c(318): warning:  #177-D: variable "b" was declared but never referenced
..\Source\User\recognize.c(318): warning:  #177-D: variable "resultNum" was declared but never referenced
..\Source\User\recognize.c(318): warning:  #177-D: variable "delayCount" was declared but never referenced
..\Source\User\recognize.c(319): warning:  #177-D: variable "resultChar" was declared but never referenced
linking...
Program Size: Code=10000 RO-data=8264 RW-data=72 ZI-data=536  
FromELF: creating hex file...
".\Obj\test.axf" - 0 Error(s), 8 Warning(s).
Build target 'Target 1'
compiling recognize.c...
..\Source\User\recognize.c(162): warning:  #940-D: missing return statement at end of non-void function "delayms"
..\Source\User\recognize.c(352): warning:  #111-D: statement is unreachable
..\Source\User\recognize.c(368): warning:  #174-D: expression has no effect
..\Source\User\recognize.c(318): warning:  #177-D: variable "time" was declared but never referenced
..\Source\User\recognize.c(318): warning:  #177-D: variable "b" was declared but never referenced
..\Source\User\recognize.c(318): warning:  #177-D: variable "resultNum" was declared but never referenced
..\Source\User\recognize.c(318): warning:  #177-D: variable "delayCount" was declared but never referenced
..\Source\User\recognize.c(319): warning:  #177-D: variable "resultChar" was declared but never referenced
linking...
Program Size: Code=10000 RO-data=8264 RW-data=72 ZI-data=536  
FromELF: creating hex file...
".\Obj\test.axf" - 0 Error(s), 8 Warning(s).
"D:\Program Files (x86)\keil4\AStyle\bin\AStyle.exe" -p ..\Source\User\recognize.c
格式化  ..\Source\User\recognize.c
Build target 'Target 1'
compiling recognize.c...
..\Source\User\recognize.c(162): warning:  #940-D: missing return statement at end of non-void function "delayms"
..\Source\User\recognize.c(368): warning:  #174-D: expression has no effect
..\Source\User\recognize.c(385): error:  #268: declaration may not appear after executable statement in block
..\Source\User\recognize.c(318): warning:  #177-D: variable "time" was declared but never referenced
..\Source\User\recognize.c(318): warning:  #177-D: variable "b" was declared but never referenced
..\Source\User\recognize.c(318): warning:  #177-D: variable "resultNum" was declared but never referenced
..\Source\User\recognize.c(318): warning:  #177-D: variable "delayCount" was declared but never referenced
..\Source\User\recognize.c(319): warning:  #177-D: variable "resultChar" was declared but never referenced
..\Source\User\recognize.c(385): error:  #67: expected a "}"
Target not created
Build target 'Target 1'
compiling recognize.c...
..\Source\User\recognize.c(162): warning:  #940-D: missing return statement at end of non-void function "delayms"
..\Source\User\recognize.c(368): warning:  #174-D: expression has no effect
..\Source\User\recognize.c(318): warning:  #177-D: variable "time" was declared but never referenced
..\Source\User\recognize.c(318): warning:  #177-D: variable "b" was declared but never referenced
..\Source\User\recognize.c(318): warning:  #177-D: variable "resultNum" was declared but never referenced
..\Source\User\recognize.c(318): warning:  #177-D: variable "delayCount" was declared but never referenced
..\Source\User\recognize.c(319): warning:  #177-D: variable "resultChar" was declared but never referenced
linking...
Program Size: Code=15732 RO-data=8264 RW-data=84 ZI-data=2172  
FromELF: creating hex file...
".\Obj\test.axf" - 0 Error(s), 7 Warning(s).
Build target 'Target 1'
compiling recognize.c...
..\Source\User\recognize.c(162): warning:  #940-D: missing return statement at end of non-void function "delayms"
..\Source\User\recognize.c(384): warning:  #174-D: expression has no effect
..\Source\User\recognize.c(318): warning:  #177-D: variable "time" was declared but never referenced
..\Source\User\recognize.c(318): warning:  #177-D: variable "b" was declared but never referenced
..\Source\User\recognize.c(318): warning:  #177-D: variable "resultNum" was declared but never referenced
..\Source\User\recognize.c(318): warning:  #177-D: variable "delayCount" was declared but never referenced
..\Source\User\recognize.c(319): warning:  #177-D: variable "resultChar" was declared but never referenced
linking...
Program Size: Code=15744 RO-data=8264 RW-data=84 ZI-data=2172  
FromELF: creating hex file...
".\Obj\test.axf" - 0 Error(s), 7 Warning(s).
Build target 'Target 1'
linking...
Program Size: Code=15744 RO-data=8264 RW-data=84 ZI-data=2172  
FromELF: creating hex file...
".\Obj\test.axf" - 0 Error(s), 0 Warning(s).
Build target 'Target 1'
compiling recognize.c...
..\Source\User\recognize.c(162): warning:  #940-D: missing return statement at end of non-void function "delayms"
..\Source\User\recognize.c(368): warning:  #174-D: expression has no effect
..\Source\User\recognize.c(385): error:  #268: declaration may not appear after executable statement in block
..\Source\User\recognize.c(318): warning:  #177-D: variable "time" was declared but never referenced
..\Source\User\recognize.c(318): warning:  #177-D: variable "b" was declared but never referenced
..\Source\User\recognize.c(318): warning:  #177-D: variable "resultNum" was declared but never referenced
..\Source\User\recognize.c(318): warning:  #177-D: variable "delayCount" was declared but never referenced
..\Source\User\recognize.c(319): warning:  #177-D: variable "resultChar" was declared but never referenced
..\Source\User\recognize.c(385): error:  #67: expected a "}"
Target not created
Build target 'Target 1'
compiling recognize.c...
..\Source\User\recognize.c(162): warning:  #940-D: missing return statement at end of non-void function "delayms"
..\Source\User\recognize.c(368): warning:  #174-D: expression has no effect
..\Source\User\recognize.c(318): warning:  #177-D: variable "time" was declared but never referenced
..\Source\User\recognize.c(318): warning:  #177-D: variable "b" was declared but never referenced
..\Source\User\recognize.c(318): warning:  #177-D: variable "resultNum" was declared but never referenced
..\Source\User\recognize.c(318): warning:  #177-D: variable "delayCount" was declared but never referenced
..\Source\User\recognize.c(319): warning:  #177-D: variable "resultChar" was declared but never referenced
linking...
Program Size: Code=15732 RO-data=8264 RW-data=84 ZI-data=2172  
FromELF: creating hex file...
".\Obj\test.axf" - 0 Error(s), 7 Warning(s).
"D:\Program Files (x86)\keil4\AStyle\bin\AStyle.exe" -p ..\Source\User\recognize.c
格式化  ..\Source\User\recognize.c
Build target 'Target 1'
compiling recognize.c...
..\Source\User\recognize.c(162): warning:  #940-D: missing return statement at end of non-void function "delayms"
..\Source\User\recognize.c(371): warning:  #174-D: expression has no effect
..\Source\User\recognize.c(318): warning:  #177-D: variable "time" was declared but never referenced
..\Source\User\recognize.c(318): warning:  #177-D: variable "b" was declared but never referenced
..\Source\User\recognize.c(318): warning:  #177-D: variable "resultNum" was declared but never referenced
..\Source\User\recognize.c(318): warning:  #177-D: variable "delayCount" was declared but never referenced
..\Source\User\recognize.c(319): warning:  #177-D: variable "resultChar" was declared but never referenced
linking...
Program Size: Code=15756 RO-data=8264 RW-data=84 ZI-data=2172  
FromELF: creating hex file...
".\Obj\test.axf" - 0 Error(s), 7 Warning(s).
"D:\Program Files (x86)\keil4\AStyle\bin\AStyle.exe" -p ..\Source\User\recognize.c
格式化  ..\Source\User\recognize.c
Build target 'Target 1'
compiling recognize.c...
..\Source\User\recognize.c(162): warning:  #940-D: missing return statement at end of non-void function "delayms"
..\Source\User\recognize.c(370): warning:  #174-D: expression has no effect
..\Source\User\recognize.c(318): warning:  #177-D: variable "time" was declared but never referenced
..\Source\User\recognize.c(318): warning:  #177-D: variable "b" was declared but never referenced
..\Source\User\recognize.c(318): warning:  #177-D: variable "resultNum" was declared but never referenced
..\Source\User\recognize.c(318): warning:  #177-D: variable "delayCount" was declared but never referenced
..\Source\User\recognize.c(319): warning:  #177-D: variable "resultChar" was declared but never referenced
linking...
Program Size: Code=15756 RO-data=8264 RW-data=84 ZI-data=2172  
FromELF: creating hex file...
".\Obj\test.axf" - 0 Error(s), 7 Warning(s).
Build target 'Target 1'
compiling recognize.c...
..\Source\User\recognize.c(162): warning:  #940-D: missing return statement at end of non-void function "delayms"
..\Source\User\recognize.c(370): warning:  #174-D: expression has no effect
..\Source\User\recognize.c(318): warning:  #177-D: variable "time" was declared but never referenced
..\Source\User\recognize.c(318): warning:  #177-D: variable "b" was declared but never referenced
..\Source\User\recognize.c(318): warning:  #177-D: variable "resultNum" was declared but never referenced
..\Source\User\recognize.c(318): warning:  #177-D: variable "delayCount" was declared but never referenced
..\Source\User\recognize.c(319): warning:  #177-D: variable "resultChar" was declared but never referenced
linking...
Program Size: Code=15760 RO-data=8264 RW-data=84 ZI-data=2172  
FromELF: creating hex file...
".\Obj\test.axf" - 0 Error(s), 7 Warning(s).
Build target 'Target 1'
compiling recognize.c...
..\Source\User\recognize.c(162): warning:  #940-D: missing return statement at end of non-void function "delayms"
..\Source\User\recognize.c(370): warning:  #174-D: expression has no effect
..\Source\User\recognize.c(318): warning:  #177-D: variable "time" was declared but never referenced
..\Source\User\recognize.c(318): warning:  #177-D: variable "b" was declared but never referenced
..\Source\User\recognize.c(318): warning:  #177-D: variable "resultNum" was declared but never referenced
..\Source\User\recognize.c(318): warning:  #177-D: variable "delayCount" was declared but never referenced
..\Source\User\recognize.c(319): warning:  #177-D: variable "resultChar" was declared but never referenced
linking...
Program Size: Code=15760 RO-data=8264 RW-data=84 ZI-data=2172  
FromELF: creating hex file...
".\Obj\test.axf" - 0 Error(s), 7 Warning(s).
Build target 'Target 1'
compiling recognize.c...
..\Source\User\recognize.c(161): warning:  #940-D: missing return statement at end of non-void function "delayms"
..\Source\User\recognize.c(218): error:  #20: identifier "flag" is undefined
..\Source\User\recognize.c(334): error:  #20: identifier "mode" is undefined
..\Source\User\recognize.c(375): warning:  #174-D: expression has no effect
..\Source\User\recognize.c(321): warning:  #177-D: variable "time" was declared but never referenced
..\Source\User\recognize.c(321): warning:  #177-D: variable "b" was declared but never referenced
..\Source\User\recognize.c(321): warning:  #177-D: variable "resultNum" was declared but never referenced
..\Source\User\recognize.c(321): warning:  #177-D: variable "delayCount" was declared but never referenced
..\Source\User\recognize.c(322): warning:  #177-D: variable "resultChar" was declared but never referenced
Target not created
Build target 'Target 1'
compiling recognize.c...
..\Source\User\recognize.c(161): warning:  #940-D: missing return statement at end of non-void function "delayms"
..\Source\User\recognize.c(334): error:  #20: identifier "mode" is undefined
..\Source\User\recognize.c(355): error:  #165: too few arguments in function call
..\Source\User\recognize.c(375): warning:  #174-D: expression has no effect
..\Source\User\recognize.c(321): warning:  #177-D: variable "time" was declared but never referenced
..\Source\User\recognize.c(321): warning:  #177-D: variable "b" was declared but never referenced
..\Source\User\recognize.c(321): warning:  #177-D: variable "resultNum" was declared but never referenced
..\Source\User\recognize.c(321): warning:  #177-D: variable "delayCount" was declared but never referenced
..\Source\User\recognize.c(322): warning:  #177-D: variable "resultChar" was declared but never referenced
Target not created
Build target 'Target 1'
compiling recognize.c...
..\Source\User\recognize.c(161): warning:  #940-D: missing return statement at end of non-void function "delayms"
..\Source\User\recognize.c(334): error:  #20: identifier "mode" is undefined
..\Source\User\recognize.c(375): warning:  #174-D: expression has no effect
..\Source\User\recognize.c(321): warning:  #177-D: variable "time" was declared but never referenced
..\Source\User\recognize.c(321): warning:  #177-D: variable "b" was declared but never referenced
..\Source\User\recognize.c(321): warning:  #177-D: variable "resultNum" was declared but never referenced
..\Source\User\recognize.c(321): warning:  #177-D: variable "delayCount" was declared but never referenced
..\Source\User\recognize.c(322): warning:  #177-D: variable "resultChar" was declared but never referenced
Target not created
Build target 'Target 1'
compiling recognize.c...
..\Source\User\recognize.c(161): warning:  #940-D: missing return statement at end of non-void function "delayms"
..\Source\User\recognize.c(375): warning:  #174-D: expression has no effect
..\Source\User\recognize.c(321): warning:  #177-D: variable "time" was declared but never referenced
..\Source\User\recognize.c(321): warning:  #177-D: variable "b" was declared but never referenced
..\Source\User\recognize.c(321): warning:  #177-D: variable "resultNum" was declared but never referenced
..\Source\User\recognize.c(321): warning:  #177-D: variable "delayCount" was declared but never referenced
..\Source\User\recognize.c(322): warning:  #177-D: variable "resultChar" was declared but never referenced
linking...
Program Size: Code=15756 RO-data=8264 RW-data=80 ZI-data=2168  
FromELF: creating hex file...
".\Obj\test.axf" - 0 Error(s), 7 Warning(s).
Build target 'Target 1'
compiling recognize.c...
..\Source\User\recognize.c(162): warning:  #940-D: missing return statement at end of non-void function "delayms"
..\Source\User\recognize.c(364): warning:  #174-D: expression has no effect
..\Source\User\recognize.c(311): warning:  #177-D: variable "time" was declared but never referenced
..\Source\User\recognize.c(311): warning:  #177-D: variable "b" was declared but never referenced
..\Source\User\recognize.c(311): warning:  #177-D: variable "resultNum" was declared but never referenced
..\Source\User\recognize.c(311): warning:  #177-D: variable "delayCount" was declared but never referenced
..\Source\User\recognize.c(312): warning:  #177-D: variable "resultChar" was declared but never referenced
linking...
Program Size: Code=15760 RO-data=8264 RW-data=84 ZI-data=2172  
FromELF: creating hex file...
".\Obj\test.axf" - 0 Error(s), 7 Warning(s).
Build target 'Target 1'
linking...
Program Size: Code=15760 RO-data=8264 RW-data=84 ZI-data=2172  
FromELF: creating hex file...
".\Obj\test.axf" - 0 Error(s), 0 Warning(s).
"D:\Program Files (x86)\keil4\AStyle\bin\AStyle.exe" -p ..\Source\User\recognize.c
格式化  ..\Source\User\recognize.c
Build target 'Target 1'
compiling recognize.c...
..\Source\User\recognize.c(162): warning:  #940-D: missing return statement at end of non-void function "delayms"
..\Source\User\recognize.c(337): warning:  #177-D: variable "resultChar" was declared but never referenced
..\Source\User\recognize.c(382): warning:  #174-D: expression has no effect
..\Source\User\recognize.c(311): warning:  #177-D: variable "time" was declared but never referenced
..\Source\User\recognize.c(311): warning:  #177-D: variable "b" was declared but never referenced
..\Source\User\recognize.c(311): warning:  #177-D: variable "resultNum" was declared but never referenced
..\Source\User\recognize.c(311): warning:  #177-D: variable "delayCount" was declared but never referenced
..\Source\User\recognize.c(312): warning:  #177-D: variable "resultChar" was declared but never referenced
linking...
Program Size: Code=15884 RO-data=8264 RW-data=84 ZI-data=2172  
FromELF: creating hex file...
".\Obj\test.axf" - 0 Error(s), 8 Warning(s).
"D:\Program Files (x86)\keil4\AStyle\bin\AStyle.exe" -p ..\Source\User\recognize.c
格式化  ..\Source\User\recognize.c
Build target 'Target 1'
compiling recognize.c...
..\Source\User\recognize.c(162): warning:  #940-D: missing return statement at end of non-void function "delayms"
..\Source\User\recognize.c(337): warning:  #177-D: variable "resultChar" was declared but never referenced
..\Source\User\recognize.c(362): warning:  #177-D: variable "resultNum" was declared but never referenced
..\Source\User\recognize.c(387): warning:  #177-D: variable "resultNum" was declared but never referenced
..\Source\User\recognize.c(423): warning:  #174-D: expression has no effect
..\Source\User\recognize.c(311): warning:  #177-D: variable "time" was declared but never referenced
..\Source\User\recognize.c(311): warning:  #177-D: variable "b" was declared but never referenced
..\Source\User\recognize.c(311): warning:  #177-D: variable "resultNum" was declared but never referenced
..\Source\User\recognize.c(311): warning:  #177-D: variable "delayCount" was declared but never referenced
..\Source\User\recognize.c(312): warning:  #177-D: variable "resultChar" was declared but never referenced
linking...
Program Size: Code=16184 RO-data=8264 RW-data=84 ZI-data=2172  
FromELF: creating hex file...
".\Obj\test.axf" - 0 Error(s), 10 Warning(s).
Build target 'Target 1'
compiling recognize.c...
..\Source\User\recognize.c(162): warning:  #940-D: missing return statement at end of non-void function "delayms"
..\Source\User\recognize.c(337): warning:  #177-D: variable "resultChar" was declared but never referenced
..\Source\User\recognize.c(362): warning:  #177-D: variable "resultNum" was declared but never referenced
..\Source\User\recognize.c(387): warning:  #177-D: variable "resultNum" was declared but never referenced
..\Source\User\recognize.c(423): warning:  #174-D: expression has no effect
..\Source\User\recognize.c(311): warning:  #177-D: variable "time" was declared but never referenced
..\Source\User\recognize.c(311): warning:  #177-D: variable "b" was declared but never referenced
..\Source\User\recognize.c(311): warning:  #177-D: variable "resultNum" was declared but never referenced
..\Source\User\recognize.c(311): warning:  #177-D: variable "delayCount" was declared but never referenced
..\Source\User\recognize.c(312): warning:  #177-D: variable "resultChar" was declared but never referenced
linking...
Program Size: Code=15852 RO-data=8264 RW-data=84 ZI-data=2172  
FromELF: creating hex file...
".\Obj\test.axf" - 0 Error(s), 10 Warning(s).
Build target 'Target 1'
compiling recognize.c...
..\Source\User\recognize.c(162): warning:  #940-D: missing return statement at end of non-void function "delayms"
..\Source\User\recognize.c(340): warning:  #174-D: expression has no effect
..\Source\User\recognize.c(311): warning:  #177-D: variable "time" was declared but never referenced
..\Source\User\recognize.c(311): warning:  #177-D: variable "b" was declared but never referenced
..\Source\User\recognize.c(311): warning:  #177-D: variable "resultNum" was declared but never referenced
..\Source\User\recognize.c(311): warning:  #177-D: variable "delayCount" was declared but never referenced
..\Source\User\recognize.c(312): warning:  #177-D: variable "resultChar" was declared but never referenced
linking...
Program Size: Code=10688 RO-data=8264 RW-data=72 ZI-data=2168  
FromELF: creating hex file...
".\Obj\test.axf" - 0 Error(s), 7 Warning(s).
Build target 'Target 1'
compiling recognize.c...
..\Source\User\recognize.c(162): warning:  #940-D: missing return statement at end of non-void function "delayms"
..\Source\User\recognize.c(340): warning:  #174-D: expression has no effect
..\Source\User\recognize.c(311): warning:  #177-D: variable "time" was declared but never referenced
..\Source\User\recognize.c(311): warning:  #177-D: variable "b" was declared but never referenced
..\Source\User\recognize.c(311): warning:  #177-D: variable "resultNum" was declared but never referenced
..\Source\User\recognize.c(311): warning:  #177-D: variable "delayCount" was declared but never referenced
..\Source\User\recognize.c(312): warning:  #177-D: variable "resultChar" was declared but never referenced
linking...
Program Size: Code=15576 RO-data=8264 RW-data=84 ZI-data=2172  
FromELF: creating hex file...
".\Obj\test.axf" - 0 Error(s), 7 Warning(s).
Build target 'Target 1'
compiling recognize.c...
..\Source\User\recognize.c(162): warning:  #940-D: missing return statement at end of non-void function "delayms"
..\Source\User\recognize.c(342): warning:  #174-D: expression has no effect
..\Source\User\recognize.c(313): warning:  #177-D: variable "time" was declared but never referenced
..\Source\User\recognize.c(313): warning:  #177-D: variable "b" was declared but never referenced
..\Source\User\recognize.c(313): warning:  #177-D: variable "resultNum" was declared but never referenced
..\Source\User\recognize.c(313): warning:  #177-D: variable "delayCount" was declared but never referenced
..\Source\User\recognize.c(314): warning:  #177-D: variable "resultChar" was declared but never referenced
linking...
Program Size: Code=15576 RO-data=8264 RW-data=84 ZI-data=2172  
FromELF: creating hex file...
".\Obj\test.axf" - 0 Error(s), 7 Warning(s).
"D:\Program Files (x86)\keil4\AStyle\bin\AStyle.exe" -p ..\Source\User\recognize.c
格式化  ..\Source\User\recognize.c
Build target 'Target 1'
compiling recognize.c...
..\Source\User\recognize.c(162): warning:  #940-D: missing return statement at end of non-void function "delayms"
..\Source\User\recognize.c(221): error:  #65: expected a ";"
..\Source\User\recognize.c(329): error:  #20: identifier "k" is undefined
..\Source\User\recognize.c(331): warning:  #174-D: expression has no effect
..\Source\User\recognize.c(350): warning:  #174-D: expression has no effect
..\Source\User\recognize.c(314): warning:  #177-D: variable "time" was declared but never referenced
..\Source\User\recognize.c(314): warning:  #177-D: variable "b" was declared but never referenced
..\Source\User\recognize.c(314): warning:  #177-D: variable "resultNum" was declared but never referenced
..\Source\User\recognize.c(314): warning:  #177-D: variable "delayCount" was declared but never referenced
..\Source\User\recognize.c(315): warning:  #177-D: variable "resultChar" was declared but never referenced
Target not created
Build target 'Target 1'
compiling recognize.c...
..\Source\User\recognize.c(162): warning:  #940-D: missing return statement at end of non-void function "delayms"
..\Source\User\recognize.c(225): error:  #65: expected a ";"
..\Source\User\recognize.c(334): warning:  #174-D: expression has no effect
..\Source\User\recognize.c(353): warning:  #174-D: expression has no effect
..\Source\User\recognize.c(318): warning:  #177-D: variable "time" was declared but never referenced
..\Source\User\recognize.c(318): warning:  #177-D: variable "b" was declared but never referenced
..\Source\User\recognize.c(318): warning:  #177-D: variable "resultNum" was declared but never referenced
..\Source\User\recognize.c(318): warning:  #177-D: variable "delayCount" was declared but never referenced
..\Source\User\recognize.c(319): warning:  #177-D: variable "resultChar" was declared but never referenced
Target not created
Build target 'Target 1'
compiling recognize.c...
..\Source\User\recognize.c(162): warning:  #940-D: missing return statement at end of non-void function "delayms"
..\Source\User\recognize.c(333): warning:  #174-D: expression has no effect
..\Source\User\recognize.c(352): warning:  #174-D: expression has no effect
..\Source\User\recognize.c(317): warning:  #177-D: variable "time" was declared but never referenced
..\Source\User\recognize.c(317): warning:  #177-D: variable "b" was declared but never referenced
..\Source\User\recognize.c(317): warning:  #177-D: variable "resultNum" was declared but never referenced
..\Source\User\recognize.c(317): warning:  #177-D: variable "delayCount" was declared but never referenced
..\Source\User\recognize.c(318): warning:  #177-D: variable "resultChar" was declared but never referenced
linking...
Program Size: Code=15628 RO-data=8264 RW-data=84 ZI-data=2172  
FromELF: creating hex file...
".\Obj\test.axf" - 0 Error(s), 8 Warning(s).
Build target 'Target 1'
compiling recognize.c...
..\Source\User\recognize.c(162): warning:  #940-D: missing return statement at end of non-void function "delayms"
..\Source\User\recognize.c(329): warning:  #174-D: expression has no effect
..\Source\User\recognize.c(348): warning:  #174-D: expression has no effect
..\Source\User\recognize.c(313): warning:  #177-D: variable "time" was declared but never referenced
..\Source\User\recognize.c(313): warning:  #177-D: variable "b" was declared but never referenced
..\Source\User\recognize.c(313): warning:  #177-D: variable "resultNum" was declared but never referenced
..\Source\User\recognize.c(313): warning:  #177-D: variable "delayCount" was declared but never referenced
..\Source\User\recognize.c(314): warning:  #177-D: variable "resultChar" was declared but never referenced
linking...
Program Size: Code=15612 RO-data=8264 RW-data=84 ZI-data=2172  
FromELF: creating hex file...
".\Obj\test.axf" - 0 Error(s), 8 Warning(s).
"D:\Program Files (x86)\keil4\AStyle\bin\AStyle.exe" -p ..\Source\User\recognize.c
格式化  ..\Source\User\recognize.c
"D:\Program Files (x86)\keil4\AStyle\bin\AStyle.exe" -p ..\Source\User\recognize.c
格式化  ..\Source\User\recognize.c
Build target 'Target 1'
compiling recognize.c...
..\Source\User\recognize.c(162): warning:  #940-D: missing return statement at end of non-void function "delayms"
..\Source\User\recognize.c(329): warning:  #174-D: expression has no effect
..\Source\User\recognize.c(368): warning:  #174-D: expression has no effect
..\Source\User\recognize.c(313): warning:  #177-D: variable "time" was declared but never referenced
..\Source\User\recognize.c(313): warning:  #177-D: variable "b" was declared but never referenced
..\Source\User\recognize.c(313): warning:  #177-D: variable "resultNum" was declared but never referenced
..\Source\User\recognize.c(313): warning:  #177-D: variable "delayCount" was declared but never referenced
..\Source\User\recognize.c(314): warning:  #177-D: variable "resultChar" was declared but never referenced
linking...
Program Size: Code=15800 RO-data=8264 RW-data=84 ZI-data=2172  
FromELF: creating hex file...
".\Obj\test.axf" - 0 Error(s), 8 Warning(s).
Build target 'Target 1'
compiling recognize.c...
..\Source\User\recognize.c(162): warning:  #940-D: missing return statement at end of non-void function "delayms"
..\Source\User\recognize.c(329): warning:  #174-D: expression has no effect
..\Source\User\recognize.c(369): warning:  #174-D: expression has no effect
..\Source\User\recognize.c(313): warning:  #177-D: variable "time" was declared but never referenced
..\Source\User\recognize.c(313): warning:  #177-D: variable "b" was declared but never referenced
..\Source\User\recognize.c(313): warning:  #177-D: variable "resultNum" was declared but never referenced
..\Source\User\recognize.c(313): warning:  #177-D: variable "delayCount" was declared but never referenced
..\Source\User\recognize.c(314): warning:  #177-D: variable "resultChar" was declared but never referenced
linking...
Program Size: Code=15800 RO-data=8264 RW-data=84 ZI-data=2172  
FromELF: creating hex file...
".\Obj\test.axf" - 0 Error(s), 8 Warning(s).
Build target 'Target 1'
compiling recognize.c...
..\Source\User\recognize.c(162): warning:  #940-D: missing return statement at end of non-void function "delayms"
..\Source\User\recognize.c(329): warning:  #174-D: expression has no effect
..\Source\User\recognize.c(370): warning:  #174-D: expression has no effect
..\Source\User\recognize.c(313): warning:  #177-D: variable "time" was declared but never referenced
..\Source\User\recognize.c(313): warning:  #177-D: variable "b" was declared but never referenced
..\Source\User\recognize.c(313): warning:  #177-D: variable "resultNum" was declared but never referenced
..\Source\User\recognize.c(313): warning:  #177-D: variable "delayCount" was declared but never referenced
..\Source\User\recognize.c(314): warning:  #177-D: variable "resultChar" was declared but never referenced
linking...
Program Size: Code=15800 RO-data=8264 RW-data=84 ZI-data=2172  
FromELF: creating hex file...
".\Obj\test.axf" - 0 Error(s), 8 Warning(s).
Build target 'Target 1'
linking...
Program Size: Code=15800 RO-data=8264 RW-data=84 ZI-data=2172  
FromELF: creating hex file...
".\Obj\test.axf" - 0 Error(s), 0 Warning(s).
Build target 'Target 1'
compiling recognize.c...
..\Source\User\recognize.c(162): warning:  #940-D: missing return statement at end of non-void function "delayms"
..\Source\User\recognize.c(329): warning:  #174-D: expression has no effect
..\Source\User\recognize.c(366): warning:  #174-D: expression has no effect
..\Source\User\recognize.c(313): warning:  #177-D: variable "time" was declared but never referenced
..\Source\User\recognize.c(313): warning:  #177-D: variable "b" was declared but never referenced
..\Source\User\recognize.c(313): warning:  #177-D: variable "resultNum" was declared but never referenced
..\Source\User\recognize.c(313): warning:  #177-D: variable "delayCount" was declared but never referenced
..\Source\User\recognize.c(314): warning:  #177-D: variable "resultChar" was declared but never referenced
linking...
Program Size: Code=15736 RO-data=8264 RW-data=84 ZI-data=2172  
FromELF: creating hex file...
".\Obj\test.axf" - 0 Error(s), 8 Warning(s).
"D:\Program Files (x86)\keil4\AStyle\bin\AStyle.exe" -p ..\Source\User\recognize.c
格式化  ..\Source\User\recognize.c
Build target 'Target 1'
compiling recognize.c...
..\Source\User\recognize.c(162): warning:  #940-D: missing return statement at end of non-void function "delayms"
..\Source\User\recognize.c(329): warning:  #174-D: expression has no effect
..\Source\User\recognize.c(366): warning:  #174-D: expression has no effect
..\Source\User\recognize.c(313): warning:  #177-D: variable "time" was declared but never referenced
..\Source\User\recognize.c(313): warning:  #177-D: variable "b" was declared but never referenced
..\Source\User\recognize.c(313): warning:  #177-D: variable "resultNum" was declared but never referenced
..\Source\User\recognize.c(313): warning:  #177-D: variable "delayCount" was declared but never referenced
..\Source\User\recognize.c(314): warning:  #177-D: variable "resultChar" was declared but never referenced
linking...
Program Size: Code=15736 RO-data=8264 RW-data=84 ZI-data=2172  
FromELF: creating hex file...
".\Obj\test.axf" - 0 Error(s), 8 Warning(s).
Build target 'Target 1'
compiling recognize.c...
..\Source\User\recognize.c(162): warning:  #940-D: missing return statement at end of non-void function "delayms"
..\Source\User\recognize.c(329): warning:  #174-D: expression has no effect
..\Source\User\recognize.c(366): warning:  #174-D: expression has no effect
..\Source\User\recognize.c(313): warning:  #177-D: variable "time" was declared but never referenced
..\Source\User\recognize.c(313): warning:  #177-D: variable "b" was declared but never referenced
..\Source\User\recognize.c(313): warning:  #177-D: variable "resultNum" was declared but never referenced
..\Source\User\recognize.c(313): warning:  #177-D: variable "delayCount" was declared but never referenced
..\Source\User\recognize.c(314): warning:  #177-D: variable "resultChar" was declared but never referenced
linking...
Program Size: Code=15736 RO-data=8264 RW-data=84 ZI-data=2172  
FromELF: creating hex file...
".\Obj\test.axf" - 0 Error(s), 8 Warning(s).
Build target 'Target 1'
compiling recognize.c...
..\Source\User\recognize.c(162): warning:  #940-D: missing return statement at end of non-void function "delayms"
..\Source\User\recognize.c(215): warning:  #174-D: expression has no effect
..\Source\User\recognize.c(330): warning:  #174-D: expression has no effect
..\Source\User\recognize.c(367): warning:  #174-D: expression has no effect
..\Source\User\recognize.c(314): warning:  #177-D: variable "time" was declared but never referenced
..\Source\User\recognize.c(314): warning:  #177-D: variable "b" was declared but never referenced
..\Source\User\recognize.c(314): warning:  #177-D: variable "resultNum" was declared but never referenced
..\Source\User\recognize.c(314): warning:  #177-D: variable "delayCount" was declared but never referenced
..\Source\User\recognize.c(315): warning:  #177-D: variable "resultChar" was declared but never referenced
linking...
Program Size: Code=15736 RO-data=8264 RW-data=84 ZI-data=2172  
FromELF: creating hex file...
".\Obj\test.axf" - 0 Error(s), 9 Warning(s).
Build target 'Target 1'
compiling recognize.c...
..\Source\User\recognize.c(162): warning:  #940-D: missing return statement at end of non-void function "delayms"
..\Source\User\recognize.c(366): warning:  #174-D: expression has no effect
..\Source\User\recognize.c(313): warning:  #177-D: variable "time" was declared but never referenced
..\Source\User\recognize.c(313): warning:  #177-D: variable "b" was declared but never referenced
..\Source\User\recognize.c(313): warning:  #177-D: variable "resultNum" was declared but never referenced
..\Source\User\recognize.c(313): warning:  #177-D: variable "delayCount" was declared but never referenced
..\Source\User\recognize.c(314): warning:  #177-D: variable "resultChar" was declared but never referenced
linking...
Program Size: Code=15740 RO-data=8264 RW-data=84 ZI-data=2172  
FromELF: creating hex file...
".\Obj\test.axf" - 0 Error(s), 7 Warning(s).
Build target 'Target 1'
compiling recognize.c...
..\Source\User\recognize.c(162): warning:  #940-D: missing return statement at end of non-void function "delayms"
..\Source\User\recognize.c(366): warning:  #174-D: expression has no effect
..\Source\User\recognize.c(313): warning:  #177-D: variable "time" was declared but never referenced
..\Source\User\recognize.c(313): warning:  #177-D: variable "b" was declared but never referenced
..\Source\User\recognize.c(313): warning:  #177-D: variable "resultNum" was declared but never referenced
..\Source\User\recognize.c(313): warning:  #177-D: variable "delayCount" was declared but never referenced
..\Source\User\recognize.c(314): warning:  #177-D: variable "resultChar" was declared but never referenced
linking...
Program Size: Code=15740 RO-data=8264 RW-data=84 ZI-data=2172  
FromELF: creating hex file...
".\Obj\test.axf" - 0 Error(s), 7 Warning(s).
Build target 'Target 1'
compiling recognize.c...
..\Source\User\recognize.c(162): warning:  #940-D: missing return statement at end of non-void function "delayms"
..\Source\User\recognize.c(366): warning:  #174-D: expression has no effect
..\Source\User\recognize.c(313): warning:  #177-D: variable "time" was declared but never referenced
..\Source\User\recognize.c(313): warning:  #177-D: variable "b" was declared but never referenced
..\Source\User\recognize.c(313): warning:  #177-D: variable "resultNum" was declared but never referenced
..\Source\User\recognize.c(313): warning:  #177-D: variable "delayCount" was declared but never referenced
..\Source\User\recognize.c(314): warning:  #177-D: variable "resultChar" was declared but never referenced
linking...
Program Size: Code=15740 RO-data=8264 RW-data=84 ZI-data=2172  
FromELF: creating hex file...
".\Obj\test.axf" - 0 Error(s), 7 Warning(s).
"D:\Program Files (x86)\keil4\AStyle\bin\AStyle.exe" -p ..\Source\User\recognize.c
不变    ..\Source\User\recognize.c
Build target 'Target 1'
compiling recognize.c...
..\Source\User\recognize.c(162): warning:  #940-D: missing return statement at end of non-void function "delayms"
..\Source\User\recognize.c(366): warning:  #174-D: expression has no effect
..\Source\User\recognize.c(313): warning:  #177-D: variable "time" was declared but never referenced
..\Source\User\recognize.c(313): warning:  #177-D: variable "b" was declared but never referenced
..\Source\User\recognize.c(313): warning:  #177-D: variable "resultNum" was declared but never referenced
..\Source\User\recognize.c(313): warning:  #177-D: variable "delayCount" was declared but never referenced
..\Source\User\recognize.c(314): warning:  #177-D: variable "resultChar" was declared but never referenced
linking...
Program Size: Code=15740 RO-data=8264 RW-data=84 ZI-data=2172  
FromELF: creating hex file...
".\Obj\test.axf" - 0 Error(s), 7 Warning(s).
Build target 'Target 1'
compiling recognize.c...
..\Source\User\recognize.c(162): warning:  #940-D: missing return statement at end of non-void function "delayms"
..\Source\User\recognize.c(366): warning:  #174-D: expression has no effect
..\Source\User\recognize.c(313): warning:  #177-D: variable "time" was declared but never referenced
..\Source\User\recognize.c(313): warning:  #177-D: variable "b" was declared but never referenced
..\Source\User\recognize.c(313): warning:  #177-D: variable "resultNum" was declared but never referenced
..\Source\User\recognize.c(313): warning:  #177-D: variable "delayCount" was declared but never referenced
..\Source\User\recognize.c(314): warning:  #177-D: variable "resultChar" was declared but never referenced
linking...
Program Size: Code=15740 RO-data=8264 RW-data=84 ZI-data=2172  
FromELF: creating hex file...
".\Obj\test.axf" - 0 Error(s), 7 Warning(s).
Build target 'Target 1'
compiling recognize.c...
..\Source\User\recognize.c(162): warning:  #940-D: missing return statement at end of non-void function "delayms"
..\Source\User\recognize.c(366): warning:  #174-D: expression has no effect
..\Source\User\recognize.c(313): warning:  #177-D: variable "time" was declared but never referenced
..\Source\User\recognize.c(313): warning:  #177-D: variable "b" was declared but never referenced
..\Source\User\recognize.c(313): warning:  #177-D: variable "resultNum" was declared but never referenced
..\Source\User\recognize.c(313): warning:  #177-D: variable "delayCount" was declared but never referenced
..\Source\User\recognize.c(314): warning:  #177-D: variable "resultChar" was declared but never referenced
linking...
Program Size: Code=15764 RO-data=8264 RW-data=84 ZI-data=2172  
FromELF: creating hex file...
".\Obj\test.axf" - 0 Error(s), 7 Warning(s).
Build target 'Target 1'
compiling recognize.c...
..\Source\User\recognize.c(162): warning:  #940-D: missing return statement at end of non-void function "delayms"
..\Source\User\recognize.c(366): warning:  #174-D: expression has no effect
..\Source\User\recognize.c(313): warning:  #177-D: variable "time" was declared but never referenced
..\Source\User\recognize.c(313): warning:  #177-D: variable "b" was declared but never referenced
..\Source\User\recognize.c(313): warning:  #177-D: variable "resultNum" was declared but never referenced
..\Source\User\recognize.c(313): warning:  #177-D: variable "delayCount" was declared but never referenced
..\Source\User\recognize.c(314): warning:  #177-D: variable "resultChar" was declared but never referenced
linking...
Program Size: Code=15784 RO-data=8264 RW-data=84 ZI-data=2172  
FromELF: creating hex file...
".\Obj\test.axf" - 0 Error(s), 7 Warning(s).
Build target 'Target 1'
compiling recognize.c...
..\Source\User\recognize.c(162): warning:  #940-D: missing return statement at end of non-void function "delayms"
..\Source\User\recognize.c(366): warning:  #174-D: expression has no effect
..\Source\User\recognize.c(313): warning:  #177-D: variable "time" was declared but never referenced
..\Source\User\recognize.c(313): warning:  #177-D: variable "b" was declared but never referenced
..\Source\User\recognize.c(313): warning:  #177-D: variable "resultNum" was declared but never referenced
..\Source\User\recognize.c(313): warning:  #177-D: variable "delayCount" was declared but never referenced
..\Source\User\recognize.c(314): warning:  #177-D: variable "resultChar" was declared but never referenced
linking...
Program Size: Code=15784 RO-data=8264 RW-data=84 ZI-data=2172  
FromELF: creating hex file...
".\Obj\test.axf" - 0 Error(s), 7 Warning(s).
Build target 'Target 1'
compiling recognize.c...
..\Source\User\recognize.c(162): warning:  #940-D: missing return statement at end of non-void function "delayms"
..\Source\User\recognize.c(366): warning:  #174-D: expression has no effect
..\Source\User\recognize.c(313): warning:  #177-D: variable "time" was declared but never referenced
..\Source\User\recognize.c(313): warning:  #177-D: variable "b" was declared but never referenced
..\Source\User\recognize.c(313): warning:  #177-D: variable "resultNum" was declared but never referenced
..\Source\User\recognize.c(313): warning:  #177-D: variable "delayCount" was declared but never referenced
..\Source\User\recognize.c(314): warning:  #177-D: variable "resultChar" was declared but never referenced
linking...
Program Size: Code=15784 RO-data=8264 RW-data=84 ZI-data=2172  
FromELF: creating hex file...
".\Obj\test.axf" - 0 Error(s), 7 Warning(s).
Build target 'Target 1'
compiling recognize.c...
..\Source\User\recognize.c(162): warning:  #940-D: missing return statement at end of non-void function "delayms"
..\Source\User\recognize.c(366): warning:  #174-D: expression has no effect
..\Source\User\recognize.c(313): warning:  #177-D: variable "time" was declared but never referenced
..\Source\User\recognize.c(313): warning:  #177-D: variable "b" was declared but never referenced
..\Source\User\recognize.c(313): warning:  #177-D: variable "resultNum" was declared but never referenced
..\Source\User\recognize.c(313): warning:  #177-D: variable "delayCount" was declared but never referenced
..\Source\User\recognize.c(314): warning:  #177-D: variable "resultChar" was declared but never referenced
linking...
Program Size: Code=15784 RO-data=8264 RW-data=84 ZI-data=2172  
FromELF: creating hex file...
".\Obj\test.axf" - 0 Error(s), 7 Warning(s).
Build target 'Target 1'
compiling recognize.c...
..\Source\User\recognize.c(162): warning:  #940-D: missing return statement at end of non-void function "delayms"
..\Source\User\recognize.c(366): warning:  #174-D: expression has no effect
..\Source\User\recognize.c(313): warning:  #177-D: variable "time" was declared but never referenced
..\Source\User\recognize.c(313): warning:  #177-D: variable "b" was declared but never referenced
..\Source\User\recognize.c(313): warning:  #177-D: variable "resultNum" was declared but never referenced
..\Source\User\recognize.c(313): warning:  #177-D: variable "delayCount" was declared but never referenced
..\Source\User\recognize.c(314): warning:  #177-D: variable "resultChar" was declared but never referenced
linking...
Program Size: Code=15784 RO-data=8264 RW-data=84 ZI-data=2172  
FromELF: creating hex file...
".\Obj\test.axf" - 0 Error(s), 7 Warning(s).
Build target 'Target 1'
compiling recognize.c...
..\Source\User\recognize.c(162): warning:  #940-D: missing return statement at end of non-void function "delayms"
..\Source\User\recognize.c(366): warning:  #174-D: expression has no effect
..\Source\User\recognize.c(313): warning:  #177-D: variable "time" was declared but never referenced
..\Source\User\recognize.c(313): warning:  #177-D: variable "b" was declared but never referenced
..\Source\User\recognize.c(313): warning:  #177-D: variable "resultNum" was declared but never referenced
..\Source\User\recognize.c(313): warning:  #177-D: variable "delayCount" was declared but never referenced
..\Source\User\recognize.c(314): warning:  #177-D: variable "resultChar" was declared but never referenced
linking...
Program Size: Code=15788 RO-data=8264 RW-data=84 ZI-data=2172  
FromELF: creating hex file...
".\Obj\test.axf" - 0 Error(s), 7 Warning(s).
