<html>
<body>
<pre>
<h1>礦ision Build Log</h1>
<h2>Project:</h2>
G:\Users\YY\Desktop\毕设\手写识别 - 副本 (2)\handwrite\MDK\LCD_1768_3.2.uvproj
Project File Date:  05/13/2017

<h2>Output:</h2>
Build target 'Target 1'
compiling RecognizeCode.c...
..\Source\User\RecognizeCode.c(185): warning:  #940-D: missing return statement at end of non-void function "getNum"
..\Source\User\RecognizeCode.c(55): warning:  #177-D: variable "xPos" was declared but never referenced
..\Source\User\RecognizeCode.c(276): warning:  #174-D: expression has no effect
..\Source\User\RecognizeCode.c(428): error:  #142: expression must have pointer-to-object type
..\Source\User\RecognizeCode.c(434): error:  #142: expression must have pointer-to-object type
..\Source\User\RecognizeCode.c(434): error:  #142: expression must have pointer-to-object type
..\Source\User\RecognizeCode.c(566): error:  #20: identifier "point" is undefined
..\Source\User\RecognizeCode.c(567): error:  #20: identifier "x" is undefined
..\Source\User\RecognizeCode.c(569): error:  #20: identifier "y" is undefined
..\Source\User\RecognizeCode.c(584): warning:  #940-D: missing return statement at end of non-void function "getUperCase"
..\Source\User\RecognizeCode.c(564): warning:  #177-D: variable "j" was declared but never referenced
..\Source\User\RecognizeCode.c(564): warning:  #177-D: variable "yPos" was declared but never referenced
..\Source\User\RecognizeCode.c(564): warning:  #177-D: variable "xPos" was declared but never referenced
..\Source\User\RecognizeCode.c(564): warning:  #177-D: variable "temp" was declared but never referenced
Target not created
Build target 'Target 1'
compiling recognize.c...
..\Source\User\RecognizeCode.h(6): warning:  #1-D: last line of file ends without a newline
..\Source\User\recognize.c(177): warning:  #940-D: missing return statement at end of non-void function "delayms"
..\Source\User\recognize.c(233): warning:  #223-D: function "getCharacter" declared implicitly
..\Source\User\recognize.c(322): warning:  #177-D: variable "time" was declared but never referenced
..\Source\User\recognize.c(322): warning:  #177-D: variable "b" was declared but never referenced
..\Source\User\recognize.c(322): warning:  #177-D: variable "resultNum" was declared but never referenced
..\Source\User\recognize.c(322): warning:  #177-D: variable "delayCount" was declared but never referenced
..\Source\User\recognize.c(323): warning:  #177-D: variable "resultChar" was declared but never referenced
compiling RecognizeCode.c...
..\Source\User\RecognizeCode.h(6): warning:  #1-D: last line of file ends without a newline
..\Source\User\RecognizeCode.c(185): warning:  #940-D: missing return statement at end of non-void function "getNum"
..\Source\User\RecognizeCode.c(55): warning:  #177-D: variable "xPos" was declared but never referenced
..\Source\User\RecognizeCode.c(276): warning:  #174-D: expression has no effect
..\Source\User\RecognizeCode.c(428): error:  #142: expression must have pointer-to-object type
..\Source\User\RecognizeCode.c(434): error:  #142: expression must have pointer-to-object type
..\Source\User\RecognizeCode.c(434): error:  #142: expression must have pointer-to-object type
..\Source\User\RecognizeCode.c(584): warning:  #940-D: missing return statement at end of non-void function "getUperCase"
..\Source\User\RecognizeCode.c(564): warning:  #177-D: variable "j" was declared but never referenced
..\Source\User\RecognizeCode.c(564): warning:  #177-D: variable "yPos" was declared but never referenced
..\Source\User\RecognizeCode.c(564): warning:  #177-D: variable "xPos" was declared but never referenced
..\Source\User\RecognizeCode.c(564): warning:  #177-D: variable "temp" was declared but never referenced
Target not created
Build target 'Target 1'
compiling RecognizeCode.c...
..\Source\User\RecognizeCode.h(6): warning:  #1-D: last line of file ends without a newline
..\Source\User\RecognizeCode.c(185): warning:  #940-D: missing return statement at end of non-void function "getNum"
..\Source\User\RecognizeCode.c(55): warning:  #177-D: variable "xPos" was declared but never referenced
..\Source\User\RecognizeCode.c(276): warning:  #174-D: expression has no effect
..\Source\User\RecognizeCode.c(428): error:  #142: expression must have pointer-to-object type
..\Source\User\RecognizeCode.c(433): error:  #142: expression must have pointer-to-object type
..\Source\User\RecognizeCode.c(433): error:  #142: expression must have pointer-to-object type
..\Source\User\RecognizeCode.c(583): warning:  #940-D: missing return statement at end of non-void function "getUperCase"
..\Source\User\RecognizeCode.c(563): warning:  #177-D: variable "j" was declared but never referenced
..\Source\User\RecognizeCode.c(563): warning:  #177-D: variable "yPos" was declared but never referenced
..\Source\User\RecognizeCode.c(563): warning:  #177-D: variable "xPos" was declared but never referenced
..\Source\User\RecognizeCode.c(563): warning:  #177-D: variable "temp" was declared but never referenced
Target not created
Build target 'Target 1'
compiling recognize.c...
..\Source\User\recognize.c(177): warning:  #940-D: missing return statement at end of non-void function "delayms"
..\Source\User\recognize.c(233): warning:  #223-D: function "getCharacter" declared implicitly
..\Source\User\recognize.c(322): warning:  #177-D: variable "time" was declared but never referenced
..\Source\User\recognize.c(322): warning:  #177-D: variable "b" was declared but never referenced
..\Source\User\recognize.c(322): warning:  #177-D: variable "resultNum" was declared but never referenced
..\Source\User\recognize.c(322): warning:  #177-D: variable "delayCount" was declared but never referenced
..\Source\User\recognize.c(323): warning:  #177-D: variable "resultChar" was declared but never referenced
compiling RecognizeCode.c...
..\Source\User\RecognizeCode.c(185): warning:  #940-D: missing return statement at end of non-void function "getNum"
..\Source\User\RecognizeCode.c(55): warning:  #177-D: variable "xPos" was declared but never referenced
..\Source\User\RecognizeCode.c(276): warning:  #174-D: expression has no effect
..\Source\User\RecognizeCode.c(428): error:  #142: expression must have pointer-to-object type
..\Source\User\RecognizeCode.c(433): error:  #142: expression must have pointer-to-object type
..\Source\User\RecognizeCode.c(433): error:  #142: expression must have pointer-to-object type
..\Source\User\RecognizeCode.c(583): warning:  #940-D: missing return statement at end of non-void function "getUperCase"
..\Source\User\RecognizeCode.c(563): warning:  #177-D: variable "j" was declared but never referenced
..\Source\User\RecognizeCode.c(563): warning:  #177-D: variable "yPos" was declared but never referenced
..\Source\User\RecognizeCode.c(563): warning:  #177-D: variable "xPos" was declared but never referenced
..\Source\User\RecognizeCode.c(563): warning:  #177-D: variable "temp" was declared but never referenced
Target not created
Build target 'Target 1'
compiling RecognizeCode.c...
..\Source\User\RecognizeCode.c(185): warning:  #940-D: missing return statement at end of non-void function "getNum"
..\Source\User\RecognizeCode.c(55): warning:  #177-D: variable "xPos" was declared but never referenced
..\Source\User\RecognizeCode.c(276): warning:  #174-D: expression has no effect
..\Source\User\RecognizeCode.c(428): error:  #142: expression must have pointer-to-object type
..\Source\User\RecognizeCode.c(433): error:  #142: expression must have pointer-to-object type
..\Source\User\RecognizeCode.c(433): error:  #142: expression must have pointer-to-object type
..\Source\User\RecognizeCode.c(450): error:  #20: identifier "count" is undefined
..\Source\User\RecognizeCode.c(583): warning:  #940-D: missing return statement at end of non-void function "getUperCase"
..\Source\User\RecognizeCode.c(563): warning:  #177-D: variable "j" was declared but never referenced
..\Source\User\RecognizeCode.c(563): warning:  #177-D: variable "yPos" was declared but never referenced
..\Source\User\RecognizeCode.c(563): warning:  #177-D: variable "xPos" was declared but never referenced
..\Source\User\RecognizeCode.c(563): warning:  #177-D: variable "temp" was declared but never referenced
Target not created
Build target 'Target 1'
compiling RecognizeCode.c...
..\Source\User\RecognizeCode.c(185): warning:  #940-D: missing return statement at end of non-void function "getNum"
..\Source\User\RecognizeCode.c(55): warning:  #177-D: variable "xPos" was declared but never referenced
..\Source\User\RecognizeCode.c(276): warning:  #174-D: expression has no effect
..\Source\User\RecognizeCode.c(428): error:  #142: expression must have pointer-to-object type
..\Source\User\RecognizeCode.c(583): warning:  #940-D: missing return statement at end of non-void function "getUperCase"
..\Source\User\RecognizeCode.c(563): warning:  #177-D: variable "j" was declared but never referenced
..\Source\User\RecognizeCode.c(563): warning:  #177-D: variable "yPos" was declared but never referenced
..\Source\User\RecognizeCode.c(563): warning:  #177-D: variable "xPos" was declared but never referenced
..\Source\User\RecognizeCode.c(563): warning:  #177-D: variable "temp" was declared but never referenced
Target not created
Build target 'Target 1'
compiling RecognizeCode.c...
..\Source\User\RecognizeCode.c(185): warning:  #940-D: missing return statement at end of non-void function "getNum"
..\Source\User\RecognizeCode.c(55): warning:  #177-D: variable "xPos" was declared but never referenced
..\Source\User\RecognizeCode.c(276): warning:  #174-D: expression has no effect
..\Source\User\RecognizeCode.c(423): warning:  #177-D: variable "xValue" was declared but never referenced
..\Source\User\RecognizeCode.c(584): warning:  #940-D: missing return statement at end of non-void function "getUperCase"
..\Source\User\RecognizeCode.c(564): warning:  #177-D: variable "j" was declared but never referenced
..\Source\User\RecognizeCode.c(564): warning:  #177-D: variable "yPos" was declared but never referenced
..\Source\User\RecognizeCode.c(564): warning:  #177-D: variable "xPos" was declared but never referenced
..\Source\User\RecognizeCode.c(564): warning:  #177-D: variable "temp" was declared but never referenced
linking...
.\Obj\test.axf: Error: L6218E: Undefined symbol getCharacter (referred from recognize.o).
Target not created
Build target 'Target 1'
compiling recognize.c...
..\Source\User\recognize.c(177): warning:  #940-D: missing return statement at end of non-void function "delayms"
..\Source\User\recognize.c(322): warning:  #177-D: variable "time" was declared but never referenced
..\Source\User\recognize.c(322): warning:  #177-D: variable "b" was declared but never referenced
..\Source\User\recognize.c(322): warning:  #177-D: variable "resultNum" was declared but never referenced
..\Source\User\recognize.c(322): warning:  #177-D: variable "delayCount" was declared but never referenced
..\Source\User\recognize.c(323): warning:  #177-D: variable "resultChar" was declared but never referenced
linking...
Program Size: Code=11712 RO-data=8264 RW-data=172 ZI-data=4412  
FromELF: creating hex file...
".\Obj\test.axf" - 0 Error(s), 6 Warning(s).
Build target 'Target 1'
compiling RecognizeCode.c...
..\Source\User\RecognizeCode.c(185): warning:  #940-D: missing return statement at end of non-void function "getNum"
..\Source\User\RecognizeCode.c(55): warning:  #177-D: variable "xPos" was declared but never referenced
..\Source\User\RecognizeCode.c(276): warning:  #174-D: expression has no effect
..\Source\User\RecognizeCode.c(423): warning:  #177-D: variable "xValue" was declared but never referenced
..\Source\User\RecognizeCode.c(564): warning:  #177-D: variable "j" was declared but never referenced
..\Source\User\RecognizeCode.c(564): warning:  #177-D: variable "yPos" was declared but never referenced
..\Source\User\RecognizeCode.c(564): warning:  #177-D: variable "xPos" was declared but never referenced
..\Source\User\RecognizeCode.c(564): warning:  #177-D: variable "temp" was declared but never referenced
linking...
Program Size: Code=11712 RO-data=8264 RW-data=172 ZI-data=4412  
FromELF: creating hex file...
".\Obj\test.axf" - 0 Error(s), 8 Warning(s).
Build target 'Target 1'
compiling RecognizeCode.c...
..\Source\User\RecognizeCode.c(185): warning:  #940-D: missing return statement at end of non-void function "getNum"
..\Source\User\RecognizeCode.c(55): warning:  #177-D: variable "xPos" was declared but never referenced
..\Source\User\RecognizeCode.c(276): warning:  #174-D: expression has no effect
..\Source\User\RecognizeCode.c(423): warning:  #177-D: variable "xValue" was declared but never referenced
..\Source\User\RecognizeCode.c(564): warning:  #177-D: variable "j" was declared but never referenced
..\Source\User\RecognizeCode.c(564): warning:  #177-D: variable "yPos" was declared but never referenced
..\Source\User\RecognizeCode.c(564): warning:  #177-D: variable "xPos" was declared but never referenced
..\Source\User\RecognizeCode.c(564): warning:  #177-D: variable "temp" was declared but never referenced
linking...
Program Size: Code=11716 RO-data=8264 RW-data=172 ZI-data=4412  
FromELF: creating hex file...
".\Obj\test.axf" - 0 Error(s), 8 Warning(s).
Build target 'Target 1'
compiling RecognizeCode.c...
..\Source\User\RecognizeCode.c(185): warning:  #940-D: missing return statement at end of non-void function "getNum"
..\Source\User\RecognizeCode.c(55): warning:  #177-D: variable "xPos" was declared but never referenced
..\Source\User\RecognizeCode.c(276): warning:  #174-D: expression has no effect
..\Source\User\RecognizeCode.c(423): warning:  #177-D: variable "xValue" was declared but never referenced
..\Source\User\RecognizeCode.c(564): warning:  #177-D: variable "j" was declared but never referenced
..\Source\User\RecognizeCode.c(564): warning:  #177-D: variable "yPos" was declared but never referenced
..\Source\User\RecognizeCode.c(564): warning:  #177-D: variable "xPos" was declared but never referenced
..\Source\User\RecognizeCode.c(564): warning:  #177-D: variable "temp" was declared but never referenced
linking...
Program Size: Code=11716 RO-data=8264 RW-data=172 ZI-data=4412  
FromELF: creating hex file...
".\Obj\test.axf" - 0 Error(s), 8 Warning(s).
Build target 'Target 1'
compiling RecognizeCode.c...
..\Source\User\RecognizeCode.c(185): warning:  #940-D: missing return statement at end of non-void function "getNum"
..\Source\User\RecognizeCode.c(55): warning:  #177-D: variable "xPos" was declared but never referenced
..\Source\User\RecognizeCode.c(276): warning:  #174-D: expression has no effect
..\Source\User\RecognizeCode.c(423): warning:  #177-D: variable "xValue" was declared but never referenced
..\Source\User\RecognizeCode.c(564): warning:  #177-D: variable "j" was declared but never referenced
..\Source\User\RecognizeCode.c(564): warning:  #177-D: variable "yPos" was declared but never referenced
..\Source\User\RecognizeCode.c(564): warning:  #177-D: variable "xPos" was declared but never referenced
..\Source\User\RecognizeCode.c(564): warning:  #177-D: variable "temp" was declared but never referenced
linking...
Program Size: Code=11716 RO-data=8264 RW-data=172 ZI-data=4412  
FromELF: creating hex file...
".\Obj\test.axf" - 0 Error(s), 8 Warning(s).
Rebuild target 'Target 1'
compiling main.c...
compiling Lcd.c...
compiling LCD_touch.C...
compiling i2c.c...
compiling recognize.c...
..\Source\User\recognize.c(177): warning:  #940-D: missing return statement at end of non-void function "delayms"
..\Source\User\recognize.c(322): warning:  #177-D: variable "time" was declared but never referenced
..\Source\User\recognize.c(322): warning:  #177-D: variable "b" was declared but never referenced
..\Source\User\recognize.c(322): warning:  #177-D: variable "resultNum" was declared but never referenced
..\Source\User\recognize.c(322): warning:  #177-D: variable "delayCount" was declared but never referenced
..\Source\User\recognize.c(323): warning:  #177-D: variable "resultChar" was declared but never referenced
compiling RecognizeCode.c...
..\Source\User\RecognizeCode.c(185): warning:  #940-D: missing return statement at end of non-void function "getNum"
..\Source\User\RecognizeCode.c(55): warning:  #177-D: variable "xPos" was declared but never referenced
..\Source\User\RecognizeCode.c(276): warning:  #174-D: expression has no effect
..\Source\User\RecognizeCode.c(423): warning:  #177-D: variable "xValue" was declared but never referenced
..\Source\User\RecognizeCode.c(564): warning:  #177-D: variable "j" was declared but never referenced
..\Source\User\RecognizeCode.c(564): warning:  #177-D: variable "yPos" was declared but never referenced
..\Source\User\RecognizeCode.c(564): warning:  #177-D: variable "xPos" was declared but never referenced
..\Source\User\RecognizeCode.c(564): warning:  #177-D: variable "temp" was declared but never referenced
compiling uart.c...
compiling Retarget.c...
assembling startup_LPC17xx.s...
compiling system_LPC17xx.c...
linking...
Program Size: Code=11712 RO-data=8264 RW-data=172 ZI-data=4412  
FromELF: creating hex file...
".\Obj\test.axf" - 0 Error(s), 14 Warning(s).
"D:\Program Files (x86)\keil4\AStyle\bin\AStyle.exe" -p ..\Source\User\RecognizeCode.c
格式化  ..\Source\User\RecognizeCode.c
Build target 'Target 1'
compiling RecognizeCode.c...
..\Source\User\RecognizeCode.c(185): warning:  #940-D: missing return statement at end of non-void function "getNum"
..\Source\User\RecognizeCode.c(55): warning:  #177-D: variable "xPos" was declared but never referenced
..\Source\User\RecognizeCode.c(276): warning:  #174-D: expression has no effect
..\Source\User\RecognizeCode.c(423): warning:  #177-D: variable "xValue" was declared but never referenced
..\Source\User\RecognizeCode.c(564): warning:  #177-D: variable "yPos" was declared but never referenced
..\Source\User\RecognizeCode.c(564): warning:  #177-D: variable "xPos" was declared but never referenced
..\Source\User\RecognizeCode.c(564): warning:  #177-D: variable "temp" was declared but never referenced
linking...
Program Size: Code=11776 RO-data=8264 RW-data=172 ZI-data=4412  
FromELF: creating hex file...
".\Obj\test.axf" - 0 Error(s), 7 Warning(s).
Build target 'Target 1'
compiling RecognizeCode.c...
..\Source\User\RecognizeCode.c(185): warning:  #940-D: missing return statement at end of non-void function "getNum"
..\Source\User\RecognizeCode.c(55): warning:  #177-D: variable "xPos" was declared but never referenced
..\Source\User\RecognizeCode.c(276): warning:  #174-D: expression has no effect
..\Source\User\RecognizeCode.c(423): warning:  #177-D: variable "xValue" was declared but never referenced
..\Source\User\RecognizeCode.c(564): warning:  #177-D: variable "yPos" was declared but never referenced
..\Source\User\RecognizeCode.c(564): warning:  #177-D: variable "xPos" was declared but never referenced
..\Source\User\RecognizeCode.c(564): warning:  #177-D: variable "temp" was declared but never referenced
linking...
Program Size: Code=11880 RO-data=8264 RW-data=172 ZI-data=4412  
FromELF: creating hex file...
".\Obj\test.axf" - 0 Error(s), 7 Warning(s).
Build target 'Target 1'
compiling RecognizeCode.c...
..\Source\User\RecognizeCode.c(185): warning:  #940-D: missing return statement at end of non-void function "getNum"
..\Source\User\RecognizeCode.c(55): warning:  #177-D: variable "xPos" was declared but never referenced
..\Source\User\RecognizeCode.c(276): warning:  #174-D: expression has no effect
..\Source\User\RecognizeCode.c(423): warning:  #177-D: variable "xValue" was declared but never referenced
..\Source\User\RecognizeCode.c(564): warning:  #177-D: variable "yPos" was declared but never referenced
..\Source\User\RecognizeCode.c(564): warning:  #177-D: variable "xPos" was declared but never referenced
..\Source\User\RecognizeCode.c(564): warning:  #177-D: variable "temp" was declared but never referenced
linking...
Program Size: Code=11884 RO-data=8264 RW-data=172 ZI-data=4412  
FromELF: creating hex file...
".\Obj\test.axf" - 0 Error(s), 7 Warning(s).
Build target 'Target 1'
compiling RecognizeCode.c...
..\Source\User\RecognizeCode.c(23): error:  #115: a continue statement may only be used within a loop
..\Source\User\RecognizeCode.c(191): warning:  #940-D: missing return statement at end of non-void function "getNum"
..\Source\User\RecognizeCode.c(61): warning:  #177-D: variable "xPos" was declared but never referenced
..\Source\User\RecognizeCode.c(282): warning:  #174-D: expression has no effect
..\Source\User\RecognizeCode.c(429): warning:  #177-D: variable "xValue" was declared but never referenced
..\Source\User\RecognizeCode.c(570): warning:  #177-D: variable "yPos" was declared but never referenced
..\Source\User\RecognizeCode.c(570): warning:  #177-D: variable "xPos" was declared but never referenced
..\Source\User\RecognizeCode.c(570): warning:  #177-D: variable "temp" was declared but never referenced
Target not created
Build target 'Target 1'
compiling RecognizeCode.c...
..\Source\User\RecognizeCode.c(191): warning:  #940-D: missing return statement at end of non-void function "getNum"
..\Source\User\RecognizeCode.c(61): warning:  #177-D: variable "xPos" was declared but never referenced
..\Source\User\RecognizeCode.c(282): warning:  #174-D: expression has no effect
..\Source\User\RecognizeCode.c(429): warning:  #177-D: variable "xValue" was declared but never referenced
..\Source\User\RecognizeCode.c(570): warning:  #177-D: variable "yPos" was declared but never referenced
..\Source\User\RecognizeCode.c(570): warning:  #177-D: variable "xPos" was declared but never referenced
..\Source\User\RecognizeCode.c(570): warning:  #177-D: variable "temp" was declared but never referenced
linking...
Program Size: Code=11896 RO-data=8264 RW-data=172 ZI-data=4412  
FromELF: creating hex file...
".\Obj\test.axf" - 0 Error(s), 7 Warning(s).
Build target 'Target 1'
compiling RecognizeCode.c...
..\Source\User\RecognizeCode.c(187): warning:  #940-D: missing return statement at end of non-void function "getNum"
..\Source\User\RecognizeCode.c(57): warning:  #177-D: variable "xPos" was declared but never referenced
..\Source\User\RecognizeCode.c(278): warning:  #174-D: expression has no effect
..\Source\User\RecognizeCode.c(425): warning:  #177-D: variable "xValue" was declared but never referenced
..\Source\User\RecognizeCode.c(566): warning:  #177-D: variable "yPos" was declared but never referenced
..\Source\User\RecognizeCode.c(566): warning:  #177-D: variable "xPos" was declared but never referenced
..\Source\User\RecognizeCode.c(566): warning:  #177-D: variable "temp" was declared but never referenced
linking...
Program Size: Code=11884 RO-data=8264 RW-data=172 ZI-data=4412  
FromELF: creating hex file...
".\Obj\test.axf" - 0 Error(s), 7 Warning(s).
"D:\Program Files (x86)\keil4\AStyle\bin\AStyle.exe" -p ..\Source\User\RecognizeCode.c
格式化  ..\Source\User\RecognizeCode.c
Build target 'Target 1'
compiling RecognizeCode.c...
..\Source\User\RecognizeCode.c(192): warning:  #940-D: missing return statement at end of non-void function "getNum"
..\Source\User\RecognizeCode.c(62): warning:  #177-D: variable "xPos" was declared but never referenced
..\Source\User\RecognizeCode.c(283): warning:  #174-D: expression has no effect
..\Source\User\RecognizeCode.c(430): warning:  #177-D: variable "xValue" was declared but never referenced
..\Source\User\RecognizeCode.c(571): warning:  #177-D: variable "yPos" was declared but never referenced
..\Source\User\RecognizeCode.c(571): warning:  #177-D: variable "xPos" was declared but never referenced
..\Source\User\RecognizeCode.c(571): warning:  #177-D: variable "temp" was declared but never referenced
linking...
Program Size: Code=11904 RO-data=8264 RW-data=172 ZI-data=4412  
FromELF: creating hex file...
".\Obj\test.axf" - 0 Error(s), 7 Warning(s).
Build target 'Target 1'
compiling RecognizeCode.c...
..\Source\User\RecognizeCode.c(193): warning:  #940-D: missing return statement at end of non-void function "getNum"
..\Source\User\RecognizeCode.c(63): warning:  #177-D: variable "xPos" was declared but never referenced
..\Source\User\RecognizeCode.c(284): warning:  #174-D: expression has no effect
..\Source\User\RecognizeCode.c(431): warning:  #177-D: variable "xValue" was declared but never referenced
..\Source\User\RecognizeCode.c(572): warning:  #177-D: variable "yPos" was declared but never referenced
..\Source\User\RecognizeCode.c(572): warning:  #177-D: variable "xPos" was declared but never referenced
..\Source\User\RecognizeCode.c(572): warning:  #177-D: variable "temp" was declared but never referenced
linking...
Program Size: Code=11904 RO-data=8264 RW-data=172 ZI-data=4412  
FromELF: creating hex file...
".\Obj\test.axf" - 0 Error(s), 7 Warning(s).
Build target 'Target 1'
compiling RecognizeCode.c...
..\Source\User\RecognizeCode.c(24): error:  #29: expected an expression
..\Source\User\RecognizeCode.c(24): error:  #137: expression must be a modifiable lvalue
..\Source\User\RecognizeCode.c(42): error:  #18: expected a ")"
..\Source\User\RecognizeCode.c(188): warning:  #940-D: missing return statement at end of non-void function "getNum"
..\Source\User\RecognizeCode.c(58): warning:  #177-D: variable "xPos" was declared but never referenced
..\Source\User\RecognizeCode.c(279): warning:  #174-D: expression has no effect
..\Source\User\RecognizeCode.c(426): warning:  #177-D: variable "xValue" was declared but never referenced
..\Source\User\RecognizeCode.c(567): warning:  #177-D: variable "yPos" was declared but never referenced
..\Source\User\RecognizeCode.c(567): warning:  #177-D: variable "xPos" was declared but never referenced
..\Source\User\RecognizeCode.c(567): warning:  #177-D: variable "temp" was declared but never referenced
Target not created
Build target 'Target 1'
compiling RecognizeCode.c...
..\Source\User\RecognizeCode.c(24): error:  #29: expected an expression
..\Source\User\RecognizeCode.c(24): error:  #137: expression must be a modifiable lvalue
..\Source\User\RecognizeCode.c(188): warning:  #940-D: missing return statement at end of non-void function "getNum"
..\Source\User\RecognizeCode.c(58): warning:  #177-D: variable "xPos" was declared but never referenced
..\Source\User\RecognizeCode.c(279): warning:  #174-D: expression has no effect
..\Source\User\RecognizeCode.c(426): warning:  #177-D: variable "xValue" was declared but never referenced
..\Source\User\RecognizeCode.c(567): warning:  #177-D: variable "yPos" was declared but never referenced
..\Source\User\RecognizeCode.c(567): warning:  #177-D: variable "xPos" was declared but never referenced
..\Source\User\RecognizeCode.c(567): warning:  #177-D: variable "temp" was declared but never referenced
Target not created
Build target 'Target 1'
compiling RecognizeCode.c...
..\Source\User\RecognizeCode.c(23): error:  #29: expected an expression
..\Source\User\RecognizeCode.c(23): error:  #137: expression must be a modifiable lvalue
..\Source\User\RecognizeCode.c(187): warning:  #940-D: missing return statement at end of non-void function "getNum"
..\Source\User\RecognizeCode.c(57): warning:  #177-D: variable "xPos" was declared but never referenced
..\Source\User\RecognizeCode.c(278): warning:  #174-D: expression has no effect
..\Source\User\RecognizeCode.c(425): warning:  #177-D: variable "xValue" was declared but never referenced
..\Source\User\RecognizeCode.c(566): warning:  #177-D: variable "yPos" was declared but never referenced
..\Source\User\RecognizeCode.c(566): warning:  #177-D: variable "xPos" was declared but never referenced
..\Source\User\RecognizeCode.c(566): warning:  #177-D: variable "temp" was declared but never referenced
Target not created
Build target 'Target 1'
compiling RecognizeCode.c...
..\Source\User\RecognizeCode.c(23): error:  #29: expected an expression
..\Source\User\RecognizeCode.c(23): error:  #137: expression must be a modifiable lvalue
..\Source\User\RecognizeCode.c(187): warning:  #940-D: missing return statement at end of non-void function "getNum"
..\Source\User\RecognizeCode.c(57): warning:  #177-D: variable "xPos" was declared but never referenced
..\Source\User\RecognizeCode.c(278): warning:  #174-D: expression has no effect
..\Source\User\RecognizeCode.c(425): warning:  #177-D: variable "xValue" was declared but never referenced
..\Source\User\RecognizeCode.c(566): warning:  #177-D: variable "yPos" was declared but never referenced
..\Source\User\RecognizeCode.c(566): warning:  #177-D: variable "xPos" was declared but never referenced
..\Source\User\RecognizeCode.c(566): warning:  #177-D: variable "temp" was declared but never referenced
Target not created
"D:\Program Files (x86)\keil4\AStyle\bin\AStyle.exe" -p ..\Source\User\RecognizeCode.c
格式化  ..\Source\User\RecognizeCode.c
Build target 'Target 1'
compiling RecognizeCode.c...
..\Source\User\RecognizeCode.c(23): error:  #29: expected an expression
..\Source\User\RecognizeCode.c(23): error:  #137: expression must be a modifiable lvalue
..\Source\User\RecognizeCode.c(187): warning:  #940-D: missing return statement at end of non-void function "getNum"
..\Source\User\RecognizeCode.c(57): warning:  #177-D: variable "xPos" was declared but never referenced
..\Source\User\RecognizeCode.c(278): warning:  #174-D: expression has no effect
..\Source\User\RecognizeCode.c(425): warning:  #177-D: variable "xValue" was declared but never referenced
..\Source\User\RecognizeCode.c(566): warning:  #177-D: variable "yPos" was declared but never referenced
..\Source\User\RecognizeCode.c(566): warning:  #177-D: variable "xPos" was declared but never referenced
..\Source\User\RecognizeCode.c(566): warning:  #177-D: variable "temp" was declared but never referenced
Target not created
Build target 'Target 1'
compiling RecognizeCode.c...
..\Source\User\RecognizeCode.c(187): warning:  #940-D: missing return statement at end of non-void function "getNum"
..\Source\User\RecognizeCode.c(57): warning:  #177-D: variable "xPos" was declared but never referenced
..\Source\User\RecognizeCode.c(278): warning:  #174-D: expression has no effect
..\Source\User\RecognizeCode.c(425): warning:  #177-D: variable "xValue" was declared but never referenced
..\Source\User\RecognizeCode.c(566): warning:  #177-D: variable "yPos" was declared but never referenced
..\Source\User\RecognizeCode.c(566): warning:  #177-D: variable "xPos" was declared but never referenced
..\Source\User\RecognizeCode.c(566): warning:  #177-D: variable "temp" was declared but never referenced
linking...
Program Size: Code=11884 RO-data=8264 RW-data=172 ZI-data=4412  
FromELF: creating hex file...
".\Obj\test.axf" - 0 Error(s), 7 Warning(s).
Build target 'Target 1'
compiling RecognizeCode.c...
..\Source\User\RecognizeCode.c(187): warning:  #940-D: missing return statement at end of non-void function "getNum"
..\Source\User\RecognizeCode.c(57): warning:  #177-D: variable "xPos" was declared but never referenced
..\Source\User\RecognizeCode.c(278): warning:  #174-D: expression has no effect
..\Source\User\RecognizeCode.c(425): warning:  #177-D: variable "xValue" was declared but never referenced
..\Source\User\RecognizeCode.c(566): warning:  #177-D: variable "yPos" was declared but never referenced
..\Source\User\RecognizeCode.c(566): warning:  #177-D: variable "xPos" was declared but never referenced
..\Source\User\RecognizeCode.c(566): warning:  #177-D: variable "temp" was declared but never referenced
linking...
Program Size: Code=11884 RO-data=8264 RW-data=172 ZI-data=4412  
FromELF: creating hex file...
".\Obj\test.axf" - 0 Error(s), 7 Warning(s).
Build target 'Target 1'
compiling RecognizeCode.c...
..\Source\User\RecognizeCode.c(187): warning:  #940-D: missing return statement at end of non-void function "getNum"
..\Source\User\RecognizeCode.c(57): warning:  #177-D: variable "xPos" was declared but never referenced
..\Source\User\RecognizeCode.c(278): warning:  #174-D: expression has no effect
..\Source\User\RecognizeCode.c(425): warning:  #177-D: variable "xValue" was declared but never referenced
..\Source\User\RecognizeCode.c(566): warning:  #177-D: variable "yPos" was declared but never referenced
..\Source\User\RecognizeCode.c(566): warning:  #177-D: variable "xPos" was declared but never referenced
..\Source\User\RecognizeCode.c(566): warning:  #177-D: variable "temp" was declared but never referenced
linking...
Program Size: Code=11884 RO-data=8264 RW-data=172 ZI-data=4412  
FromELF: creating hex file...
".\Obj\test.axf" - 0 Error(s), 7 Warning(s).
Build target 'Target 1'
compiling RecognizeCode.c...
..\Source\User\RecognizeCode.c(188): warning:  #940-D: missing return statement at end of non-void function "getNum"
..\Source\User\RecognizeCode.c(58): warning:  #177-D: variable "xPos" was declared but never referenced
..\Source\User\RecognizeCode.c(279): warning:  #174-D: expression has no effect
..\Source\User\RecognizeCode.c(426): warning:  #177-D: variable "xValue" was declared but never referenced
..\Source\User\RecognizeCode.c(567): warning:  #177-D: variable "yPos" was declared but never referenced
..\Source\User\RecognizeCode.c(567): warning:  #177-D: variable "xPos" was declared but never referenced
..\Source\User\RecognizeCode.c(567): warning:  #177-D: variable "temp" was declared but never referenced
linking...
Program Size: Code=11900 RO-data=8264 RW-data=172 ZI-data=4412  
FromELF: creating hex file...
".\Obj\test.axf" - 0 Error(s), 7 Warning(s).
"D:\Program Files (x86)\keil4\AStyle\bin\AStyle.exe" -p ..\Source\User\RecognizeCode.c
格式化  ..\Source\User\RecognizeCode.c
Build target 'Target 1'
compiling RecognizeCode.c...
..\Source\User\RecognizeCode.c(190): warning:  #940-D: missing return statement at end of non-void function "getNum"
..\Source\User\RecognizeCode.c(60): warning:  #177-D: variable "xPos" was declared but never referenced
..\Source\User\RecognizeCode.c(281): warning:  #174-D: expression has no effect
..\Source\User\RecognizeCode.c(428): warning:  #177-D: variable "xValue" was declared but never referenced
..\Source\User\RecognizeCode.c(569): warning:  #177-D: variable "yPos" was declared but never referenced
..\Source\User\RecognizeCode.c(569): warning:  #177-D: variable "xPos" was declared but never referenced
..\Source\User\RecognizeCode.c(569): warning:  #177-D: variable "temp" was declared but never referenced
linking...
Program Size: Code=11900 RO-data=8264 RW-data=172 ZI-data=4412  
FromELF: creating hex file...
".\Obj\test.axf" - 0 Error(s), 7 Warning(s).
Build target 'Target 1'
compiling RecognizeCode.c...
..\Source\User\RecognizeCode.c(190): warning:  #940-D: missing return statement at end of non-void function "getNum"
..\Source\User\RecognizeCode.c(60): warning:  #177-D: variable "xPos" was declared but never referenced
..\Source\User\RecognizeCode.c(281): warning:  #174-D: expression has no effect
..\Source\User\RecognizeCode.c(428): warning:  #177-D: variable "xValue" was declared but never referenced
..\Source\User\RecognizeCode.c(569): warning:  #177-D: variable "yPos" was declared but never referenced
..\Source\User\RecognizeCode.c(569): warning:  #177-D: variable "xPos" was declared but never referenced
..\Source\User\RecognizeCode.c(569): warning:  #177-D: variable "temp" was declared but never referenced
linking...
Program Size: Code=11916 RO-data=8264 RW-data=172 ZI-data=4412  
FromELF: creating hex file...
".\Obj\test.axf" - 0 Error(s), 7 Warning(s).
Build target 'Target 1'
compiling RecognizeCode.c...
..\Source\User\RecognizeCode.c(190): warning:  #940-D: missing return statement at end of non-void function "getNum"
..\Source\User\RecognizeCode.c(60): warning:  #177-D: variable "xPos" was declared but never referenced
..\Source\User\RecognizeCode.c(281): warning:  #174-D: expression has no effect
..\Source\User\RecognizeCode.c(428): warning:  #177-D: variable "xValue" was declared but never referenced
..\Source\User\RecognizeCode.c(569): warning:  #177-D: variable "yPos" was declared but never referenced
..\Source\User\RecognizeCode.c(569): warning:  #177-D: variable "xPos" was declared but never referenced
..\Source\User\RecognizeCode.c(569): warning:  #177-D: variable "temp" was declared but never referenced
linking...
Program Size: Code=11888 RO-data=8264 RW-data=172 ZI-data=4412  
FromELF: creating hex file...
".\Obj\test.axf" - 0 Error(s), 7 Warning(s).
compiling RecognizeCode.c...
..\Source\User\RecognizeCode.c(188): warning:  #940-D: missing return statement at end of non-void function "getNum"
..\Source\User\RecognizeCode.c(58): warning:  #177-D: variable "xPos" was declared but never referenced
..\Source\User\RecognizeCode.c(279): warning:  #174-D: expression has no effect
..\Source\User\RecognizeCode.c(426): warning:  #177-D: variable "xValue" was declared but never referenced
..\Source\User\RecognizeCode.c(567): warning:  #177-D: variable "yPos" was declared but never referenced
..\Source\User\RecognizeCode.c(567): warning:  #177-D: variable "xPos" was declared but never referenced
..\Source\User\RecognizeCode.c(567): warning:  #177-D: variable "temp" was declared but never referenced
..\Source\User\RecognizeCode.c - 0 Error(s), 7 Warning(s).
Build target 'Target 1'
compiling RecognizeCode.c...
..\Source\User\RecognizeCode.c(188): warning:  #940-D: missing return statement at end of non-void function "getNum"
..\Source\User\RecognizeCode.c(58): warning:  #177-D: variable "xPos" was declared but never referenced
..\Source\User\RecognizeCode.c(279): warning:  #174-D: expression has no effect
..\Source\User\RecognizeCode.c(426): warning:  #177-D: variable "xValue" was declared but never referenced
..\Source\User\RecognizeCode.c(583): warning:  #174-D: expression has no effect
..\Source\User\RecognizeCode.c(567): warning:  #177-D: variable "j" was declared but never referenced
..\Source\User\RecognizeCode.c(567): warning:  #177-D: variable "yPos" was declared but never referenced
..\Source\User\RecognizeCode.c(567): warning:  #177-D: variable "xPos" was declared but never referenced
..\Source\User\RecognizeCode.c(567): warning:  #177-D: variable "temp" was declared but never referenced
linking...
Program Size: Code=11720 RO-data=8264 RW-data=172 ZI-data=4412  
FromELF: creating hex file...
".\Obj\test.axf" - 0 Error(s), 9 Warning(s).
Build target 'Target 1'
compiling RecognizeCode.c...
..\Source\User\RecognizeCode.c(188): warning:  #940-D: missing return statement at end of non-void function "getNum"
..\Source\User\RecognizeCode.c(58): warning:  #177-D: variable "xPos" was declared but never referenced
..\Source\User\RecognizeCode.c(279): warning:  #174-D: expression has no effect
..\Source\User\RecognizeCode.c(426): warning:  #177-D: variable "xValue" was declared but never referenced
..\Source\User\RecognizeCode.c(567): warning:  #177-D: variable "j" was declared but never referenced
..\Source\User\RecognizeCode.c(567): warning:  #177-D: variable "yPos" was declared but never referenced
..\Source\User\RecognizeCode.c(567): warning:  #177-D: variable "xPos" was declared but never referenced
..\Source\User\RecognizeCode.c(567): warning:  #177-D: variable "temp" was declared but never referenced
linking...
Program Size: Code=11720 RO-data=8264 RW-data=172 ZI-data=4412  
FromELF: creating hex file...
".\Obj\test.axf" - 0 Error(s), 8 Warning(s).
Build target 'Target 1'
compiling RecognizeCode.c...
..\Source\User\RecognizeCode.c(188): warning:  #940-D: missing return statement at end of non-void function "getNum"
..\Source\User\RecognizeCode.c(58): warning:  #177-D: variable "xPos" was declared but never referenced
..\Source\User\RecognizeCode.c(279): warning:  #174-D: expression has no effect
..\Source\User\RecognizeCode.c(426): warning:  #177-D: variable "xValue" was declared but never referenced
..\Source\User\RecognizeCode.c(567): warning:  #177-D: variable "j" was declared but never referenced
..\Source\User\RecognizeCode.c(567): warning:  #177-D: variable "yPos" was declared but never referenced
..\Source\User\RecognizeCode.c(567): warning:  #177-D: variable "xPos" was declared but never referenced
..\Source\User\RecognizeCode.c(567): warning:  #177-D: variable "temp" was declared but never referenced
linking...
Program Size: Code=11712 RO-data=8264 RW-data=172 ZI-data=4412  
FromELF: creating hex file...
".\Obj\test.axf" - 0 Error(s), 8 Warning(s).
Build target 'Target 1'
compiling recognize.c...
..\Source\User\recognize.c(177): warning:  #940-D: missing return statement at end of non-void function "delayms"
..\Source\User\recognize.c(328): warning:  #177-D: variable "time" was declared but never referenced
..\Source\User\recognize.c(328): warning:  #177-D: variable "b" was declared but never referenced
..\Source\User\recognize.c(328): warning:  #177-D: variable "resultNum" was declared but never referenced
..\Source\User\recognize.c(328): warning:  #177-D: variable "delayCount" was declared but never referenced
..\Source\User\recognize.c(329): warning:  #177-D: variable "resultChar" was declared but never referenced
linking...
Program Size: Code=11784 RO-data=8264 RW-data=172 ZI-data=4412  
FromELF: creating hex file...
".\Obj\test.axf" - 0 Error(s), 6 Warning(s).
Build target 'Target 1'
compiling recognize.c...
..\Source\User\recognize.c(177): warning:  #940-D: missing return statement at end of non-void function "delayms"
..\Source\User\recognize.c(328): warning:  #177-D: variable "time" was declared but never referenced
..\Source\User\recognize.c(328): warning:  #177-D: variable "b" was declared but never referenced
..\Source\User\recognize.c(328): warning:  #177-D: variable "resultNum" was declared but never referenced
..\Source\User\recognize.c(328): warning:  #177-D: variable "delayCount" was declared but never referenced
..\Source\User\recognize.c(329): warning:  #177-D: variable "resultChar" was declared but never referenced
linking...
Program Size: Code=11784 RO-data=8264 RW-data=172 ZI-data=4412  
FromELF: creating hex file...
".\Obj\test.axf" - 0 Error(s), 6 Warning(s).
Build target 'Target 1'
compiling RecognizeCode.c...
..\Source\User\RecognizeCode.c(188): warning:  #940-D: missing return statement at end of non-void function "getNum"
..\Source\User\RecognizeCode.c(58): warning:  #177-D: variable "xPos" was declared but never referenced
..\Source\User\RecognizeCode.c(279): warning:  #174-D: expression has no effect
..\Source\User\RecognizeCode.c(426): warning:  #177-D: variable "xValue" was declared but never referenced
..\Source\User\RecognizeCode.c(567): warning:  #177-D: variable "yPos" was declared but never referenced
..\Source\User\RecognizeCode.c(567): warning:  #177-D: variable "xPos" was declared but never referenced
..\Source\User\RecognizeCode.c(567): warning:  #177-D: variable "temp" was declared but never referenced
linking...
Program Size: Code=11848 RO-data=8264 RW-data=172 ZI-data=4412  
FromELF: creating hex file...
".\Obj\test.axf" - 0 Error(s), 7 Warning(s).
Build target 'Target 1'
compiling recognize.c...
..\Source\User\recognize.c(177): warning:  #940-D: missing return statement at end of non-void function "delayms"
..\Source\User\recognize.c(328): warning:  #177-D: variable "time" was declared but never referenced
..\Source\User\recognize.c(328): warning:  #177-D: variable "b" was declared but never referenced
..\Source\User\recognize.c(328): warning:  #177-D: variable "resultNum" was declared but never referenced
..\Source\User\recognize.c(328): warning:  #177-D: variable "delayCount" was declared but never referenced
..\Source\User\recognize.c(329): warning:  #177-D: variable "resultChar" was declared but never referenced
linking...
Program Size: Code=11848 RO-data=8264 RW-data=172 ZI-data=4412  
FromELF: creating hex file...
".\Obj\test.axf" - 0 Error(s), 6 Warning(s).
Build target 'Target 1'
compiling recognize.c...
..\Source\User\recognize.c(177): warning:  #940-D: missing return statement at end of non-void function "delayms"
..\Source\User\recognize.c(255): warning:  #550-D: variable "deltaX" was set but never used
..\Source\User\recognize.c(255): warning:  #550-D: variable "deltaY" was set but never used
..\Source\User\recognize.c(327): warning:  #177-D: variable "time" was declared but never referenced
..\Source\User\recognize.c(327): warning:  #177-D: variable "b" was declared but never referenced
..\Source\User\recognize.c(327): warning:  #177-D: variable "resultNum" was declared but never referenced
..\Source\User\recognize.c(327): warning:  #177-D: variable "delayCount" was declared but never referenced
..\Source\User\recognize.c(328): warning:  #177-D: variable "resultChar" was declared but never referenced
linking...
Program Size: Code=11840 RO-data=8264 RW-data=172 ZI-data=4412  
FromELF: creating hex file...
".\Obj\test.axf" - 0 Error(s), 8 Warning(s).
"D:\Program Files (x86)\keil4\AStyle\bin\AStyle.exe" -p ..\Source\User\recognize.c
格式化  ..\Source\User\recognize.c
Build target 'Target 1'
compiling recognize.c...
..\Source\User\recognize.c(177): warning:  #940-D: missing return statement at end of non-void function "delayms"
..\Source\User\recognize.c(255): warning:  #550-D: variable "deltaX" was set but never used
..\Source\User\recognize.c(255): warning:  #550-D: variable "deltaY" was set but never used
..\Source\User\recognize.c(327): warning:  #177-D: variable "time" was declared but never referenced
..\Source\User\recognize.c(327): warning:  #177-D: variable "b" was declared but never referenced
..\Source\User\recognize.c(327): warning:  #177-D: variable "resultNum" was declared but never referenced
..\Source\User\recognize.c(327): warning:  #177-D: variable "delayCount" was declared but never referenced
..\Source\User\recognize.c(328): warning:  #177-D: variable "resultChar" was declared but never referenced
compiling RecognizeCode.c...
..\Source\User\RecognizeCode.c(188): warning:  #940-D: missing return statement at end of non-void function "getNum"
..\Source\User\RecognizeCode.c(58): warning:  #177-D: variable "xPos" was declared but never referenced
..\Source\User\RecognizeCode.c(279): warning:  #174-D: expression has no effect
..\Source\User\RecognizeCode.c(426): warning:  #177-D: variable "xValue" was declared but never referenced
..\Source\User\RecognizeCode.c(567): warning:  #177-D: variable "yPos" was declared but never referenced
..\Source\User\RecognizeCode.c(567): warning:  #177-D: variable "xPos" was declared but never referenced
..\Source\User\RecognizeCode.c(567): warning:  #177-D: variable "temp" was declared but never referenced
linking...
Program Size: Code=11840 RO-data=8264 RW-data=172 ZI-data=4412  
FromELF: creating hex file...
".\Obj\test.axf" - 0 Error(s), 15 Warning(s).
Build target 'Target 1'
compiling RecognizeCode.c...
..\Source\User\RecognizeCode.c(188): warning:  #940-D: missing return statement at end of non-void function "getNum"
..\Source\User\RecognizeCode.c(58): warning:  #177-D: variable "xPos" was declared but never referenced
..\Source\User\RecognizeCode.c(279): warning:  #174-D: expression has no effect
..\Source\User\RecognizeCode.c(426): warning:  #177-D: variable "xValue" was declared but never referenced
..\Source\User\RecognizeCode.c(567): warning:  #177-D: variable "yPos" was declared but never referenced
..\Source\User\RecognizeCode.c(567): warning:  #177-D: variable "xPos" was declared but never referenced
..\Source\User\RecognizeCode.c(567): warning:  #177-D: variable "temp" was declared but never referenced
linking...
Program Size: Code=11948 RO-data=8264 RW-data=172 ZI-data=4412  
FromELF: creating hex file...
".\Obj\test.axf" - 0 Error(s), 7 Warning(s).
Build target 'Target 1'
compiling RecognizeCode.c...
..\Source\User\RecognizeCode.c(190): warning:  #940-D: missing return statement at end of non-void function "getNum"
..\Source\User\RecognizeCode.c(60): warning:  #177-D: variable "xPos" was declared but never referenced
..\Source\User\RecognizeCode.c(281): warning:  #174-D: expression has no effect
..\Source\User\RecognizeCode.c(428): warning:  #177-D: variable "xValue" was declared but never referenced
..\Source\User\RecognizeCode.c(569): error:  #65: expected a ";"
..\Source\User\RecognizeCode.c(569): error:  #65: expected a ";"
..\Source\User\RecognizeCode.c(570): error:  #20: identifier "x" is undefined
..\Source\User\RecognizeCode.c(571): error:  #20: identifier "y" is undefined
..\Source\User\RecognizeCode.c(598): warning:  #177-D: variable "yPos" was declared but never referenced
..\Source\User\RecognizeCode.c(598): warning:  #177-D: variable "xPos" was declared but never referenced
..\Source\User\RecognizeCode.c(598): warning:  #177-D: variable "temp" was declared but never referenced
Target not created
Build target 'Target 1'
compiling RecognizeCode.c...
..\Source\User\RecognizeCode.c(190): warning:  #940-D: missing return statement at end of non-void function "getNum"
..\Source\User\RecognizeCode.c(60): warning:  #177-D: variable "xPos" was declared but never referenced
..\Source\User\RecognizeCode.c(281): warning:  #174-D: expression has no effect
..\Source\User\RecognizeCode.c(428): warning:  #177-D: variable "xValue" was declared but never referenced
..\Source\User\RecognizeCode.c(566): error:  #20: identifier "y" is undefined
..\Source\User\RecognizeCode.c(566): error:  #141-D: unnamed prototyped parameters not allowed when body is present
..\Source\User\RecognizeCode.c(569): error:  #65: expected a ";"
..\Source\User\RecognizeCode.c(569): error:  #65: expected a ";"
..\Source\User\RecognizeCode.c(571): error:  #20: identifier "y" is undefined
..\Source\User\RecognizeCode.c(598): warning:  #177-D: variable "yPos" was declared but never referenced
..\Source\User\RecognizeCode.c(598): warning:  #177-D: variable "xPos" was declared but never referenced
..\Source\User\RecognizeCode.c(598): warning:  #177-D: variable "temp" was declared but never referenced
Target not created
Build target 'Target 1'
compiling RecognizeCode.c...
..\Source\User\RecognizeCode.c(190): warning:  #940-D: missing return statement at end of non-void function "getNum"
..\Source\User\RecognizeCode.c(60): warning:  #177-D: variable "xPos" was declared but never referenced
..\Source\User\RecognizeCode.c(281): warning:  #174-D: expression has no effect
..\Source\User\RecognizeCode.c(428): warning:  #177-D: variable "xValue" was declared but never referenced
..\Source\User\RecognizeCode.c(569): error:  #65: expected a ";"
..\Source\User\RecognizeCode.c(569): error:  #65: expected a ";"
..\Source\User\RecognizeCode.c(598): warning:  #177-D: variable "yPos" was declared but never referenced
..\Source\User\RecognizeCode.c(598): warning:  #177-D: variable "xPos" was declared but never referenced
..\Source\User\RecognizeCode.c(598): warning:  #177-D: variable "temp" was declared but never referenced
Target not created
Build target 'Target 1'
compiling RecognizeCode.c...
..\Source\User\RecognizeCode.c(190): warning:  #940-D: missing return statement at end of non-void function "getNum"
..\Source\User\RecognizeCode.c(60): warning:  #177-D: variable "xPos" was declared but never referenced
..\Source\User\RecognizeCode.c(281): warning:  #174-D: expression has no effect
..\Source\User\RecognizeCode.c(428): warning:  #177-D: variable "xValue" was declared but never referenced
..\Source\User\RecognizeCode.c(598): warning:  #177-D: variable "yPos" was declared but never referenced
..\Source\User\RecognizeCode.c(598): warning:  #177-D: variable "xPos" was declared but never referenced
..\Source\User\RecognizeCode.c(598): warning:  #177-D: variable "temp" was declared but never referenced
linking...
Program Size: Code=11948 RO-data=8264 RW-data=172 ZI-data=4412  
FromELF: creating hex file...
".\Obj\test.axf" - 0 Error(s), 7 Warning(s).
Build target 'Target 1'
compiling RecognizeCode.c...
..\Source\User\RecognizeCode.c(217): warning:  #940-D: missing return statement at end of non-void function "getNum"
..\Source\User\RecognizeCode.c(87): warning:  #177-D: variable "xPos" was declared but never referenced
..\Source\User\RecognizeCode.c(308): warning:  #174-D: expression has no effect
..\Source\User\RecognizeCode.c(455): warning:  #177-D: variable "xValue" was declared but never referenced
..\Source\User\RecognizeCode.c(598): warning:  #177-D: variable "yPos" was declared but never referenced
..\Source\User\RecognizeCode.c(598): warning:  #177-D: variable "xPos" was declared but never referenced
..\Source\User\RecognizeCode.c(598): warning:  #177-D: variable "temp" was declared but never referenced
linking...
Program Size: Code=12176 RO-data=8264 RW-data=172 ZI-data=6012  
FromELF: creating hex file...
".\Obj\test.axf" - 0 Error(s), 7 Warning(s).
"D:\Program Files (x86)\keil4\AStyle\bin\AStyle.exe" -p ..\Source\User\RecognizeCode.c
格式化  ..\Source\User\RecognizeCode.c
Build target 'Target 1'
compiling RecognizeCode.c...
..\Source\User\RecognizeCode.c(216): warning:  #940-D: missing return statement at end of non-void function "getNum"
..\Source\User\RecognizeCode.c(86): warning:  #177-D: variable "xPos" was declared but never referenced
..\Source\User\RecognizeCode.c(307): warning:  #174-D: expression has no effect
..\Source\User\RecognizeCode.c(454): warning:  #177-D: variable "xValue" was declared but never referenced
..\Source\User\RecognizeCode.c(597): warning:  #177-D: variable "yPos" was declared but never referenced
..\Source\User\RecognizeCode.c(597): warning:  #177-D: variable "xPos" was declared but never referenced
..\Source\User\RecognizeCode.c(597): warning:  #177-D: variable "temp" was declared but never referenced
linking...
Program Size: Code=12176 RO-data=8264 RW-data=172 ZI-data=6012  
FromELF: creating hex file...
".\Obj\test.axf" - 0 Error(s), 7 Warning(s).
Build target 'Target 1'
compiling RecognizeCode.c...
..\Source\User\RecognizeCode.c(216): warning:  #940-D: missing return statement at end of non-void function "getNum"
..\Source\User\RecognizeCode.c(86): warning:  #177-D: variable "xPos" was declared but never referenced
..\Source\User\RecognizeCode.c(307): warning:  #174-D: expression has no effect
..\Source\User\RecognizeCode.c(454): warning:  #177-D: variable "xValue" was declared but never referenced
..\Source\User\RecognizeCode.c(597): warning:  #177-D: variable "yPos" was declared but never referenced
..\Source\User\RecognizeCode.c(597): warning:  #177-D: variable "xPos" was declared but never referenced
..\Source\User\RecognizeCode.c(597): warning:  #177-D: variable "temp" was declared but never referenced
linking...
Program Size: Code=11952 RO-data=8264 RW-data=172 ZI-data=6012  
FromELF: creating hex file...
".\Obj\test.axf" - 0 Error(s), 7 Warning(s).
Build target 'Target 1'
compiling RecognizeCode.c...
..\Source\User\RecognizeCode.c(216): warning:  #940-D: missing return statement at end of non-void function "getNum"
..\Source\User\RecognizeCode.c(86): warning:  #177-D: variable "xPos" was declared but never referenced
..\Source\User\RecognizeCode.c(307): warning:  #174-D: expression has no effect
..\Source\User\RecognizeCode.c(454): warning:  #177-D: variable "xValue" was declared but never referenced
..\Source\User\RecognizeCode.c(597): warning:  #177-D: variable "yPos" was declared but never referenced
..\Source\User\RecognizeCode.c(597): warning:  #177-D: variable "xPos" was declared but never referenced
..\Source\User\RecognizeCode.c(597): warning:  #177-D: variable "temp" was declared but never referenced
linking...
Program Size: Code=11948 RO-data=8264 RW-data=172 ZI-data=4412  
FromELF: creating hex file...
".\Obj\test.axf" - 0 Error(s), 7 Warning(s).
Build target 'Target 1'
compiling recognize.c...
..\Source\User\recognize.c(177): warning:  #940-D: missing return statement at end of non-void function "delayms"
..\Source\User\recognize.c(255): warning:  #550-D: variable "deltaX" was set but never used
..\Source\User\recognize.c(255): warning:  #550-D: variable "deltaY" was set but never used
..\Source\User\recognize.c(327): warning:  #177-D: variable "time" was declared but never referenced
..\Source\User\recognize.c(327): warning:  #177-D: variable "b" was declared but never referenced
..\Source\User\recognize.c(327): warning:  #177-D: variable "resultNum" was declared but never referenced
..\Source\User\recognize.c(327): warning:  #177-D: variable "delayCount" was declared but never referenced
..\Source\User\recognize.c(328): warning:  #177-D: variable "resultChar" was declared but never referenced
linking...
Program Size: Code=11948 RO-data=8264 RW-data=172 ZI-data=4412  
FromELF: creating hex file...
".\Obj\test.axf" - 0 Error(s), 8 Warning(s).
Build target 'Target 1'
compiling recognize.c...
..\Source\User\recognize.c(177): warning:  #940-D: missing return statement at end of non-void function "delayms"
..\Source\User\recognize.c(324): warning:  #177-D: variable "time" was declared but never referenced
..\Source\User\recognize.c(324): warning:  #177-D: variable "b" was declared but never referenced
..\Source\User\recognize.c(324): warning:  #177-D: variable "resultNum" was declared but never referenced
..\Source\User\recognize.c(324): warning:  #177-D: variable "delayCount" was declared but never referenced
..\Source\User\recognize.c(325): warning:  #177-D: variable "resultChar" was declared but never referenced
linking...
Program Size: Code=11884 RO-data=8264 RW-data=172 ZI-data=4412  
FromELF: creating hex file...
".\Obj\test.axf" - 0 Error(s), 6 Warning(s).
Build target 'Target 1'
compiling recognize.c...
..\Source\User\recognize.c(162): warning:  #940-D: missing return statement at end of non-void function "delayms"
..\Source\User\recognize.c(306): warning:  #177-D: variable "time" was declared but never referenced
..\Source\User\recognize.c(306): warning:  #177-D: variable "b" was declared but never referenced
..\Source\User\recognize.c(306): warning:  #177-D: variable "resultNum" was declared but never referenced
..\Source\User\recognize.c(306): warning:  #177-D: variable "delayCount" was declared but never referenced
..\Source\User\recognize.c(307): warning:  #177-D: variable "resultChar" was declared but never referenced
linking...
Program Size: Code=11884 RO-data=8264 RW-data=76 ZI-data=2172  
FromELF: creating hex file...
".\Obj\test.axf" - 0 Error(s), 6 Warning(s).
Build target 'Target 1'
compiling recognize.c...
..\Source\User\recognize.c(161): warning:  #940-D: missing return statement at end of non-void function "delayms"
..\Source\User\recognize.c(305): warning:  #177-D: variable "time" was declared but never referenced
..\Source\User\recognize.c(305): warning:  #177-D: variable "b" was declared but never referenced
..\Source\User\recognize.c(305): warning:  #177-D: variable "resultNum" was declared but never referenced
..\Source\User\recognize.c(305): warning:  #177-D: variable "delayCount" was declared but never referenced
..\Source\User\recognize.c(306): warning:  #177-D: variable "resultChar" was declared but never referenced
compiling RecognizeCode.c...
..\Source\User\RecognizeCode.c(216): warning:  #940-D: missing return statement at end of non-void function "getNum"
..\Source\User\RecognizeCode.c(86): warning:  #177-D: variable "xPos" was declared but never referenced
..\Source\User\RecognizeCode.c(307): warning:  #174-D: expression has no effect
..\Source\User\RecognizeCode.c(454): warning:  #177-D: variable "xValue" was declared but never referenced
..\Source\User\RecognizeCode.c(597): warning:  #177-D: variable "yPos" was declared but never referenced
..\Source\User\RecognizeCode.c(597): warning:  #177-D: variable "xPos" was declared but never referenced
..\Source\User\RecognizeCode.c(597): warning:  #177-D: variable "temp" was declared but never referenced
linking...
Program Size: Code=11884 RO-data=8264 RW-data=76 ZI-data=2172  
FromELF: creating hex file...
".\Obj\test.axf" - 0 Error(s), 13 Warning(s).
Build target 'Target 1'
compiling RecognizeCode.c...
..\Source\User\RecognizeCode.c(216): warning:  #940-D: missing return statement at end of non-void function "getNum"
..\Source\User\RecognizeCode.c(86): warning:  #177-D: variable "xPos" was declared but never referenced
..\Source\User\RecognizeCode.c(307): warning:  #174-D: expression has no effect
..\Source\User\RecognizeCode.c(454): warning:  #177-D: variable "xValue" was declared but never referenced
..\Source\User\RecognizeCode.c(597): warning:  #177-D: variable "yPos" was declared but never referenced
..\Source\User\RecognizeCode.c(597): warning:  #177-D: variable "xPos" was declared but never referenced
..\Source\User\RecognizeCode.c(597): warning:  #177-D: variable "temp" was declared but never referenced
linking...
Program Size: Code=11884 RO-data=8264 RW-data=76 ZI-data=2172  
FromELF: creating hex file...
".\Obj\test.axf" - 0 Error(s), 7 Warning(s).
Build target 'Target 1'
compiling RecognizeCode.c...
..\Source\User\RecognizeCode.c(216): warning:  #940-D: missing return statement at end of non-void function "getNum"
..\Source\User\RecognizeCode.c(86): warning:  #177-D: variable "xPos" was declared but never referenced
..\Source\User\RecognizeCode.c(307): warning:  #174-D: expression has no effect
..\Source\User\RecognizeCode.c(454): warning:  #177-D: variable "xValue" was declared but never referenced
..\Source\User\RecognizeCode.c(597): warning:  #177-D: variable "yPos" was declared but never referenced
..\Source\User\RecognizeCode.c(597): warning:  #177-D: variable "xPos" was declared but never referenced
..\Source\User\RecognizeCode.c(597): warning:  #177-D: variable "temp" was declared but never referenced
linking...
Program Size: Code=11884 RO-data=8264 RW-data=76 ZI-data=2172  
FromELF: creating hex file...
".\Obj\test.axf" - 0 Error(s), 7 Warning(s).
Build target 'Target 1'
compiling RecognizeCode.c...
..\Source\User\RecognizeCode.c(214): warning:  #940-D: missing return statement at end of non-void function "getNum"
..\Source\User\RecognizeCode.c(84): warning:  #177-D: variable "xPos" was declared but never referenced
..\Source\User\RecognizeCode.c(305): warning:  #174-D: expression has no effect
..\Source\User\RecognizeCode.c(452): warning:  #177-D: variable "xValue" was declared but never referenced
..\Source\User\RecognizeCode.c(595): warning:  #177-D: variable "yPos" was declared but never referenced
..\Source\User\RecognizeCode.c(595): warning:  #177-D: variable "xPos" was declared but never referenced
..\Source\User\RecognizeCode.c(595): warning:  #177-D: variable "temp" was declared but never referenced
linking...
Program Size: Code=11884 RO-data=8264 RW-data=76 ZI-data=2172  
FromELF: creating hex file...
".\Obj\test.axf" - 0 Error(s), 7 Warning(s).
Build target 'Target 1'
compiling RecognizeCode.c...
..\Source\User\RecognizeCode.c(214): warning:  #940-D: missing return statement at end of non-void function "getNum"
..\Source\User\RecognizeCode.c(84): warning:  #177-D: variable "xPos" was declared but never referenced
..\Source\User\RecognizeCode.c(305): warning:  #174-D: expression has no effect
..\Source\User\RecognizeCode.c(452): warning:  #177-D: variable "xValue" was declared but never referenced
..\Source\User\RecognizeCode.c(595): warning:  #177-D: variable "yPos" was declared but never referenced
..\Source\User\RecognizeCode.c(595): warning:  #177-D: variable "xPos" was declared but never referenced
..\Source\User\RecognizeCode.c(595): warning:  #177-D: variable "temp" was declared but never referenced
linking...
Program Size: Code=11884 RO-data=8264 RW-data=76 ZI-data=2172  
FromELF: creating hex file...
".\Obj\test.axf" - 0 Error(s), 7 Warning(s).
Build target 'Target 1'
compiling RecognizeCode.c...
..\Source\User\RecognizeCode.c(214): warning:  #940-D: missing return statement at end of non-void function "getNum"
..\Source\User\RecognizeCode.c(84): warning:  #177-D: variable "xPos" was declared but never referenced
..\Source\User\RecognizeCode.c(305): warning:  #174-D: expression has no effect
..\Source\User\RecognizeCode.c(452): warning:  #177-D: variable "xValue" was declared but never referenced
..\Source\User\RecognizeCode.c(595): warning:  #177-D: variable "yPos" was declared but never referenced
..\Source\User\RecognizeCode.c(595): warning:  #177-D: variable "xPos" was declared but never referenced
..\Source\User\RecognizeCode.c(595): warning:  #177-D: variable "temp" was declared but never referenced
linking...
Program Size: Code=11880 RO-data=8264 RW-data=76 ZI-data=2172  
FromELF: creating hex file...
".\Obj\test.axf" - 0 Error(s), 7 Warning(s).
Build target 'Target 1'
compiling RecognizeCode.c...
..\Source\User\RecognizeCode.c(214): warning:  #940-D: missing return statement at end of non-void function "getNum"
..\Source\User\RecognizeCode.c(84): warning:  #177-D: variable "xPos" was declared but never referenced
..\Source\User\RecognizeCode.c(305): warning:  #174-D: expression has no effect
..\Source\User\RecognizeCode.c(452): warning:  #177-D: variable "xValue" was declared but never referenced
..\Source\User\RecognizeCode.c(595): warning:  #177-D: variable "yPos" was declared but never referenced
..\Source\User\RecognizeCode.c(595): warning:  #177-D: variable "xPos" was declared but never referenced
..\Source\User\RecognizeCode.c(595): warning:  #177-D: variable "temp" was declared but never referenced
linking...
Program Size: Code=11908 RO-data=8264 RW-data=76 ZI-data=2172  
FromELF: creating hex file...
".\Obj\test.axf" - 0 Error(s), 7 Warning(s).
Build target 'Target 1'
compiling RecognizeCode.c...
..\Source\User\RecognizeCode.c(214): warning:  #940-D: missing return statement at end of non-void function "getNum"
..\Source\User\RecognizeCode.c(84): warning:  #177-D: variable "xPos" was declared but never referenced
..\Source\User\RecognizeCode.c(305): warning:  #174-D: expression has no effect
..\Source\User\RecognizeCode.c(452): warning:  #177-D: variable "xValue" was declared but never referenced
..\Source\User\RecognizeCode.c(595): warning:  #177-D: variable "yPos" was declared but never referenced
..\Source\User\RecognizeCode.c(595): warning:  #177-D: variable "xPos" was declared but never referenced
..\Source\User\RecognizeCode.c(595): warning:  #177-D: variable "temp" was declared but never referenced
linking...
Program Size: Code=11880 RO-data=8264 RW-data=76 ZI-data=2172  
FromELF: creating hex file...
".\Obj\test.axf" - 0 Error(s), 7 Warning(s).
"D:\Program Files (x86)\keil4\AStyle\bin\AStyle.exe" -p ..\Source\User\RecognizeCode.c
格式化  ..\Source\User\RecognizeCode.c
Build target 'Target 1'
compiling RecognizeCode.c...
..\Source\User\RecognizeCode.c(215): warning:  #940-D: missing return statement at end of non-void function "getNum"
..\Source\User\RecognizeCode.c(85): warning:  #177-D: variable "xPos" was declared but never referenced
..\Source\User\RecognizeCode.c(306): warning:  #174-D: expression has no effect
..\Source\User\RecognizeCode.c(453): warning:  #177-D: variable "xValue" was declared but never referenced
..\Source\User\RecognizeCode.c(596): warning:  #177-D: variable "yPos" was declared but never referenced
..\Source\User\RecognizeCode.c(596): warning:  #177-D: variable "xPos" was declared but never referenced
..\Source\User\RecognizeCode.c(596): warning:  #177-D: variable "temp" was declared but never referenced
linking...
Program Size: Code=11880 RO-data=8264 RW-data=76 ZI-data=2172  
FromELF: creating hex file...
".\Obj\test.axf" - 0 Error(s), 7 Warning(s).
Build target 'Target 1'
compiling RecognizeCode.c...
..\Source\User\RecognizeCode.c(216): warning:  #940-D: missing return statement at end of non-void function "getNum"
..\Source\User\RecognizeCode.c(86): warning:  #177-D: variable "xPos" was declared but never referenced
..\Source\User\RecognizeCode.c(304): warning:  #174-D: expression has no effect
..\Source\User\RecognizeCode.c(451): warning:  #177-D: variable "xValue" was declared but never referenced
..\Source\User\RecognizeCode.c(594): warning:  #177-D: variable "yPos" was declared but never referenced
..\Source\User\RecognizeCode.c(594): warning:  #177-D: variable "xPos" was declared but never referenced
..\Source\User\RecognizeCode.c(594): warning:  #177-D: variable "temp" was declared but never referenced
linking...
Program Size: Code=11896 RO-data=8264 RW-data=76 ZI-data=2172  
FromELF: creating hex file...
".\Obj\test.axf" - 0 Error(s), 7 Warning(s).
Rebuild target 'Target 1'
compiling main.c...
compiling Lcd.c...
compiling LCD_touch.C...
compiling i2c.c...
compiling recognize.c...
..\Source\User\recognize.c(161): warning:  #940-D: missing return statement at end of non-void function "delayms"
..\Source\User\recognize.c(305): warning:  #177-D: variable "time" was declared but never referenced
..\Source\User\recognize.c(305): warning:  #177-D: variable "b" was declared but never referenced
..\Source\User\recognize.c(305): warning:  #177-D: variable "resultNum" was declared but never referenced
..\Source\User\recognize.c(305): warning:  #177-D: variable "delayCount" was declared but never referenced
..\Source\User\recognize.c(306): warning:  #177-D: variable "resultChar" was declared but never referenced
compiling RecognizeCode.c...
..\Source\User\RecognizeCode.c(216): warning:  #940-D: missing return statement at end of non-void function "getNum"
..\Source\User\RecognizeCode.c(86): warning:  #177-D: variable "xPos" was declared but never referenced
..\Source\User\RecognizeCode.c(304): warning:  #174-D: expression has no effect
..\Source\User\RecognizeCode.c(451): warning:  #177-D: variable "xValue" was declared but never referenced
..\Source\User\RecognizeCode.c(594): warning:  #177-D: variable "yPos" was declared but never referenced
..\Source\User\RecognizeCode.c(594): warning:  #177-D: variable "xPos" was declared but never referenced
..\Source\User\RecognizeCode.c(594): warning:  #177-D: variable "temp" was declared but never referenced
compiling uart.c...
compiling Retarget.c...
assembling startup_LPC17xx.s...
compiling system_LPC17xx.c...
linking...
Program Size: Code=11900 RO-data=8264 RW-data=76 ZI-data=2172  
FromELF: creating hex file...
".\Obj\test.axf" - 0 Error(s), 13 Warning(s).
Build target 'Target 1'
compiling RecognizeCode.c...
..\Source\User\RecognizeCode.c(216): warning:  #940-D: missing return statement at end of non-void function "getNum"
..\Source\User\RecognizeCode.c(86): warning:  #177-D: variable "xPos" was declared but never referenced
..\Source\User\RecognizeCode.c(304): warning:  #174-D: expression has no effect
..\Source\User\RecognizeCode.c(451): warning:  #177-D: variable "xValue" was declared but never referenced
..\Source\User\RecognizeCode.c(594): warning:  #177-D: variable "yPos" was declared but never referenced
..\Source\User\RecognizeCode.c(594): warning:  #177-D: variable "xPos" was declared but never referenced
..\Source\User\RecognizeCode.c(594): warning:  #177-D: variable "temp" was declared but never referenced
linking...
Program Size: Code=11916 RO-data=8264 RW-data=76 ZI-data=2172  
FromELF: creating hex file...
".\Obj\test.axf" - 0 Error(s), 7 Warning(s).
Build target 'Target 1'
compiling RecognizeCode.c...
..\Source\User\RecognizeCode.c(219): warning:  #940-D: missing return statement at end of non-void function "getNum"
..\Source\User\RecognizeCode.c(89): warning:  #177-D: variable "xPos" was declared but never referenced
..\Source\User\RecognizeCode.c(307): warning:  #174-D: expression has no effect
..\Source\User\RecognizeCode.c(454): warning:  #177-D: variable "xValue" was declared but never referenced
..\Source\User\RecognizeCode.c(597): warning:  #177-D: variable "yPos" was declared but never referenced
..\Source\User\RecognizeCode.c(597): warning:  #177-D: variable "xPos" was declared but never referenced
..\Source\User\RecognizeCode.c(597): warning:  #177-D: variable "temp" was declared but never referenced
linking...
Program Size: Code=11944 RO-data=8264 RW-data=76 ZI-data=2172  
FromELF: creating hex file...
".\Obj\test.axf" - 0 Error(s), 7 Warning(s).
Build target 'Target 1'
compiling RecognizeCode.c...
..\Source\User\RecognizeCode.c(219): warning:  #940-D: missing return statement at end of non-void function "getNum"
..\Source\User\RecognizeCode.c(89): warning:  #177-D: variable "xPos" was declared but never referenced
..\Source\User\RecognizeCode.c(307): warning:  #174-D: expression has no effect
..\Source\User\RecognizeCode.c(454): warning:  #177-D: variable "xValue" was declared but never referenced
..\Source\User\RecognizeCode.c(597): warning:  #177-D: variable "yPos" was declared but never referenced
..\Source\User\RecognizeCode.c(597): warning:  #177-D: variable "xPos" was declared but never referenced
..\Source\User\RecognizeCode.c(597): warning:  #177-D: variable "temp" was declared but never referenced
linking...
Program Size: Code=11944 RO-data=8264 RW-data=76 ZI-data=2172  
FromELF: creating hex file...
".\Obj\test.axf" - 0 Error(s), 7 Warning(s).
Build target 'Target 1'
compiling RecognizeCode.c...
..\Source\User\RecognizeCode.c(219): warning:  #940-D: missing return statement at end of non-void function "getNum"
..\Source\User\RecognizeCode.c(89): warning:  #177-D: variable "xPos" was declared but never referenced
..\Source\User\RecognizeCode.c(307): warning:  #174-D: expression has no effect
..\Source\User\RecognizeCode.c(454): warning:  #177-D: variable "xValue" was declared but never referenced
..\Source\User\RecognizeCode.c(597): warning:  #177-D: variable "yPos" was declared but never referenced
..\Source\User\RecognizeCode.c(597): warning:  #177-D: variable "xPos" was declared but never referenced
..\Source\User\RecognizeCode.c(597): warning:  #177-D: variable "temp" was declared but never referenced
linking...
Program Size: Code=11944 RO-data=8264 RW-data=76 ZI-data=2172  
FromELF: creating hex file...
".\Obj\test.axf" - 0 Error(s), 7 Warning(s).
Build target 'Target 1'
compiling RecognizeCode.c...
..\Source\User\RecognizeCode.c(219): warning:  #940-D: missing return statement at end of non-void function "getNum"
..\Source\User\RecognizeCode.c(89): warning:  #177-D: variable "xPos" was declared but never referenced
..\Source\User\RecognizeCode.c(307): warning:  #174-D: expression has no effect
..\Source\User\RecognizeCode.c(454): warning:  #177-D: variable "xValue" was declared but never referenced
..\Source\User\RecognizeCode.c(597): warning:  #177-D: variable "yPos" was declared but never referenced
..\Source\User\RecognizeCode.c(597): warning:  #177-D: variable "xPos" was declared but never referenced
..\Source\User\RecognizeCode.c(597): warning:  #177-D: variable "temp" was declared but never referenced
linking...
Program Size: Code=11944 RO-data=8264 RW-data=76 ZI-data=2172  
FromELF: creating hex file...
".\Obj\test.axf" - 0 Error(s), 7 Warning(s).
Build target 'Target 1'
compiling RecognizeCode.c...
..\Source\User\RecognizeCode.c(73): error:  #165: too few arguments in function call
..\Source\User\RecognizeCode.c(161): error:  #165: too few arguments in function call
..\Source\User\RecognizeCode.c(178): error:  #165: too few arguments in function call
..\Source\User\RecognizeCode.c(220): warning:  #940-D: missing return statement at end of non-void function "getNum"
..\Source\User\RecognizeCode.c(90): warning:  #177-D: variable "xPos" was declared but never referenced
..\Source\User\RecognizeCode.c(259): error:  #165: too few arguments in function call
..\Source\User\RecognizeCode.c(283): error:  #165: too few arguments in function call
..\Source\User\RecognizeCode.c(308): warning:  #174-D: expression has no effect
..\Source\User\RecognizeCode.c(369): error:  #165: too few arguments in function call
..\Source\User\RecognizeCode.c(403): error:  #165: too few arguments in function call
..\Source\User\RecognizeCode.c(431): error:  #165: too few arguments in function call
..\Source\User\RecognizeCode.c(469): error:  #165: too few arguments in function call
..\Source\User\RecognizeCode.c(455): warning:  #177-D: variable "xValue" was declared but never referenced
..\Source\User\RecognizeCode.c(513): error:  #165: too few arguments in function call
..\Source\User\RecognizeCode.c(555): error:  #165: too few arguments in function call
..\Source\User\RecognizeCode.c(598): warning:  #177-D: variable "yPos" was declared but never referenced
..\Source\User\RecognizeCode.c(598): warning:  #177-D: variable "xPos" was declared but never referenced
..\Source\User\RecognizeCode.c(598): warning:  #177-D: variable "temp" was declared but never referenced
Target not created
Build target 'Target 1'
compiling RecognizeCode.c...
..\Source\User\RecognizeCode.c(73): error:  #165: too few arguments in function call
..\Source\User\RecognizeCode.c(161): error:  #165: too few arguments in function call
..\Source\User\RecognizeCode.c(178): error:  #165: too few arguments in function call
..\Source\User\RecognizeCode.c(220): warning:  #940-D: missing return statement at end of non-void function "getNum"
..\Source\User\RecognizeCode.c(90): warning:  #177-D: variable "xPos" was declared but never referenced
..\Source\User\RecognizeCode.c(259): error:  #165: too few arguments in function call
..\Source\User\RecognizeCode.c(283): error:  #165: too few arguments in function call
..\Source\User\RecognizeCode.c(308): warning:  #174-D: expression has no effect
..\Source\User\RecognizeCode.c(369): error:  #165: too few arguments in function call
..\Source\User\RecognizeCode.c(403): error:  #165: too few arguments in function call
..\Source\User\RecognizeCode.c(455): warning:  #177-D: variable "xValue" was declared but never referenced
..\Source\User\RecognizeCode.c(598): warning:  #177-D: variable "yPos" was declared but never referenced
..\Source\User\RecognizeCode.c(598): warning:  #177-D: variable "xPos" was declared but never referenced
..\Source\User\RecognizeCode.c(598): warning:  #177-D: variable "temp" was declared but never referenced
Target not created
Build target 'Target 1'
compiling RecognizeCode.c...
..\Source\User\RecognizeCode.c(16): error:  #77-D: this declaration has no storage class or type specifier
..\Source\User\RecognizeCode.c(17): error:  #77-D: this declaration has no storage class or type specifier
..\Source\User\RecognizeCode.c(17): error:  #20: identifier "point" is undefined
..\Source\User\RecognizeCode.c(18): error:  #77-D: this declaration has no storage class or type specifier
..\Source\User\RecognizeCode.c(18): error:  #59: function call is not allowed in a constant expression
..\Source\User\RecognizeCode.c(18): error:  #20: identifier "x" is undefined
..\Source\User\RecognizeCode.c(18): error:  #28: expression must have a constant value
..\Source\User\RecognizeCode.c(19): error:  #77-D: this declaration has no storage class or type specifier
..\Source\User\RecognizeCode.c(19): error:  #59: function call is not allowed in a constant expression
..\Source\User\RecognizeCode.c(19): error:  #28: expression must have a constant value
..\Source\User\RecognizeCode.c(20): error:  #77-D: this declaration has no storage class or type specifier
..\Source\User\RecognizeCode.c(20): error:  #59: function call is not allowed in a constant expression
..\Source\User\RecognizeCode.c(20): error:  #20: identifier "y" is undefined
..\Source\User\RecognizeCode.c(20): error:  #28: expression must have a constant value
..\Source\User\RecognizeCode.c(21): error:  #77-D: this declaration has no storage class or type specifier
..\Source\User\RecognizeCode.c(21): error:  #59: function call is not allowed in a constant expression
..\Source\User\RecognizeCode.c(21): error:  #28: expression must have a constant value
..\Source\User\RecognizeCode.c(22): error:  #77-D: this declaration has no storage class or type specifier
..\Source\User\RecognizeCode.c(22): error:  #28: expression must have a constant value
..\Source\User\RecognizeCode.c(22): error:  #28: expression must have a constant value
..\Source\User\RecognizeCode.c(23): error:  #77-D: this declaration has no storage class or type specifier
[...]
..\Source\User\RecognizeCode.c(488): warning:  #177-D: variable "dis" was declared but never referenced
..\Source\User\RecognizeCode.c(615): warning:  #550-D: variable "dis" was set but never used
linking...
Program Size: Code=13244 RO-data=8264 RW-data=80 ZI-data=2168  
FromELF: creating hex file...
".\Obj\test.axf" - 0 Error(s), 7 Warning(s).
"D:\Program Files (x86)\keil4\AStyle\bin\AStyle.exe" -p ..\Source\User\RecognizeCode.c
格式化  ..\Source\User\RecognizeCode.c
Build target 'Target 1'
compiling RecognizeCode.c...
..\Source\User\RecognizeCode.c(25): warning:  #223-D: function "getDelta" declared implicitly
..\Source\User\RecognizeCode.c(42): warning:  #940-D: missing return statement at end of non-void function "getTemp"
..\Source\User\RecognizeCode.c(112): warning:  #940-D: missing return statement at end of non-void function "getDis"
..\Source\User\RecognizeCode.c(122): warning:  #177-D: variable "xPos" was declared but never referenced
..\Source\User\RecognizeCode.c(343): warning:  #174-D: expression has no effect
..\Source\User\RecognizeCode.c(490): warning:  #177-D: variable "dis" was declared but never referenced
..\Source\User\RecognizeCode.c(616): warning:  #550-D: variable "dis" was set but never used
linking...
Program Size: Code=13244 RO-data=8264 RW-data=80 ZI-data=2168  
FromELF: creating hex file...
".\Obj\test.axf" - 0 Error(s), 7 Warning(s).
Build target 'Target 1'
compiling recognize.c...
..\Source\User\recognize.c(161): warning:  #940-D: missing return statement at end of non-void function "delayms"
..\Source\User\recognize.c(215): error:  #20: identifier "resultNum" is undefined
..\Source\User\recognize.c(213): warning:  #177-D: variable "resultChar" was declared but never referenced
..\Source\User\recognize.c(335): warning:  #174-D: expression has no effect
..\Source\User\recognize.c(304): warning:  #177-D: variable "time" was declared but never referenced
..\Source\User\recognize.c(304): warning:  #177-D: variable "b" was declared but never referenced
..\Source\User\recognize.c(304): warning:  #177-D: variable "resultNum" was declared but never referenced
..\Source\User\recognize.c(304): warning:  #177-D: variable "delayCount" was declared but never referenced
..\Source\User\recognize.c(305): warning:  #177-D: variable "resultChar" was declared but never referenced
compiling RecognizeCode.c...
..\Source\User\RecognizeCode.c(25): warning:  #223-D: function "getDelta" declared implicitly
..\Source\User\RecognizeCode.c(42): warning:  #940-D: missing return statement at end of non-void function "getTemp"
..\Source\User\RecognizeCode.c(112): warning:  #940-D: missing return statement at end of non-void function "getDis"
..\Source\User\RecognizeCode.c(122): warning:  #177-D: variable "xPos" was declared but never referenced
..\Source\User\RecognizeCode.c(343): warning:  #174-D: expression has no effect
..\Source\User\RecognizeCode.c(484): warning:  #177-D: variable "dis" was declared but never referenced
..\Source\User\RecognizeCode.c(610): warning:  #550-D: variable "dis" was set but never used
Target not created
Build target 'Target 1'
compiling recognize.c...
..\Source\User\recognize.c(161): warning:  #940-D: missing return statement at end of non-void function "delayms"
..\Source\User\recognize.c(215): error:  #20: identifier "resultNum" is undefined
..\Source\User\recognize.c(213): warning:  #177-D: variable "resultChar" was declared but never referenced
..\Source\User\recognize.c(335): warning:  #174-D: expression has no effect
..\Source\User\recognize.c(304): warning:  #177-D: variable "time" was declared but never referenced
..\Source\User\recognize.c(304): warning:  #177-D: variable "b" was declared but never referenced
..\Source\User\recognize.c(304): warning:  #177-D: variable "resultNum" was declared but never referenced
..\Source\User\recognize.c(304): warning:  #177-D: variable "delayCount" was declared but never referenced
..\Source\User\recognize.c(305): warning:  #177-D: variable "resultChar" was declared but never referenced
Target not created
Build target 'Target 1'
compiling recognize.c...
..\Source\User\recognize.c(161): warning:  #940-D: missing return statement at end of non-void function "delayms"
..\Source\User\recognize.c(213): warning:  #177-D: variable "resultChar" was declared but never referenced
..\Source\User\recognize.c(335): warning:  #174-D: expression has no effect
..\Source\User\recognize.c(304): warning:  #177-D: variable "time" was declared but never referenced
..\Source\User\recognize.c(304): warning:  #177-D: variable "b" was declared but never referenced
..\Source\User\recognize.c(304): warning:  #177-D: variable "resultNum" was declared but never referenced
..\Source\User\recognize.c(304): warning:  #177-D: variable "delayCount" was declared but never referenced
..\Source\User\recognize.c(305): warning:  #177-D: variable "resultChar" was declared but never referenced
linking...
Program Size: Code=12308 RO-data=8264 RW-data=80 ZI-data=2168  
FromELF: creating hex file...
".\Obj\test.axf" - 0 Error(s), 8 Warning(s).
Build target 'Target 1'
compiling recognize.c...
..\Source\User\recognize.c(161): warning:  #940-D: missing return statement at end of non-void function "delayms"
..\Source\User\recognize.c(213): warning:  #177-D: variable "resultChar" was declared but never referenced
..\Source\User\recognize.c(335): warning:  #174-D: expression has no effect
..\Source\User\recognize.c(304): warning:  #177-D: variable "time" was declared but never referenced
..\Source\User\recognize.c(304): warning:  #177-D: variable "b" was declared but never referenced
..\Source\User\recognize.c(304): warning:  #177-D: variable "resultNum" was declared but never referenced
..\Source\User\recognize.c(304): warning:  #177-D: variable "delayCount" was declared but never referenced
..\Source\User\recognize.c(305): warning:  #177-D: variable "resultChar" was declared but never referenced
linking...
Program Size: Code=12308 RO-data=8264 RW-data=80 ZI-data=2168  
FromELF: creating hex file...
".\Obj\test.axf" - 0 Error(s), 8 Warning(s).
Build target 'Target 1'
compiling recognize.c...
..\Source\User\recognize.c(161): warning:  #940-D: missing return statement at end of non-void function "delayms"
..\Source\User\recognize.c(213): warning:  #177-D: variable "resultChar" was declared but never referenced
..\Source\User\recognize.c(335): warning:  #174-D: expression has no effect
..\Source\User\recognize.c(304): warning:  #177-D: variable "time" was declared but never referenced
..\Source\User\recognize.c(304): warning:  #177-D: variable "b" was declared but never referenced
..\Source\User\recognize.c(304): warning:  #177-D: variable "resultNum" was declared but never referenced
..\Source\User\recognize.c(304): warning:  #177-D: variable "delayCount" was declared but never referenced
..\Source\User\recognize.c(305): warning:  #177-D: variable "resultChar" was declared but never referenced
compiling RecognizeCode.c...
..\Source\User\RecognizeCode.c(25): warning:  #223-D: function "getDelta" declared implicitly
..\Source\User\RecognizeCode.c(42): warning:  #940-D: missing return statement at end of non-void function "getTemp"
..\Source\User\RecognizeCode.c(110): warning:  #940-D: missing return statement at end of non-void function "getDis"
..\Source\User\RecognizeCode.c(120): warning:  #177-D: variable "xPos" was declared but never referenced
..\Source\User\RecognizeCode.c(341): warning:  #174-D: expression has no effect
..\Source\User\RecognizeCode.c(482): warning:  #177-D: variable "dis" was declared but never referenced
..\Source\User\RecognizeCode.c(608): warning:  #550-D: variable "dis" was set but never used
linking...
Program Size: Code=12124 RO-data=8264 RW-data=80 ZI-data=2168  
FromELF: creating hex file...
".\Obj\test.axf" - 0 Error(s), 15 Warning(s).
Build target 'Target 1'
compiling RecognizeCode.c...
..\Source\User\RecognizeCode.c(25): warning:  #223-D: function "getDelta" declared implicitly
..\Source\User\RecognizeCode.c(42): warning:  #940-D: missing return statement at end of non-void function "getTemp"
..\Source\User\RecognizeCode.c(110): warning:  #940-D: missing return statement at end of non-void function "getDis"
..\Source\User\RecognizeCode.c(120): warning:  #177-D: variable "xPos" was declared but never referenced
..\Source\User\RecognizeCode.c(344): warning:  #174-D: expression has no effect
..\Source\User\RecognizeCode.c(485): warning:  #177-D: variable "dis" was declared but never referenced
..\Source\User\RecognizeCode.c(611): warning:  #550-D: variable "dis" was set but never used
linking...
Program Size: Code=12136 RO-data=8264 RW-data=80 ZI-data=2168  
FromELF: creating hex file...
".\Obj\test.axf" - 0 Error(s), 7 Warning(s).
Build target 'Target 1'
compiling recognize.c...
..\Source\User\recognize.c(161): warning:  #940-D: missing return statement at end of non-void function "delayms"
..\Source\User\recognize.c(213): warning:  #177-D: variable "resultChar" was declared but never referenced
..\Source\User\recognize.c(335): warning:  #174-D: expression has no effect
..\Source\User\recognize.c(304): warning:  #177-D: variable "time" was declared but never referenced
..\Source\User\recognize.c(304): warning:  #177-D: variable "b" was declared but never referenced
..\Source\User\recognize.c(304): warning:  #177-D: variable "resultNum" was declared but never referenced
..\Source\User\recognize.c(304): warning:  #177-D: variable "delayCount" was declared but never referenced
..\Source\User\recognize.c(305): warning:  #177-D: variable "resultChar" was declared but never referenced
linking...
Program Size: Code=12320 RO-data=8264 RW-data=80 ZI-data=2168  
FromELF: creating hex file...
".\Obj\test.axf" - 0 Error(s), 8 Warning(s).
"D:\Program Files (x86)\keil4\AStyle\bin\AStyle.exe" -p ..\Source\User\RecognizeCode.c
格式化  ..\Source\User\RecognizeCode.c
Build target 'Target 1'
compiling Lcd.c...
compiling RecognizeCode.c...
..\Source\User\RecognizeCode.c(25): warning:  #223-D: function "getDelta" declared implicitly
..\Source\User\RecognizeCode.c(42): warning:  #940-D: missing return statement at end of non-void function "getTemp"
..\Source\User\RecognizeCode.c(110): warning:  #940-D: missing return statement at end of non-void function "getDis"
..\Source\User\RecognizeCode.c(120): warning:  #177-D: variable "xPos" was declared but never referenced
..\Source\User\RecognizeCode.c(346): warning:  #174-D: expression has no effect
..\Source\User\RecognizeCode.c(489): warning:  #177-D: variable "dis" was declared but never referenced
..\Source\User\RecognizeCode.c(615): warning:  #550-D: variable "dis" was set but never used
linking...
Program Size: Code=12320 RO-data=8264 RW-data=80 ZI-data=2168  
FromELF: creating hex file...
".\Obj\test.axf" - 0 Error(s), 7 Warning(s).
Build target 'Target 1'
compiling recognize.c...
..\Source\User\recognize.c(161): warning:  #940-D: missing return statement at end of non-void function "delayms"
..\Source\User\recognize.c(213): warning:  #177-D: variable "resultChar" was declared but never referenced
..\Source\User\recognize.c(335): warning:  #174-D: expression has no effect
..\Source\User\recognize.c(304): warning:  #177-D: variable "time" was declared but never referenced
..\Source\User\recognize.c(304): warning:  #177-D: variable "b" was declared but never referenced
..\Source\User\recognize.c(304): warning:  #177-D: variable "resultNum" was declared but never referenced
..\Source\User\recognize.c(304): warning:  #177-D: variable "delayCount" was declared but never referenced
..\Source\User\recognize.c(305): warning:  #177-D: variable "resultChar" was declared but never referenced
linking...
Program Size: Code=12320 RO-data=8264 RW-data=80 ZI-data=2168  
FromELF: creating hex file...
".\Obj\test.axf" - 0 Error(s), 8 Warning(s).
Build target 'Target 1'
compiling RecognizeCode.c...
..\Source\User\RecognizeCode.c(25): warning:  #223-D: function "getDelta" declared implicitly
..\Source\User\RecognizeCode.c(42): warning:  #940-D: missing return statement at end of non-void function "getTemp"
..\Source\User\RecognizeCode.c(110): warning:  #940-D: missing return statement at end of non-void function "getDis"
..\Source\User\RecognizeCode.c(120): warning:  #177-D: variable "xPos" was declared but never referenced
..\Source\User\RecognizeCode.c(348): warning:  #174-D: expression has no effect
..\Source\User\RecognizeCode.c(491): warning:  #177-D: variable "dis" was declared but never referenced
..\Source\User\RecognizeCode.c(617): warning:  #550-D: variable "dis" was set but never used
linking...
Program Size: Code=12332 RO-data=8264 RW-data=80 ZI-data=2168  
FromELF: creating hex file...
".\Obj\test.axf" - 0 Error(s), 7 Warning(s).
Build target 'Target 1'
compiling RecognizeCode.c...
..\Source\User\RecognizeCode.c(25): warning:  #223-D: function "getDelta" declared implicitly
..\Source\User\RecognizeCode.c(42): warning:  #940-D: missing return statement at end of non-void function "getTemp"
..\Source\User\RecognizeCode.c(110): warning:  #940-D: missing return statement at end of non-void function "getDis"
..\Source\User\RecognizeCode.c(257): error:  #25: quoted string should contain at least one character
..\Source\User\RecognizeCode.c(120): warning:  #177-D: variable "xPos" was declared but never referenced
..\Source\User\RecognizeCode.c(348): warning:  #174-D: expression has no effect
..\Source\User\RecognizeCode.c(491): warning:  #177-D: variable "dis" was declared but never referenced
..\Source\User\RecognizeCode.c(617): warning:  #550-D: variable "dis" was set but never used
Target not created
Build target 'Target 1'
compiling RecognizeCode.c...
..\Source\User\RecognizeCode.c(25): warning:  #223-D: function "getDelta" declared implicitly
..\Source\User\RecognizeCode.c(42): warning:  #940-D: missing return statement at end of non-void function "getTemp"
..\Source\User\RecognizeCode.c(110): warning:  #940-D: missing return statement at end of non-void function "getDis"
..\Source\User\RecognizeCode.c(257): warning:  #117-D: non-void function "getNum" should return a value
..\Source\User\RecognizeCode.c(120): warning:  #177-D: variable "xPos" was declared but never referenced
..\Source\User\RecognizeCode.c(348): warning:  #174-D: expression has no effect
..\Source\User\RecognizeCode.c(491): warning:  #177-D: variable "dis" was declared but never referenced
..\Source\User\RecognizeCode.c(617): warning:  #550-D: variable "dis" was set but never used
linking...
Program Size: Code=12332 RO-data=8264 RW-data=80 ZI-data=2168  
FromELF: creating hex file...
".\Obj\test.axf" - 0 Error(s), 8 Warning(s).
Build target 'Target 1'
compiling RecognizeCode.c...
..\Source\User\RecognizeCode.c(25): warning:  #223-D: function "getDelta" declared implicitly
..\Source\User\RecognizeCode.c(42): warning:  #940-D: missing return statement at end of non-void function "getTemp"
..\Source\User\RecognizeCode.c(110): warning:  #940-D: missing return statement at end of non-void function "getDis"
..\Source\User\RecognizeCode.c(262): warning:  #117-D: non-void function "getNum" should return a value
..\Source\User\RecognizeCode.c(120): warning:  #177-D: variable "xPos" was declared but never referenced
..\Source\User\RecognizeCode.c(353): warning:  #174-D: expression has no effect
..\Source\User\RecognizeCode.c(496): warning:  #177-D: variable "dis" was declared but never referenced
..\Source\User\RecognizeCode.c(622): warning:  #550-D: variable "dis" was set but never used
linking...
Program Size: Code=12384 RO-data=8264 RW-data=80 ZI-data=2168  
FromELF: creating hex file...
".\Obj\test.axf" - 0 Error(s), 8 Warning(s).
Build target 'Target 1'
compiling RecognizeCode.c...
..\Source\User\RecognizeCode.c(25): warning:  #223-D: function "getDelta" declared implicitly
..\Source\User\RecognizeCode.c(42): warning:  #940-D: missing return statement at end of non-void function "getTemp"
..\Source\User\RecognizeCode.c(110): warning:  #940-D: missing return statement at end of non-void function "getDis"
..\Source\User\RecognizeCode.c(262): warning:  #117-D: non-void function "getNum" should return a value
..\Source\User\RecognizeCode.c(120): warning:  #177-D: variable "xPos" was declared but never referenced
..\Source\User\RecognizeCode.c(353): warning:  #174-D: expression has no effect
..\Source\User\RecognizeCode.c(496): warning:  #177-D: variable "dis" was declared but never referenced
..\Source\User\RecognizeCode.c(622): warning:  #550-D: variable "dis" was set but never used
linking...
Program Size: Code=12384 RO-data=8264 RW-data=80 ZI-data=2168  
FromELF: creating hex file...
".\Obj\test.axf" - 0 Error(s), 8 Warning(s).
Build target 'Target 1'
compiling RecognizeCode.c...
..\Source\User\RecognizeCode.c(25): warning:  #223-D: function "getDelta" declared implicitly
..\Source\User\RecognizeCode.c(42): warning:  #940-D: missing return statement at end of non-void function "getTemp"
..\Source\User\RecognizeCode.c(110): warning:  #940-D: missing return statement at end of non-void function "getDis"
..\Source\User\RecognizeCode.c(161): warning:  #111-D: statement is unreachable
..\Source\User\RecognizeCode.c(267): warning:  #117-D: non-void function "getNum" should return a value
..\Source\User\RecognizeCode.c(120): warning:  #177-D: variable "xPos" was declared but never referenced
..\Source\User\RecognizeCode.c(358): warning:  #174-D: expression has no effect
..\Source\User\RecognizeCode.c(501): warning:  #177-D: variable "dis" was declared but never referenced
..\Source\User\RecognizeCode.c(627): warning:  #550-D: variable "dis" was set but never used
linking...
Program Size: Code=12408 RO-data=8264 RW-data=80 ZI-data=2168  
FromELF: creating hex file...
".\Obj\test.axf" - 0 Error(s), 9 Warning(s).
"D:\Program Files (x86)\keil4\AStyle\bin\AStyle.exe" -p ..\Source\User\RecognizeCode.c
格式化  ..\Source\User\RecognizeCode.c
Build target 'Target 1'
compiling RecognizeCode.c...
..\Source\User\RecognizeCode.c(25): warning:  #223-D: function "getDelta" declared implicitly
..\Source\User\RecognizeCode.c(42): warning:  #940-D: missing return statement at end of non-void function "getTemp"
..\Source\User\RecognizeCode.c(110): warning:  #940-D: missing return statement at end of non-void function "getDis"
..\Source\User\RecognizeCode.c(271): warning:  #117-D: non-void function "getNum" should return a value
..\Source\User\RecognizeCode.c(120): warning:  #177-D: variable "xPos" was declared but never referenced
..\Source\User\RecognizeCode.c(362): warning:  #174-D: expression has no effect
..\Source\User\RecognizeCode.c(505): warning:  #177-D: variable "dis" was declared but never referenced
..\Source\User\RecognizeCode.c(631): warning:  #550-D: variable "dis" was set but never used
linking...
Program Size: Code=12416 RO-data=8264 RW-data=80 ZI-data=2168  
FromELF: creating hex file...
".\Obj\test.axf" - 0 Error(s), 8 Warning(s).
"D:\Program Files (x86)\keil4\AStyle\bin\AStyle.exe" -p ..\Source\User\RecognizeCode.c
格式化  ..\Source\User\RecognizeCode.c
Build target 'Target 1'
compiling RecognizeCode.c...
..\Source\User\RecognizeCode.c(25): warning:  #223-D: function "getDelta" declared implicitly
..\Source\User\RecognizeCode.c(42): warning:  #940-D: missing return statement at end of non-void function "getTemp"
..\Source\User\RecognizeCode.c(110): warning:  #940-D: missing return statement at end of non-void function "getDis"
..\Source\User\RecognizeCode.c(276): warning:  #117-D: non-void function "getNum" should return a value
..\Source\User\RecognizeCode.c(367): warning:  #174-D: expression has no effect
..\Source\User\RecognizeCode.c(510): warning:  #177-D: variable "dis" was declared but never referenced
..\Source\User\RecognizeCode.c(636): warning:  #550-D: variable "dis" was set but never used
linking...
Program Size: Code=12460 RO-data=8264 RW-data=80 ZI-data=2168  
FromELF: creating hex file...
".\Obj\test.axf" - 0 Error(s), 7 Warning(s).
